<html>
<body>
<pre>
<h1>µVision Build Log</h1>
<h2>Tool Versions:</h2>
IDE-Version: £gVision V5.36.0.0
Copyright (C) 2021 ARM Ltd and ARM Germany GmbH. All rights reserved.
License Information: Jerry Lee, SolidSystem, LIC=65ISZ-JAIHP-QDIKD-894XX-42UWJ-WEL6E
 
Tool Versions:
Toolchain:       MDK-ARM Plus  Version: 5.36.0.0
Toolchain Path:  C:\Keil_v5\ARM\ARMCC\Bin
C Compiler:      Armcc.exe V5.06 update 7 (build 960)
Assembler:       Armasm.exe V5.06 update 7 (build 960)
Linker/Locator:  ArmLink.exe V5.06 update 7 (build 960)
Library Manager: ArmAr.exe V5.06 update 7 (build 960)
Hex Converter:   FromElf.exe V5.06 update 7 (build 960)
CPU DLL:         SARMCM3.DLL V5.36.0.0
Dialog DLL:      DCM.DLL V1.17.3.0
Target DLL:      STLink\ST-LINKIII-KEIL_SWO.dll V3.0.9.0
Dialog DLL:      TCM.DLL V1.53.0.0
 
<h2>Project:</h2>
C:\1_Jerry\Levetop\1_DemoBoard\LT768x\103+768 _V1.3_800_480_mini_ctp\LT768_DEMO.uvprojx
Project File Date:  12/26/2023

<h2>Output:</h2>
*** Using Compiler 'V5.06 update 7 (build 960)', folder: 'C:\Keil_v5\ARM\ARMCC\Bin'
Build target 'SMT32F103RCT6_LT768_App'
compiling if_port.c...
compiling rpio.c...
compiling gt911.c...
HARDWARE\GT911\gt911.c(487): warning:  #177-D: variable "i"  was declared but never referenced
  	u8 i = 0;
HARDWARE\GT911\gt911.c(488): warning:  #177-D: variable "lineWidth"  was declared but never referenced
  	u8 lineWidth=1;
HARDWARE\GT911\gt911.c(637): warning:  #1-D: last line of file ends without a newline
  }
HARDWARE\GT911\gt911.c: 3 warnings, 0 errors
compiling main.c...
compiling rtp.c...
compiling LT768_Lib.c...
compiling LT768.c...
compiling LT768_Demo.c...
HARDWARE\LT768_Demo\LT768_Demo.c(31): warning:  #111-D: statement is unreachable
  	return 1;
HARDWARE\LT768_Demo\LT768_Demo.c(2054): warning:  #177-D: variable "key"  was declared but never referenced
  	u8 key = 0;
HARDWARE\LT768_Demo\LT768_Demo.c(2830): warning:  #177-D: variable "key1"  was declared but never referenced
  	u8 key1 = 0, key2 = 0;
HARDWARE\LT768_Demo\LT768_Demo.c(2830): warning:  #177-D: variable "key2"  was declared but never referenced
  	u8 key1 = 0, key2 = 0;
HARDWARE\LT768_Demo\LT768_Demo.c(3208): warning:  #177-D: variable "pressed_sampling"  was declared but never referenced
  	u16 pressed_sampling = 0, release_sampling = 0;
HARDWARE\LT768_Demo\LT768_Demo.c(3208): warning:  #177-D: variable "release_sampling"  was declared but never referenced
  	u16 pressed_sampling = 0, release_sampling = 0;
HARDWARE\LT768_Demo\LT768_Demo.c: 6 warnings, 0 errors
linking...
Program Size: Code=52820 RO-data=2004 RW-data=396 ZI-data=8796  
FromELF: creating hex file...
After Build - User command #1: fromelf.exe --bin -o ./Output/bin/SMT32F103RCT6_LT768_App.bin  ./Output/OBJ/SMT32F103RCT6_LT768_App.axf
".\Output\OBJ\SMT32F103RCT6_LT768_App.axf" - 0 Error(s), 9 Warning(s).

<h2>Software Packages used:</h2>

Package Vendor: ARM
                http://www.keil.com/pack/ARM.CMSIS.5.8.0.pack
                ARM.CMSIS.5.8.0
                CMSIS (Common Microcontroller Software Interface Standard)
   * Component: CORE Version: 5.5.0

Package Vendor: Keil
                http://www.keil.com/pack/Keil.STM32F1xx_DFP.2.4.0.pack
                Keil.STM32F1xx_DFP.2.4.0
                STMicroelectronics STM32F1 Series Device Support, Drivers and Examples

<h2>Collection of Component include folders:</h2>
  .\RTE\_SMT32F103RCT6_LT768_App
  C:\Users\ASUS\AppData\Local\Arm\Packs\ARM\CMSIS\5.8.0\CMSIS\Core\Include
  C:\Users\ASUS\AppData\Local\Arm\Packs\Keil\STM32F1xx_DFP\2.4.0\Device\Include

<h2>Collection of Component Files used:</h2>

   * Component: ARM::CMSIS:CORE:5.5.0
Build Time Elapsed:  00:00:03
</pre>
</body>
</html>
