<!doctype html public "-//w3c//dtd html 4.0 transitional//en">
<html><head>
<title>Static Call Graph - [.\Output\OBJ\SMT32F103RCT6_LT768_App.axf]</title></head>
<body><HR>
<H1>Static Call Graph for image .\Output\OBJ\SMT32F103RCT6_LT768_App.axf</H1><HR>
<BR><P>#&#060CALLGRAPH&#062# ARM Linker, 5060960: Last Updated: Wed Dec 27 10:29:09 2023
<BR><P>
<H3>Maximum Stack Usage =        560 bytes + Unknown(Cycles, Untraceable Function Pointers)</H3><H3>
Call chain for Maximum Stack Depth:</H3>
main &rArr; Select_Function &rArr; Controller_Demo &rArr; Pointer_Show &rArr; TEST_DoubleTriangle &rArr; sin &rArr; __ieee754_rem_pio2 &rArr; __aeabi_dsub &rArr; __aeabi_dadd &rArr; _double_epilogue &rArr; _double_round
<P>
<H3>
Mutually Recursive functions
</H3> <LI><a href="#[1]">NMI_Handler</a>&nbsp;&nbsp;&nbsp;&rArr;&nbsp;&nbsp;&nbsp;<a href="#[1]">NMI_Handler</a><BR>
 <LI><a href="#[2]">HardFault_Handler</a>&nbsp;&nbsp;&nbsp;&rArr;&nbsp;&nbsp;&nbsp;<a href="#[2]">HardFault_Handler</a><BR>
 <LI><a href="#[3]">MemManage_Handler</a>&nbsp;&nbsp;&nbsp;&rArr;&nbsp;&nbsp;&nbsp;<a href="#[3]">MemManage_Handler</a><BR>
 <LI><a href="#[4]">BusFault_Handler</a>&nbsp;&nbsp;&nbsp;&rArr;&nbsp;&nbsp;&nbsp;<a href="#[4]">BusFault_Handler</a><BR>
 <LI><a href="#[5]">UsageFault_Handler</a>&nbsp;&nbsp;&nbsp;&rArr;&nbsp;&nbsp;&nbsp;<a href="#[5]">UsageFault_Handler</a><BR>
 <LI><a href="#[6]">SVC_Handler</a>&nbsp;&nbsp;&nbsp;&rArr;&nbsp;&nbsp;&nbsp;<a href="#[6]">SVC_Handler</a><BR>
 <LI><a href="#[7]">DebugMon_Handler</a>&nbsp;&nbsp;&nbsp;&rArr;&nbsp;&nbsp;&nbsp;<a href="#[7]">DebugMon_Handler</a><BR>
 <LI><a href="#[8]">PendSV_Handler</a>&nbsp;&nbsp;&nbsp;&rArr;&nbsp;&nbsp;&nbsp;<a href="#[8]">PendSV_Handler</a><BR>
 <LI><a href="#[9]">SysTick_Handler</a>&nbsp;&nbsp;&nbsp;&rArr;&nbsp;&nbsp;&nbsp;<a href="#[9]">SysTick_Handler</a><BR>
 <LI><a href="#[1c]">ADC_IRQHandler</a>&nbsp;&nbsp;&nbsp;&rArr;&nbsp;&nbsp;&nbsp;<a href="#[1c]">ADC_IRQHandler</a><BR>
</UL>
<P>
<H3>
Function Pointers
</H3><UL>
 <LI><a href="#[1c]">ADC_IRQHandler</a> from stm32f10x.o(.text) referenced from stm32f10x.o(RESET)
 <LI><a href="#[4]">BusFault_Handler</a> from stm32f10x.o(.text) referenced from stm32f10x.o(RESET)
 <LI><a href="#[1f]">CAN_RX1_IRQHandler</a> from stm32f10x.o(.text) referenced from stm32f10x.o(RESET)
 <LI><a href="#[20]">CAN_SCE_IRQHandler</a> from stm32f10x.o(.text) referenced from stm32f10x.o(RESET)
 <LI><a href="#[15]">DMAChannel1_IRQHandler</a> from stm32f10x.o(.text) referenced from stm32f10x.o(RESET)
 <LI><a href="#[16]">DMAChannel2_IRQHandler</a> from stm32f10x.o(.text) referenced from stm32f10x.o(RESET)
 <LI><a href="#[17]">DMAChannel3_IRQHandler</a> from stm32f10x.o(.text) referenced from stm32f10x.o(RESET)
 <LI><a href="#[18]">DMAChannel4_IRQHandler</a> from stm32f10x.o(.text) referenced from stm32f10x.o(RESET)
 <LI><a href="#[19]">DMAChannel5_IRQHandler</a> from stm32f10x.o(.text) referenced from stm32f10x.o(RESET)
 <LI><a href="#[1a]">DMAChannel6_IRQHandler</a> from stm32f10x.o(.text) referenced from stm32f10x.o(RESET)
 <LI><a href="#[1b]">DMAChannel7_IRQHandler</a> from stm32f10x.o(.text) referenced from stm32f10x.o(RESET)
 <LI><a href="#[7]">DebugMon_Handler</a> from stm32f10x.o(.text) referenced from stm32f10x.o(RESET)
 <LI><a href="#[10]">EXTI0_IRQHandler</a> from stm32f10x.o(.text) referenced from stm32f10x.o(RESET)
 <LI><a href="#[32]">EXTI15_10_IRQHandler</a> from stm32f10x.o(.text) referenced from stm32f10x.o(RESET)
 <LI><a href="#[11]">EXTI1_IRQHandler</a> from stm32f10x.o(.text) referenced from stm32f10x.o(RESET)
 <LI><a href="#[12]">EXTI2_IRQHandler</a> from stm32f10x.o(.text) referenced from stm32f10x.o(RESET)
 <LI><a href="#[13]">EXTI3_IRQHandler</a> from stm32f10x.o(.text) referenced from stm32f10x.o(RESET)
 <LI><a href="#[14]">EXTI4_IRQHandler</a> from stm32f10x.o(.text) referenced from stm32f10x.o(RESET)
 <LI><a href="#[21]">EXTI9_5_IRQHandler</a> from gt911.o(i.EXTI9_5_IRQHandler) referenced from stm32f10x.o(RESET)
 <LI><a href="#[e]">FLASH_IRQHandler</a> from stm32f10x.o(.text) referenced from stm32f10x.o(RESET)
 <LI><a href="#[2]">HardFault_Handler</a> from stm32f10x.o(.text) referenced from stm32f10x.o(RESET)
 <LI><a href="#[2a]">I2C1_ER_IRQHandler</a> from stm32f10x.o(.text) referenced from stm32f10x.o(RESET)
 <LI><a href="#[29]">I2C1_EV_IRQHandler</a> from stm32f10x.o(.text) referenced from stm32f10x.o(RESET)
 <LI><a href="#[2c]">I2C2_ER_IRQHandler</a> from stm32f10x.o(.text) referenced from stm32f10x.o(RESET)
 <LI><a href="#[2b]">I2C2_EV_IRQHandler</a> from stm32f10x.o(.text) referenced from stm32f10x.o(RESET)
 <LI><a href="#[3]">MemManage_Handler</a> from stm32f10x.o(.text) referenced from stm32f10x.o(RESET)
 <LI><a href="#[1]">NMI_Handler</a> from stm32f10x.o(.text) referenced from stm32f10x.o(RESET)
 <LI><a href="#[b]">PVD_IRQHandler</a> from stm32f10x.o(.text) referenced from stm32f10x.o(RESET)
 <LI><a href="#[8]">PendSV_Handler</a> from stm32f10x.o(.text) referenced from stm32f10x.o(RESET)
 <LI><a href="#[f]">RCC_IRQHandler</a> from stm32f10x.o(.text) referenced from stm32f10x.o(RESET)
 <LI><a href="#[33]">RTCAlarm_IRQHandler</a> from stm32f10x.o(.text) referenced from stm32f10x.o(RESET)
 <LI><a href="#[d]">RTC_IRQHandler</a> from stm32f10x.o(.text) referenced from stm32f10x.o(RESET)
 <LI><a href="#[0]">Reset_Handler</a> from stm32f10x.o(.text) referenced from stm32f10x.o(RESET)
 <LI><a href="#[2d]">SPI1_IRQHandler</a> from stm32f10x.o(.text) referenced from stm32f10x.o(RESET)
 <LI><a href="#[2e]">SPI2_IRQHandler</a> from stm32f10x.o(.text) referenced from stm32f10x.o(RESET)
 <LI><a href="#[6]">SVC_Handler</a> from stm32f10x.o(.text) referenced from stm32f10x.o(RESET)
 <LI><a href="#[9]">SysTick_Handler</a> from stm32f10x.o(.text) referenced from stm32f10x.o(RESET)
 <LI><a href="#[c]">TAMPER_IRQHandler</a> from stm32f10x.o(.text) referenced from stm32f10x.o(RESET)
 <LI><a href="#[22]">TIM1_BRK_IRQHandler</a> from stm32f10x.o(.text) referenced from stm32f10x.o(RESET)
 <LI><a href="#[25]">TIM1_CC_IRQHandler</a> from stm32f10x.o(.text) referenced from stm32f10x.o(RESET)
 <LI><a href="#[24]">TIM1_TRG_COM_IRQHandler</a> from stm32f10x.o(.text) referenced from stm32f10x.o(RESET)
 <LI><a href="#[23]">TIM1_UP_IRQHandler</a> from stm32f10x.o(.text) referenced from stm32f10x.o(RESET)
 <LI><a href="#[26]">TIM2_IRQHandler</a> from stm32f10x.o(.text) referenced from stm32f10x.o(RESET)
 <LI><a href="#[27]">TIM3_IRQHandler</a> from stm32f10x.o(.text) referenced from stm32f10x.o(RESET)
 <LI><a href="#[28]">TIM4_IRQHandler</a> from stm32f10x.o(.text) referenced from stm32f10x.o(RESET)
 <LI><a href="#[2f]">USART1_IRQHandler</a> from stm32f10x.o(.text) referenced from stm32f10x.o(RESET)
 <LI><a href="#[30]">USART2_IRQHandler</a> from stm32f10x.o(.text) referenced from stm32f10x.o(RESET)
 <LI><a href="#[31]">USART3_IRQHandler</a> from stm32f10x.o(.text) referenced from stm32f10x.o(RESET)
 <LI><a href="#[34]">USBWakeUp_IRQHandler</a> from stm32f10x.o(.text) referenced from stm32f10x.o(RESET)
 <LI><a href="#[1d]">USB_HP_CAN_TX_IRQHandler</a> from stm32f10x.o(.text) referenced from stm32f10x.o(RESET)
 <LI><a href="#[1e]">USB_LP_CAN_RX0_IRQHandler</a> from stm32f10x.o(.text) referenced from stm32f10x.o(RESET)
 <LI><a href="#[5]">UsageFault_Handler</a> from stm32f10x.o(.text) referenced from stm32f10x.o(RESET)
 <LI><a href="#[a]">WWDG_IRQHandler</a> from stm32f10x.o(.text) referenced from stm32f10x.o(RESET)
 <LI><a href="#[36]">__main</a> from entry.o(.ARM.Collect$$$$00000000) referenced from stm32f10x.o(.text)
 <LI><a href="#[38]">_sputc</a> from printf8.o(i._sputc) referenced from printf8.o(i.__0sprintf$8)
 <LI><a href="#[37]">fputc</a> from usart.o(i.fputc) referenced from printf8.o(i.__0printf$8)
 <LI><a href="#[35]">main</a> from main.o(i.main) referenced from entry9a.o(.ARM.Collect$$$$0000000B)
</UL>
<P>
<H3>
Global Symbols
</H3>
<P><STRONG><a name="[36]"></a>__main</STRONG> (Thumb, 0 bytes, Stack size unknown bytes, entry.o(.ARM.Collect$$$$00000000))
<BR>[Address Reference Count : 1]<UL><LI> stm32f10x.o(.text)
</UL>
<P><STRONG><a name="[1bf]"></a>_main_stk</STRONG> (Thumb, 0 bytes, Stack size unknown bytes, entry2.o(.ARM.Collect$$$$00000001))

<P><STRONG><a name="[39]"></a>_main_scatterload</STRONG> (Thumb, 0 bytes, Stack size unknown bytes, entry5.o(.ARM.Collect$$$$00000004))
<BR><BR>[Calls]<UL><LI><a href="#[3a]">&gt;&gt;</a>&nbsp;&nbsp;&nbsp;__scatterload
</UL>

<P><STRONG><a name="[50]"></a>__main_after_scatterload</STRONG> (Thumb, 0 bytes, Stack size unknown bytes, entry5.o(.ARM.Collect$$$$00000004))
<BR><BR>[Called By]<UL><LI><a href="#[3a]">&gt;&gt;</a>&nbsp;&nbsp;&nbsp;__scatterload
</UL>

<P><STRONG><a name="[1c0]"></a>_main_clock</STRONG> (Thumb, 0 bytes, Stack size unknown bytes, entry7b.o(.ARM.Collect$$$$00000008))

<P><STRONG><a name="[1c1]"></a>_main_cpp_init</STRONG> (Thumb, 0 bytes, Stack size unknown bytes, entry8b.o(.ARM.Collect$$$$0000000A))

<P><STRONG><a name="[1c2]"></a>_main_init</STRONG> (Thumb, 0 bytes, Stack size unknown bytes, entry9a.o(.ARM.Collect$$$$0000000B))

<P><STRONG><a name="[1c3]"></a>__rt_lib_shutdown_fini</STRONG> (Thumb, 0 bytes, Stack size unknown bytes, entry12b.o(.ARM.Collect$$$$0000000E))

<P><STRONG><a name="[1c4]"></a>__rt_final_cpp</STRONG> (Thumb, 0 bytes, Stack size unknown bytes, entry10a.o(.ARM.Collect$$$$0000000F))

<P><STRONG><a name="[1c5]"></a>__rt_final_exit</STRONG> (Thumb, 0 bytes, Stack size unknown bytes, entry11a.o(.ARM.Collect$$$$00000011))

<P><STRONG><a name="[0]"></a>Reset_Handler</STRONG> (Thumb, 4 bytes, Stack size 0 bytes, stm32f10x.o(.text))
<BR>[Address Reference Count : 1]<UL><LI> stm32f10x.o(RESET)
</UL>
<P><STRONG><a name="[1]"></a>NMI_Handler</STRONG> (Thumb, 2 bytes, Stack size 0 bytes, stm32f10x.o(.text))
<BR><BR>[Calls]<UL><LI><a href="#[1]">&gt;&gt;</a>&nbsp;&nbsp;&nbsp;NMI_Handler
</UL>
<BR>[Called By]<UL><LI><a href="#[1]">&gt;&gt;</a>&nbsp;&nbsp;&nbsp;NMI_Handler
</UL>
<BR>[Address Reference Count : 1]<UL><LI> stm32f10x.o(RESET)
</UL>
<P><STRONG><a name="[2]"></a>HardFault_Handler</STRONG> (Thumb, 2 bytes, Stack size 0 bytes, stm32f10x.o(.text))
<BR><BR>[Calls]<UL><LI><a href="#[2]">&gt;&gt;</a>&nbsp;&nbsp;&nbsp;HardFault_Handler
</UL>
<BR>[Called By]<UL><LI><a href="#[2]">&gt;&gt;</a>&nbsp;&nbsp;&nbsp;HardFault_Handler
</UL>
<BR>[Address Reference Count : 1]<UL><LI> stm32f10x.o(RESET)
</UL>
<P><STRONG><a name="[3]"></a>MemManage_Handler</STRONG> (Thumb, 2 bytes, Stack size 0 bytes, stm32f10x.o(.text))
<BR><BR>[Calls]<UL><LI><a href="#[3]">&gt;&gt;</a>&nbsp;&nbsp;&nbsp;MemManage_Handler
</UL>
<BR>[Called By]<UL><LI><a href="#[3]">&gt;&gt;</a>&nbsp;&nbsp;&nbsp;MemManage_Handler
</UL>
<BR>[Address Reference Count : 1]<UL><LI> stm32f10x.o(RESET)
</UL>
<P><STRONG><a name="[4]"></a>BusFault_Handler</STRONG> (Thumb, 2 bytes, Stack size 0 bytes, stm32f10x.o(.text))
<BR><BR>[Calls]<UL><LI><a href="#[4]">&gt;&gt;</a>&nbsp;&nbsp;&nbsp;BusFault_Handler
</UL>
<BR>[Called By]<UL><LI><a href="#[4]">&gt;&gt;</a>&nbsp;&nbsp;&nbsp;BusFault_Handler
</UL>
<BR>[Address Reference Count : 1]<UL><LI> stm32f10x.o(RESET)
</UL>
<P><STRONG><a name="[5]"></a>UsageFault_Handler</STRONG> (Thumb, 2 bytes, Stack size 0 bytes, stm32f10x.o(.text))
<BR><BR>[Calls]<UL><LI><a href="#[5]">&gt;&gt;</a>&nbsp;&nbsp;&nbsp;UsageFault_Handler
</UL>
<BR>[Called By]<UL><LI><a href="#[5]">&gt;&gt;</a>&nbsp;&nbsp;&nbsp;UsageFault_Handler
</UL>
<BR>[Address Reference Count : 1]<UL><LI> stm32f10x.o(RESET)
</UL>
<P><STRONG><a name="[6]"></a>SVC_Handler</STRONG> (Thumb, 2 bytes, Stack size 0 bytes, stm32f10x.o(.text))
<BR><BR>[Calls]<UL><LI><a href="#[6]">&gt;&gt;</a>&nbsp;&nbsp;&nbsp;SVC_Handler
</UL>
<BR>[Called By]<UL><LI><a href="#[6]">&gt;&gt;</a>&nbsp;&nbsp;&nbsp;SVC_Handler
</UL>
<BR>[Address Reference Count : 1]<UL><LI> stm32f10x.o(RESET)
</UL>
<P><STRONG><a name="[7]"></a>DebugMon_Handler</STRONG> (Thumb, 2 bytes, Stack size 0 bytes, stm32f10x.o(.text))
<BR><BR>[Calls]<UL><LI><a href="#[7]">&gt;&gt;</a>&nbsp;&nbsp;&nbsp;DebugMon_Handler
</UL>
<BR>[Called By]<UL><LI><a href="#[7]">&gt;&gt;</a>&nbsp;&nbsp;&nbsp;DebugMon_Handler
</UL>
<BR>[Address Reference Count : 1]<UL><LI> stm32f10x.o(RESET)
</UL>
<P><STRONG><a name="[8]"></a>PendSV_Handler</STRONG> (Thumb, 2 bytes, Stack size 0 bytes, stm32f10x.o(.text))
<BR><BR>[Calls]<UL><LI><a href="#[8]">&gt;&gt;</a>&nbsp;&nbsp;&nbsp;PendSV_Handler
</UL>
<BR>[Called By]<UL><LI><a href="#[8]">&gt;&gt;</a>&nbsp;&nbsp;&nbsp;PendSV_Handler
</UL>
<BR>[Address Reference Count : 1]<UL><LI> stm32f10x.o(RESET)
</UL>
<P><STRONG><a name="[9]"></a>SysTick_Handler</STRONG> (Thumb, 2 bytes, Stack size 0 bytes, stm32f10x.o(.text))
<BR><BR>[Calls]<UL><LI><a href="#[9]">&gt;&gt;</a>&nbsp;&nbsp;&nbsp;SysTick_Handler
</UL>
<BR>[Called By]<UL><LI><a href="#[9]">&gt;&gt;</a>&nbsp;&nbsp;&nbsp;SysTick_Handler
</UL>
<BR>[Address Reference Count : 1]<UL><LI> stm32f10x.o(RESET)
</UL>
<P><STRONG><a name="[1c]"></a>ADC_IRQHandler</STRONG> (Thumb, 0 bytes, Stack size 0 bytes, stm32f10x.o(.text))
<BR><BR>[Calls]<UL><LI><a href="#[1c]">&gt;&gt;</a>&nbsp;&nbsp;&nbsp;ADC_IRQHandler
</UL>
<BR>[Called By]<UL><LI><a href="#[1c]">&gt;&gt;</a>&nbsp;&nbsp;&nbsp;ADC_IRQHandler
</UL>
<BR>[Address Reference Count : 1]<UL><LI> stm32f10x.o(RESET)
</UL>
<P><STRONG><a name="[1f]"></a>CAN_RX1_IRQHandler</STRONG> (Thumb, 0 bytes, Stack size 0 bytes, stm32f10x.o(.text))
<BR>[Address Reference Count : 1]<UL><LI> stm32f10x.o(RESET)
</UL>
<P><STRONG><a name="[20]"></a>CAN_SCE_IRQHandler</STRONG> (Thumb, 0 bytes, Stack size 0 bytes, stm32f10x.o(.text))
<BR>[Address Reference Count : 1]<UL><LI> stm32f10x.o(RESET)
</UL>
<P><STRONG><a name="[15]"></a>DMAChannel1_IRQHandler</STRONG> (Thumb, 0 bytes, Stack size 0 bytes, stm32f10x.o(.text))
<BR>[Address Reference Count : 1]<UL><LI> stm32f10x.o(RESET)
</UL>
<P><STRONG><a name="[16]"></a>DMAChannel2_IRQHandler</STRONG> (Thumb, 0 bytes, Stack size 0 bytes, stm32f10x.o(.text))
<BR>[Address Reference Count : 1]<UL><LI> stm32f10x.o(RESET)
</UL>
<P><STRONG><a name="[17]"></a>DMAChannel3_IRQHandler</STRONG> (Thumb, 0 bytes, Stack size 0 bytes, stm32f10x.o(.text))
<BR>[Address Reference Count : 1]<UL><LI> stm32f10x.o(RESET)
</UL>
<P><STRONG><a name="[18]"></a>DMAChannel4_IRQHandler</STRONG> (Thumb, 0 bytes, Stack size 0 bytes, stm32f10x.o(.text))
<BR>[Address Reference Count : 1]<UL><LI> stm32f10x.o(RESET)
</UL>
<P><STRONG><a name="[19]"></a>DMAChannel5_IRQHandler</STRONG> (Thumb, 0 bytes, Stack size 0 bytes, stm32f10x.o(.text))
<BR>[Address Reference Count : 1]<UL><LI> stm32f10x.o(RESET)
</UL>
<P><STRONG><a name="[1a]"></a>DMAChannel6_IRQHandler</STRONG> (Thumb, 0 bytes, Stack size 0 bytes, stm32f10x.o(.text))
<BR>[Address Reference Count : 1]<UL><LI> stm32f10x.o(RESET)
</UL>
<P><STRONG><a name="[1b]"></a>DMAChannel7_IRQHandler</STRONG> (Thumb, 0 bytes, Stack size 0 bytes, stm32f10x.o(.text))
<BR>[Address Reference Count : 1]<UL><LI> stm32f10x.o(RESET)
</UL>
<P><STRONG><a name="[10]"></a>EXTI0_IRQHandler</STRONG> (Thumb, 0 bytes, Stack size 0 bytes, stm32f10x.o(.text))
<BR>[Address Reference Count : 1]<UL><LI> stm32f10x.o(RESET)
</UL>
<P><STRONG><a name="[32]"></a>EXTI15_10_IRQHandler</STRONG> (Thumb, 0 bytes, Stack size 0 bytes, stm32f10x.o(.text))
<BR>[Address Reference Count : 1]<UL><LI> stm32f10x.o(RESET)
</UL>
<P><STRONG><a name="[11]"></a>EXTI1_IRQHandler</STRONG> (Thumb, 0 bytes, Stack size 0 bytes, stm32f10x.o(.text))
<BR>[Address Reference Count : 1]<UL><LI> stm32f10x.o(RESET)
</UL>
<P><STRONG><a name="[12]"></a>EXTI2_IRQHandler</STRONG> (Thumb, 0 bytes, Stack size 0 bytes, stm32f10x.o(.text))
<BR>[Address Reference Count : 1]<UL><LI> stm32f10x.o(RESET)
</UL>
<P><STRONG><a name="[13]"></a>EXTI3_IRQHandler</STRONG> (Thumb, 0 bytes, Stack size 0 bytes, stm32f10x.o(.text))
<BR>[Address Reference Count : 1]<UL><LI> stm32f10x.o(RESET)
</UL>
<P><STRONG><a name="[14]"></a>EXTI4_IRQHandler</STRONG> (Thumb, 0 bytes, Stack size 0 bytes, stm32f10x.o(.text))
<BR>[Address Reference Count : 1]<UL><LI> stm32f10x.o(RESET)
</UL>
<P><STRONG><a name="[e]"></a>FLASH_IRQHandler</STRONG> (Thumb, 0 bytes, Stack size 0 bytes, stm32f10x.o(.text))
<BR>[Address Reference Count : 1]<UL><LI> stm32f10x.o(RESET)
</UL>
<P><STRONG><a name="[2a]"></a>I2C1_ER_IRQHandler</STRONG> (Thumb, 0 bytes, Stack size 0 bytes, stm32f10x.o(.text))
<BR>[Address Reference Count : 1]<UL><LI> stm32f10x.o(RESET)
</UL>
<P><STRONG><a name="[29]"></a>I2C1_EV_IRQHandler</STRONG> (Thumb, 0 bytes, Stack size 0 bytes, stm32f10x.o(.text))
<BR>[Address Reference Count : 1]<UL><LI> stm32f10x.o(RESET)
</UL>
<P><STRONG><a name="[2c]"></a>I2C2_ER_IRQHandler</STRONG> (Thumb, 0 bytes, Stack size 0 bytes, stm32f10x.o(.text))
<BR>[Address Reference Count : 1]<UL><LI> stm32f10x.o(RESET)
</UL>
<P><STRONG><a name="[2b]"></a>I2C2_EV_IRQHandler</STRONG> (Thumb, 0 bytes, Stack size 0 bytes, stm32f10x.o(.text))
<BR>[Address Reference Count : 1]<UL><LI> stm32f10x.o(RESET)
</UL>
<P><STRONG><a name="[b]"></a>PVD_IRQHandler</STRONG> (Thumb, 0 bytes, Stack size 0 bytes, stm32f10x.o(.text))
<BR>[Address Reference Count : 1]<UL><LI> stm32f10x.o(RESET)
</UL>
<P><STRONG><a name="[f]"></a>RCC_IRQHandler</STRONG> (Thumb, 0 bytes, Stack size 0 bytes, stm32f10x.o(.text))
<BR>[Address Reference Count : 1]<UL><LI> stm32f10x.o(RESET)
</UL>
<P><STRONG><a name="[33]"></a>RTCAlarm_IRQHandler</STRONG> (Thumb, 0 bytes, Stack size 0 bytes, stm32f10x.o(.text))
<BR>[Address Reference Count : 1]<UL><LI> stm32f10x.o(RESET)
</UL>
<P><STRONG><a name="[d]"></a>RTC_IRQHandler</STRONG> (Thumb, 0 bytes, Stack size 0 bytes, stm32f10x.o(.text))
<BR>[Address Reference Count : 1]<UL><LI> stm32f10x.o(RESET)
</UL>
<P><STRONG><a name="[2d]"></a>SPI1_IRQHandler</STRONG> (Thumb, 0 bytes, Stack size 0 bytes, stm32f10x.o(.text))
<BR>[Address Reference Count : 1]<UL><LI> stm32f10x.o(RESET)
</UL>
<P><STRONG><a name="[2e]"></a>SPI2_IRQHandler</STRONG> (Thumb, 0 bytes, Stack size 0 bytes, stm32f10x.o(.text))
<BR>[Address Reference Count : 1]<UL><LI> stm32f10x.o(RESET)
</UL>
<P><STRONG><a name="[c]"></a>TAMPER_IRQHandler</STRONG> (Thumb, 0 bytes, Stack size 0 bytes, stm32f10x.o(.text))
<BR>[Address Reference Count : 1]<UL><LI> stm32f10x.o(RESET)
</UL>
<P><STRONG><a name="[22]"></a>TIM1_BRK_IRQHandler</STRONG> (Thumb, 0 bytes, Stack size 0 bytes, stm32f10x.o(.text))
<BR>[Address Reference Count : 1]<UL><LI> stm32f10x.o(RESET)
</UL>
<P><STRONG><a name="[25]"></a>TIM1_CC_IRQHandler</STRONG> (Thumb, 0 bytes, Stack size 0 bytes, stm32f10x.o(.text))
<BR>[Address Reference Count : 1]<UL><LI> stm32f10x.o(RESET)
</UL>
<P><STRONG><a name="[24]"></a>TIM1_TRG_COM_IRQHandler</STRONG> (Thumb, 0 bytes, Stack size 0 bytes, stm32f10x.o(.text))
<BR>[Address Reference Count : 1]<UL><LI> stm32f10x.o(RESET)
</UL>
<P><STRONG><a name="[23]"></a>TIM1_UP_IRQHandler</STRONG> (Thumb, 0 bytes, Stack size 0 bytes, stm32f10x.o(.text))
<BR>[Address Reference Count : 1]<UL><LI> stm32f10x.o(RESET)
</UL>
<P><STRONG><a name="[26]"></a>TIM2_IRQHandler</STRONG> (Thumb, 0 bytes, Stack size 0 bytes, stm32f10x.o(.text))
<BR>[Address Reference Count : 1]<UL><LI> stm32f10x.o(RESET)
</UL>
<P><STRONG><a name="[27]"></a>TIM3_IRQHandler</STRONG> (Thumb, 0 bytes, Stack size 0 bytes, stm32f10x.o(.text))
<BR>[Address Reference Count : 1]<UL><LI> stm32f10x.o(RESET)
</UL>
<P><STRONG><a name="[28]"></a>TIM4_IRQHandler</STRONG> (Thumb, 0 bytes, Stack size 0 bytes, stm32f10x.o(.text))
<BR>[Address Reference Count : 1]<UL><LI> stm32f10x.o(RESET)
</UL>
<P><STRONG><a name="[2f]"></a>USART1_IRQHandler</STRONG> (Thumb, 0 bytes, Stack size 0 bytes, stm32f10x.o(.text))
<BR>[Address Reference Count : 1]<UL><LI> stm32f10x.o(RESET)
</UL>
<P><STRONG><a name="[30]"></a>USART2_IRQHandler</STRONG> (Thumb, 0 bytes, Stack size 0 bytes, stm32f10x.o(.text))
<BR>[Address Reference Count : 1]<UL><LI> stm32f10x.o(RESET)
</UL>
<P><STRONG><a name="[31]"></a>USART3_IRQHandler</STRONG> (Thumb, 0 bytes, Stack size 0 bytes, stm32f10x.o(.text))
<BR>[Address Reference Count : 1]<UL><LI> stm32f10x.o(RESET)
</UL>
<P><STRONG><a name="[34]"></a>USBWakeUp_IRQHandler</STRONG> (Thumb, 0 bytes, Stack size 0 bytes, stm32f10x.o(.text))
<BR>[Address Reference Count : 1]<UL><LI> stm32f10x.o(RESET)
</UL>
<P><STRONG><a name="[1d]"></a>USB_HP_CAN_TX_IRQHandler</STRONG> (Thumb, 0 bytes, Stack size 0 bytes, stm32f10x.o(.text))
<BR>[Address Reference Count : 1]<UL><LI> stm32f10x.o(RESET)
</UL>
<P><STRONG><a name="[1e]"></a>USB_LP_CAN_RX0_IRQHandler</STRONG> (Thumb, 0 bytes, Stack size 0 bytes, stm32f10x.o(.text))
<BR>[Address Reference Count : 1]<UL><LI> stm32f10x.o(RESET)
</UL>
<P><STRONG><a name="[a]"></a>WWDG_IRQHandler</STRONG> (Thumb, 0 bytes, Stack size 0 bytes, stm32f10x.o(.text))
<BR>[Address Reference Count : 1]<UL><LI> stm32f10x.o(RESET)
</UL>
<P><STRONG><a name="[63]"></a>rand</STRONG> (Thumb, 20 bytes, Stack size 0 bytes, rand.o(.text))
<BR><BR>[Called By]<UL><LI><a href="#[dd]">&gt;&gt;</a>&nbsp;&nbsp;&nbsp;Draw_Rectangle
<LI><a href="#[d8]">&gt;&gt;</a>&nbsp;&nbsp;&nbsp;Draw_Polygon
<LI><a href="#[d5]">&gt;&gt;</a>&nbsp;&nbsp;&nbsp;Draw_Pillar_Demo
<LI><a href="#[d1]">&gt;&gt;</a>&nbsp;&nbsp;&nbsp;Draw_Line_Curve
<LI><a href="#[ce]">&gt;&gt;</a>&nbsp;&nbsp;&nbsp;Draw_Circle_Ellipse
<LI><a href="#[60]">&gt;&gt;</a>&nbsp;&nbsp;&nbsp;App_Demo_BTE
</UL>

<P><STRONG><a name="[1c6]"></a>srand</STRONG> (Thumb, 6 bytes, Stack size 0 bytes, rand.o(.text), UNUSED)

<P><STRONG><a name="[3b]"></a>__aeabi_fadd</STRONG> (Thumb, 164 bytes, Stack size 16 bytes, fadd.o(.text))
<BR><BR>[Stack]<UL><LI>Max Depth = 20<LI>Call Chain = __aeabi_fadd &rArr; _float_epilogue
</UL>
<BR>[Calls]<UL><LI><a href="#[3d]">&gt;&gt;</a>&nbsp;&nbsp;&nbsp;_float_round
<LI><a href="#[3c]">&gt;&gt;</a>&nbsp;&nbsp;&nbsp;_float_epilogue
</UL>
<BR>[Called By]<UL><LI><a href="#[3e]">&gt;&gt;</a>&nbsp;&nbsp;&nbsp;__aeabi_fsub
<LI><a href="#[183]">&gt;&gt;</a>&nbsp;&nbsp;&nbsp;TEST_DoubleTriangle
<LI><a href="#[3f]">&gt;&gt;</a>&nbsp;&nbsp;&nbsp;__aeabi_frsub
</UL>

<P><STRONG><a name="[3e]"></a>__aeabi_fsub</STRONG> (Thumb, 6 bytes, Stack size 0 bytes, fadd.o(.text))
<BR><BR>[Stack]<UL><LI>Max Depth = 20<LI>Call Chain = __aeabi_fsub &rArr; __aeabi_fadd &rArr; _float_epilogue
</UL>
<BR>[Calls]<UL><LI><a href="#[3b]">&gt;&gt;</a>&nbsp;&nbsp;&nbsp;__aeabi_fadd
</UL>
<BR>[Called By]<UL><LI><a href="#[183]">&gt;&gt;</a>&nbsp;&nbsp;&nbsp;TEST_DoubleTriangle
</UL>

<P><STRONG><a name="[3f]"></a>__aeabi_frsub</STRONG> (Thumb, 6 bytes, Stack size 0 bytes, fadd.o(.text), UNUSED)
<BR><BR>[Calls]<UL><LI><a href="#[3b]">&gt;&gt;</a>&nbsp;&nbsp;&nbsp;__aeabi_fadd
</UL>

<P><STRONG><a name="[1a5]"></a>__aeabi_fmul</STRONG> (Thumb, 100 bytes, Stack size 8 bytes, fmul.o(.text))
<BR><BR>[Stack]<UL><LI>Max Depth = 8<LI>Call Chain = __aeabi_fmul
</UL>
<BR>[Called By]<UL><LI><a href="#[183]">&gt;&gt;</a>&nbsp;&nbsp;&nbsp;TEST_DoubleTriangle
</UL>

<P><STRONG><a name="[40]"></a>__aeabi_dadd</STRONG> (Thumb, 322 bytes, Stack size 48 bytes, dadd.o(.text))
<BR><BR>[Stack]<UL><LI>Max Depth = 88<LI>Call Chain = __aeabi_dadd &rArr; _double_epilogue &rArr; _double_round
</UL>
<BR>[Calls]<UL><LI><a href="#[42]">&gt;&gt;</a>&nbsp;&nbsp;&nbsp;__aeabi_lasr
<LI><a href="#[41]">&gt;&gt;</a>&nbsp;&nbsp;&nbsp;__aeabi_llsl
<LI><a href="#[44]">&gt;&gt;</a>&nbsp;&nbsp;&nbsp;_double_round
<LI><a href="#[43]">&gt;&gt;</a>&nbsp;&nbsp;&nbsp;_double_epilogue
</UL>
<BR>[Called By]<UL><LI><a href="#[45]">&gt;&gt;</a>&nbsp;&nbsp;&nbsp;__aeabi_dsub
<LI><a href="#[180]">&gt;&gt;</a>&nbsp;&nbsp;&nbsp;Pointer1_Turn
<LI><a href="#[176]">&gt;&gt;</a>&nbsp;&nbsp;&nbsp;Load_SineWaveDate
<LI><a href="#[1b2]">&gt;&gt;</a>&nbsp;&nbsp;&nbsp;__kernel_poly
<LI><a href="#[1b3]">&gt;&gt;</a>&nbsp;&nbsp;&nbsp;__kernel_sin
<LI><a href="#[1af]">&gt;&gt;</a>&nbsp;&nbsp;&nbsp;__ieee754_rem_pio2
<LI><a href="#[46]">&gt;&gt;</a>&nbsp;&nbsp;&nbsp;__aeabi_drsub
</UL>

<P><STRONG><a name="[45]"></a>__aeabi_dsub</STRONG> (Thumb, 6 bytes, Stack size 0 bytes, dadd.o(.text))
<BR><BR>[Stack]<UL><LI>Max Depth = 88<LI>Call Chain = __aeabi_dsub &rArr; __aeabi_dadd &rArr; _double_epilogue &rArr; _double_round
</UL>
<BR>[Calls]<UL><LI><a href="#[40]">&gt;&gt;</a>&nbsp;&nbsp;&nbsp;__aeabi_dadd
</UL>
<BR>[Called By]<UL><LI><a href="#[180]">&gt;&gt;</a>&nbsp;&nbsp;&nbsp;Pointer1_Turn
<LI><a href="#[1b3]">&gt;&gt;</a>&nbsp;&nbsp;&nbsp;__kernel_sin
<LI><a href="#[1af]">&gt;&gt;</a>&nbsp;&nbsp;&nbsp;__ieee754_rem_pio2
<LI><a href="#[1b1]">&gt;&gt;</a>&nbsp;&nbsp;&nbsp;__kernel_cos
</UL>

<P><STRONG><a name="[46]"></a>__aeabi_drsub</STRONG> (Thumb, 6 bytes, Stack size 0 bytes, dadd.o(.text))
<BR><BR>[Stack]<UL><LI>Max Depth = 88<LI>Call Chain = __aeabi_drsub &rArr; __aeabi_dadd &rArr; _double_epilogue &rArr; _double_round
</UL>
<BR>[Calls]<UL><LI><a href="#[40]">&gt;&gt;</a>&nbsp;&nbsp;&nbsp;__aeabi_dadd
</UL>
<BR>[Called By]<UL><LI><a href="#[1b3]">&gt;&gt;</a>&nbsp;&nbsp;&nbsp;__kernel_sin
<LI><a href="#[1af]">&gt;&gt;</a>&nbsp;&nbsp;&nbsp;__ieee754_rem_pio2
<LI><a href="#[1b1]">&gt;&gt;</a>&nbsp;&nbsp;&nbsp;__kernel_cos
</UL>

<P><STRONG><a name="[47]"></a>__aeabi_dmul</STRONG> (Thumb, 228 bytes, Stack size 48 bytes, dmul.o(.text))
<BR><BR>[Stack]<UL><LI>Max Depth = 88<LI>Call Chain = __aeabi_dmul &rArr; _double_epilogue &rArr; _double_round
</UL>
<BR>[Calls]<UL><LI><a href="#[43]">&gt;&gt;</a>&nbsp;&nbsp;&nbsp;_double_epilogue
</UL>
<BR>[Called By]<UL><LI><a href="#[183]">&gt;&gt;</a>&nbsp;&nbsp;&nbsp;TEST_DoubleTriangle
<LI><a href="#[176]">&gt;&gt;</a>&nbsp;&nbsp;&nbsp;Load_SineWaveDate
<LI><a href="#[1b2]">&gt;&gt;</a>&nbsp;&nbsp;&nbsp;__kernel_poly
<LI><a href="#[1b3]">&gt;&gt;</a>&nbsp;&nbsp;&nbsp;__kernel_sin
<LI><a href="#[1af]">&gt;&gt;</a>&nbsp;&nbsp;&nbsp;__ieee754_rem_pio2
<LI><a href="#[1b1]">&gt;&gt;</a>&nbsp;&nbsp;&nbsp;__kernel_cos
</UL>

<P><STRONG><a name="[48]"></a>__aeabi_ddiv</STRONG> (Thumb, 222 bytes, Stack size 32 bytes, ddiv.o(.text))
<BR><BR>[Stack]<UL><LI>Max Depth = 40<LI>Call Chain = __aeabi_ddiv &rArr; _double_round
</UL>
<BR>[Calls]<UL><LI><a href="#[44]">&gt;&gt;</a>&nbsp;&nbsp;&nbsp;_double_round
</UL>
<BR>[Called By]<UL><LI><a href="#[176]">&gt;&gt;</a>&nbsp;&nbsp;&nbsp;Load_SineWaveDate
<LI><a href="#[d2]">&gt;&gt;</a>&nbsp;&nbsp;&nbsp;LT768_DrawLine_Width
<LI><a href="#[1b7]">&gt;&gt;</a>&nbsp;&nbsp;&nbsp;__mathlib_dbl_invalid
</UL>

<P><STRONG><a name="[49]"></a>__aeabi_ui2f</STRONG> (Thumb, 10 bytes, Stack size 0 bytes, ffltui.o(.text))
<BR><BR>[Stack]<UL><LI>Max Depth = 4<LI>Call Chain = __aeabi_ui2f &rArr; _float_epilogue
</UL>
<BR>[Calls]<UL><LI><a href="#[3c]">&gt;&gt;</a>&nbsp;&nbsp;&nbsp;_float_epilogue
</UL>
<BR>[Called By]<UL><LI><a href="#[183]">&gt;&gt;</a>&nbsp;&nbsp;&nbsp;TEST_DoubleTriangle
</UL>

<P><STRONG><a name="[4a]"></a>__aeabi_i2d</STRONG> (Thumb, 34 bytes, Stack size 16 bytes, dflti.o(.text))
<BR><BR>[Stack]<UL><LI>Max Depth = 56<LI>Call Chain = __aeabi_i2d &rArr; _double_epilogue &rArr; _double_round
</UL>
<BR>[Calls]<UL><LI><a href="#[43]">&gt;&gt;</a>&nbsp;&nbsp;&nbsp;_double_epilogue
</UL>
<BR>[Called By]<UL><LI><a href="#[176]">&gt;&gt;</a>&nbsp;&nbsp;&nbsp;Load_SineWaveDate
<LI><a href="#[d2]">&gt;&gt;</a>&nbsp;&nbsp;&nbsp;LT768_DrawLine_Width
<LI><a href="#[1af]">&gt;&gt;</a>&nbsp;&nbsp;&nbsp;__ieee754_rem_pio2
</UL>

<P><STRONG><a name="[4b]"></a>__aeabi_ui2d</STRONG> (Thumb, 26 bytes, Stack size 16 bytes, dfltui.o(.text))
<BR><BR>[Stack]<UL><LI>Max Depth = 56<LI>Call Chain = __aeabi_ui2d &rArr; _double_epilogue &rArr; _double_round
</UL>
<BR>[Calls]<UL><LI><a href="#[43]">&gt;&gt;</a>&nbsp;&nbsp;&nbsp;_double_epilogue
</UL>
<BR>[Called By]<UL><LI><a href="#[183]">&gt;&gt;</a>&nbsp;&nbsp;&nbsp;TEST_DoubleTriangle
<LI><a href="#[176]">&gt;&gt;</a>&nbsp;&nbsp;&nbsp;Load_SineWaveDate
<LI><a href="#[1af]">&gt;&gt;</a>&nbsp;&nbsp;&nbsp;__ieee754_rem_pio2
</UL>

<P><STRONG><a name="[1a6]"></a>__aeabi_f2uiz</STRONG> (Thumb, 40 bytes, Stack size 0 bytes, ffixui.o(.text))
<BR><BR>[Called By]<UL><LI><a href="#[183]">&gt;&gt;</a>&nbsp;&nbsp;&nbsp;TEST_DoubleTriangle
</UL>

<P><STRONG><a name="[4c]"></a>__aeabi_d2uiz</STRONG> (Thumb, 50 bytes, Stack size 8 bytes, dfixui.o(.text))
<BR><BR>[Stack]<UL><LI>Max Depth = 8<LI>Call Chain = __aeabi_d2uiz
</UL>
<BR>[Calls]<UL><LI><a href="#[4d]">&gt;&gt;</a>&nbsp;&nbsp;&nbsp;__aeabi_llsr
</UL>
<BR>[Called By]<UL><LI><a href="#[176]">&gt;&gt;</a>&nbsp;&nbsp;&nbsp;Load_SineWaveDate
</UL>

<P><STRONG><a name="[181]"></a>__aeabi_f2d</STRONG> (Thumb, 38 bytes, Stack size 0 bytes, f2d.o(.text))
<BR><BR>[Called By]<UL><LI><a href="#[180]">&gt;&gt;</a>&nbsp;&nbsp;&nbsp;Pointer1_Turn
</UL>

<P><STRONG><a name="[1c7]"></a>__aeabi_cdcmpeq</STRONG> (Thumb, 0 bytes, Stack size 0 bytes, cdcmple.o(.text), UNUSED)

<P><STRONG><a name="[137]"></a>__aeabi_cdcmple</STRONG> (Thumb, 48 bytes, Stack size 0 bytes, cdcmple.o(.text))
<BR><BR>[Called By]<UL><LI><a href="#[d2]">&gt;&gt;</a>&nbsp;&nbsp;&nbsp;LT768_DrawLine_Width
</UL>

<P><STRONG><a name="[136]"></a>__aeabi_cdrcmple</STRONG> (Thumb, 48 bytes, Stack size 0 bytes, cdrcmple.o(.text))
<BR><BR>[Called By]<UL><LI><a href="#[d2]">&gt;&gt;</a>&nbsp;&nbsp;&nbsp;LT768_DrawLine_Width
</UL>

<P><STRONG><a name="[4e]"></a>__aeabi_d2f</STRONG> (Thumb, 56 bytes, Stack size 8 bytes, d2f.o(.text))
<BR><BR>[Stack]<UL><LI>Max Depth = 8<LI>Call Chain = __aeabi_d2f
</UL>
<BR>[Calls]<UL><LI><a href="#[3d]">&gt;&gt;</a>&nbsp;&nbsp;&nbsp;_float_round
</UL>
<BR>[Called By]<UL><LI><a href="#[183]">&gt;&gt;</a>&nbsp;&nbsp;&nbsp;TEST_DoubleTriangle
<LI><a href="#[180]">&gt;&gt;</a>&nbsp;&nbsp;&nbsp;Pointer1_Turn
</UL>

<P><STRONG><a name="[1c8]"></a>__aeabi_cfcmpeq</STRONG> (Thumb, 0 bytes, Stack size 0 bytes, cfcmple.o(.text), UNUSED)

<P><STRONG><a name="[182]"></a>__aeabi_cfcmple</STRONG> (Thumb, 20 bytes, Stack size 0 bytes, cfcmple.o(.text))
<BR><BR>[Called By]<UL><LI><a href="#[180]">&gt;&gt;</a>&nbsp;&nbsp;&nbsp;Pointer1_Turn
</UL>

<P><STRONG><a name="[4f]"></a>__aeabi_uldivmod</STRONG> (Thumb, 98 bytes, Stack size 40 bytes, uldiv.o(.text), UNUSED)
<BR><BR>[Calls]<UL><LI><a href="#[4d]">&gt;&gt;</a>&nbsp;&nbsp;&nbsp;__aeabi_llsr
<LI><a href="#[41]">&gt;&gt;</a>&nbsp;&nbsp;&nbsp;__aeabi_llsl
</UL>
<BR>[Called By]<UL><LI><a href="#[1ad]">&gt;&gt;</a>&nbsp;&nbsp;&nbsp;_printf_core
</UL>

<P><STRONG><a name="[41]"></a>__aeabi_llsl</STRONG> (Thumb, 30 bytes, Stack size 0 bytes, llshl.o(.text))
<BR><BR>[Called By]<UL><LI><a href="#[40]">&gt;&gt;</a>&nbsp;&nbsp;&nbsp;__aeabi_dadd
<LI><a href="#[4f]">&gt;&gt;</a>&nbsp;&nbsp;&nbsp;__aeabi_uldivmod
<LI><a href="#[43]">&gt;&gt;</a>&nbsp;&nbsp;&nbsp;_double_epilogue
</UL>

<P><STRONG><a name="[1c9]"></a>_ll_shift_l</STRONG> (Thumb, 0 bytes, Stack size 0 bytes, llshl.o(.text), UNUSED)

<P><STRONG><a name="[4d]"></a>__aeabi_llsr</STRONG> (Thumb, 32 bytes, Stack size 0 bytes, llushr.o(.text))
<BR><BR>[Called By]<UL><LI><a href="#[4c]">&gt;&gt;</a>&nbsp;&nbsp;&nbsp;__aeabi_d2uiz
<LI><a href="#[4f]">&gt;&gt;</a>&nbsp;&nbsp;&nbsp;__aeabi_uldivmod
<LI><a href="#[51]">&gt;&gt;</a>&nbsp;&nbsp;&nbsp;__aeabi_d2iz
<LI><a href="#[43]">&gt;&gt;</a>&nbsp;&nbsp;&nbsp;_double_epilogue
</UL>

<P><STRONG><a name="[1ca]"></a>_ll_ushift_r</STRONG> (Thumb, 0 bytes, Stack size 0 bytes, llushr.o(.text), UNUSED)

<P><STRONG><a name="[42]"></a>__aeabi_lasr</STRONG> (Thumb, 36 bytes, Stack size 0 bytes, llsshr.o(.text))
<BR><BR>[Called By]<UL><LI><a href="#[40]">&gt;&gt;</a>&nbsp;&nbsp;&nbsp;__aeabi_dadd
</UL>

<P><STRONG><a name="[1cb]"></a>_ll_sshift_r</STRONG> (Thumb, 0 bytes, Stack size 0 bytes, llsshr.o(.text), UNUSED)

<P><STRONG><a name="[1cc]"></a>__I$use$fp</STRONG> (Thumb, 0 bytes, Stack size 0 bytes, iusefp.o(.text), UNUSED)

<P><STRONG><a name="[3d]"></a>_float_round</STRONG> (Thumb, 18 bytes, Stack size 0 bytes, fepilogue.o(.text))
<BR><BR>[Called By]<UL><LI><a href="#[3b]">&gt;&gt;</a>&nbsp;&nbsp;&nbsp;__aeabi_fadd
<LI><a href="#[4e]">&gt;&gt;</a>&nbsp;&nbsp;&nbsp;__aeabi_d2f
</UL>

<P><STRONG><a name="[3c]"></a>_float_epilogue</STRONG> (Thumb, 92 bytes, Stack size 4 bytes, fepilogue.o(.text))
<BR><BR>[Stack]<UL><LI>Max Depth = 4<LI>Call Chain = _float_epilogue
</UL>
<BR>[Called By]<UL><LI><a href="#[49]">&gt;&gt;</a>&nbsp;&nbsp;&nbsp;__aeabi_ui2f
<LI><a href="#[3b]">&gt;&gt;</a>&nbsp;&nbsp;&nbsp;__aeabi_fadd
</UL>

<P><STRONG><a name="[44]"></a>_double_round</STRONG> (Thumb, 30 bytes, Stack size 8 bytes, depilogue.o(.text))
<BR><BR>[Stack]<UL><LI>Max Depth = 8<LI>Call Chain = _double_round
</UL>
<BR>[Called By]<UL><LI><a href="#[40]">&gt;&gt;</a>&nbsp;&nbsp;&nbsp;__aeabi_dadd
<LI><a href="#[48]">&gt;&gt;</a>&nbsp;&nbsp;&nbsp;__aeabi_ddiv
<LI><a href="#[43]">&gt;&gt;</a>&nbsp;&nbsp;&nbsp;_double_epilogue
</UL>

<P><STRONG><a name="[43]"></a>_double_epilogue</STRONG> (Thumb, 156 bytes, Stack size 32 bytes, depilogue.o(.text))
<BR><BR>[Stack]<UL><LI>Max Depth = 40<LI>Call Chain = _double_epilogue &rArr; _double_round
</UL>
<BR>[Calls]<UL><LI><a href="#[4d]">&gt;&gt;</a>&nbsp;&nbsp;&nbsp;__aeabi_llsr
<LI><a href="#[41]">&gt;&gt;</a>&nbsp;&nbsp;&nbsp;__aeabi_llsl
<LI><a href="#[44]">&gt;&gt;</a>&nbsp;&nbsp;&nbsp;_double_round
</UL>
<BR>[Called By]<UL><LI><a href="#[4b]">&gt;&gt;</a>&nbsp;&nbsp;&nbsp;__aeabi_ui2d
<LI><a href="#[47]">&gt;&gt;</a>&nbsp;&nbsp;&nbsp;__aeabi_dmul
<LI><a href="#[40]">&gt;&gt;</a>&nbsp;&nbsp;&nbsp;__aeabi_dadd
<LI><a href="#[4a]">&gt;&gt;</a>&nbsp;&nbsp;&nbsp;__aeabi_i2d
</UL>

<P><STRONG><a name="[3a]"></a>__scatterload</STRONG> (Thumb, 28 bytes, Stack size 0 bytes, init.o(.text))
<BR><BR>[Calls]<UL><LI><a href="#[50]">&gt;&gt;</a>&nbsp;&nbsp;&nbsp;__main_after_scatterload
</UL>
<BR>[Called By]<UL><LI><a href="#[39]">&gt;&gt;</a>&nbsp;&nbsp;&nbsp;_main_scatterload
</UL>

<P><STRONG><a name="[1cd]"></a>__scatterload_rt2</STRONG> (Thumb, 0 bytes, Stack size 0 bytes, init.o(.text), UNUSED)

<P><STRONG><a name="[1b0]"></a>__ARM_scalbn</STRONG> (Thumb, 46 bytes, Stack size 16 bytes, dscalb.o(.text))
<BR><BR>[Stack]<UL><LI>Max Depth = 16<LI>Call Chain = __ARM_scalbn
</UL>
<BR>[Called By]<UL><LI><a href="#[1b3]">&gt;&gt;</a>&nbsp;&nbsp;&nbsp;__kernel_sin
<LI><a href="#[1af]">&gt;&gt;</a>&nbsp;&nbsp;&nbsp;__ieee754_rem_pio2
<LI><a href="#[1b5]">&gt;&gt;</a>&nbsp;&nbsp;&nbsp;__mathlib_dbl_underflow
<LI><a href="#[1b6]">&gt;&gt;</a>&nbsp;&nbsp;&nbsp;__mathlib_dbl_infnan
<LI><a href="#[1b1]">&gt;&gt;</a>&nbsp;&nbsp;&nbsp;__kernel_cos
</UL>

<P><STRONG><a name="[1ce]"></a>scalbn</STRONG> (Thumb, 0 bytes, Stack size 16 bytes, dscalb.o(.text), UNUSED)

<P><STRONG><a name="[51]"></a>__aeabi_d2iz</STRONG> (Thumb, 62 bytes, Stack size 16 bytes, dfixi.o(.text))
<BR><BR>[Stack]<UL><LI>Max Depth = 16<LI>Call Chain = __aeabi_d2iz
</UL>
<BR>[Calls]<UL><LI><a href="#[4d]">&gt;&gt;</a>&nbsp;&nbsp;&nbsp;__aeabi_llsr
</UL>
<BR>[Called By]<UL><LI><a href="#[1af]">&gt;&gt;</a>&nbsp;&nbsp;&nbsp;__ieee754_rem_pio2
<LI><a href="#[1b1]">&gt;&gt;</a>&nbsp;&nbsp;&nbsp;__kernel_cos
</UL>

<P><STRONG><a name="[1cf]"></a>__decompress</STRONG> (Thumb, 0 bytes, Stack size unknown bytes, __dczerorl2.o(.text), UNUSED)

<P><STRONG><a name="[1d0]"></a>__decompress1</STRONG> (Thumb, 86 bytes, Stack size unknown bytes, __dczerorl2.o(.text), UNUSED)

<P><STRONG><a name="[52]"></a>Active_Window_WH</STRONG> (Thumb, 40 bytes, Stack size 16 bytes, lt768.o(i.Active_Window_WH))
<BR><BR>[Stack]<UL><LI>Max Depth = 44<LI>Call Chain = Active_Window_WH &rArr; LCD_RegisterWrite &rArr; LCD_DataWrite &rArr; SPI_DataWrite_8
</UL>
<BR>[Calls]<UL><LI><a href="#[53]">&gt;&gt;</a>&nbsp;&nbsp;&nbsp;LCD_RegisterWrite
</UL>
<BR>[Called By]<UL><LI><a href="#[1a2]">&gt;&gt;</a>&nbsp;&nbsp;&nbsp;StartUp_picture
<LI><a href="#[18f]">&gt;&gt;</a>&nbsp;&nbsp;&nbsp;Select_Function
<LI><a href="#[178]">&gt;&gt;</a>&nbsp;&nbsp;&nbsp;Main_GUI
<LI><a href="#[194]">&gt;&gt;</a>&nbsp;&nbsp;&nbsp;Waveform_Demo
<LI><a href="#[191]">&gt;&gt;</a>&nbsp;&nbsp;&nbsp;Text_Demo
<LI><a href="#[193]">&gt;&gt;</a>&nbsp;&nbsp;&nbsp;Show_Panel
<LI><a href="#[17d]">&gt;&gt;</a>&nbsp;&nbsp;&nbsp;PIP_Demo
<LI><a href="#[17a]">&gt;&gt;</a>&nbsp;&nbsp;&nbsp;Outside_Font
<LI><a href="#[e2]">&gt;&gt;</a>&nbsp;&nbsp;&nbsp;Draw_Table
<LI><a href="#[dd]">&gt;&gt;</a>&nbsp;&nbsp;&nbsp;Draw_Rectangle
<LI><a href="#[d8]">&gt;&gt;</a>&nbsp;&nbsp;&nbsp;Draw_Polygon
<LI><a href="#[d5]">&gt;&gt;</a>&nbsp;&nbsp;&nbsp;Draw_Pillar_Demo
<LI><a href="#[d1]">&gt;&gt;</a>&nbsp;&nbsp;&nbsp;Draw_Line_Curve
<LI><a href="#[ce]">&gt;&gt;</a>&nbsp;&nbsp;&nbsp;Draw_Circle_Ellipse
<LI><a href="#[cb]">&gt;&gt;</a>&nbsp;&nbsp;&nbsp;Display_Levetop
<LI><a href="#[c4]">&gt;&gt;</a>&nbsp;&nbsp;&nbsp;DMA_Demo
<LI><a href="#[ba]">&gt;&gt;</a>&nbsp;&nbsp;&nbsp;Controller_Demo
<LI><a href="#[ae]">&gt;&gt;</a>&nbsp;&nbsp;&nbsp;Cartoon_Show
<LI><a href="#[81]">&gt;&gt;</a>&nbsp;&nbsp;&nbsp;Backlight_Control
<LI><a href="#[65]">&gt;&gt;</a>&nbsp;&nbsp;&nbsp;App_Demo_slide_frame_buffer
<LI><a href="#[60]">&gt;&gt;</a>&nbsp;&nbsp;&nbsp;App_Demo_BTE
<LI><a href="#[55]">&gt;&gt;</a>&nbsp;&nbsp;&nbsp;App_Demo_Alpha_Blending
</UL>

<P><STRONG><a name="[54]"></a>Active_Window_XY</STRONG> (Thumb, 40 bytes, Stack size 16 bytes, lt768.o(i.Active_Window_XY))
<BR><BR>[Stack]<UL><LI>Max Depth = 44<LI>Call Chain = Active_Window_XY &rArr; LCD_RegisterWrite &rArr; LCD_DataWrite &rArr; SPI_DataWrite_8
</UL>
<BR>[Calls]<UL><LI><a href="#[53]">&gt;&gt;</a>&nbsp;&nbsp;&nbsp;LCD_RegisterWrite
</UL>
<BR>[Called By]<UL><LI><a href="#[1a2]">&gt;&gt;</a>&nbsp;&nbsp;&nbsp;StartUp_picture
<LI><a href="#[18f]">&gt;&gt;</a>&nbsp;&nbsp;&nbsp;Select_Function
<LI><a href="#[178]">&gt;&gt;</a>&nbsp;&nbsp;&nbsp;Main_GUI
<LI><a href="#[194]">&gt;&gt;</a>&nbsp;&nbsp;&nbsp;Waveform_Demo
<LI><a href="#[191]">&gt;&gt;</a>&nbsp;&nbsp;&nbsp;Text_Demo
<LI><a href="#[193]">&gt;&gt;</a>&nbsp;&nbsp;&nbsp;Show_Panel
<LI><a href="#[17d]">&gt;&gt;</a>&nbsp;&nbsp;&nbsp;PIP_Demo
<LI><a href="#[17a]">&gt;&gt;</a>&nbsp;&nbsp;&nbsp;Outside_Font
<LI><a href="#[e2]">&gt;&gt;</a>&nbsp;&nbsp;&nbsp;Draw_Table
<LI><a href="#[dd]">&gt;&gt;</a>&nbsp;&nbsp;&nbsp;Draw_Rectangle
<LI><a href="#[d8]">&gt;&gt;</a>&nbsp;&nbsp;&nbsp;Draw_Polygon
<LI><a href="#[d5]">&gt;&gt;</a>&nbsp;&nbsp;&nbsp;Draw_Pillar_Demo
<LI><a href="#[d1]">&gt;&gt;</a>&nbsp;&nbsp;&nbsp;Draw_Line_Curve
<LI><a href="#[ce]">&gt;&gt;</a>&nbsp;&nbsp;&nbsp;Draw_Circle_Ellipse
<LI><a href="#[cb]">&gt;&gt;</a>&nbsp;&nbsp;&nbsp;Display_Levetop
<LI><a href="#[c4]">&gt;&gt;</a>&nbsp;&nbsp;&nbsp;DMA_Demo
<LI><a href="#[ba]">&gt;&gt;</a>&nbsp;&nbsp;&nbsp;Controller_Demo
<LI><a href="#[ae]">&gt;&gt;</a>&nbsp;&nbsp;&nbsp;Cartoon_Show
<LI><a href="#[81]">&gt;&gt;</a>&nbsp;&nbsp;&nbsp;Backlight_Control
<LI><a href="#[65]">&gt;&gt;</a>&nbsp;&nbsp;&nbsp;App_Demo_slide_frame_buffer
<LI><a href="#[60]">&gt;&gt;</a>&nbsp;&nbsp;&nbsp;App_Demo_BTE
<LI><a href="#[55]">&gt;&gt;</a>&nbsp;&nbsp;&nbsp;App_Demo_Alpha_Blending
</UL>

<P><STRONG><a name="[55]"></a>App_Demo_Alpha_Blending</STRONG> (Thumb, 324 bytes, Stack size 56 bytes, lt768_demo.o(i.App_Demo_Alpha_Blending))
<BR><BR>[Stack]<UL><LI>Max Depth = 156<LI>Call Chain = App_Demo_Alpha_Blending &rArr; Screen_delay_Count &rArr; Scan_Screen_Delay_1ms &rArr; gt911_Scan &rArr; TP_read_XY &rArr; LT_I2C_Read_NByte &rArr; LT768_I2CM_transmit_Progress &rArr; LCD_DataRead &rArr; SPI_DataRead_8
</UL>
<BR>[Calls]<UL><LI><a href="#[5f]">&gt;&gt;</a>&nbsp;&nbsp;&nbsp;Screen_delay_Count
<LI><a href="#[5c]">&gt;&gt;</a>&nbsp;&nbsp;&nbsp;LT768_DrawSquare_Fill
<LI><a href="#[5d]">&gt;&gt;</a>&nbsp;&nbsp;&nbsp;LT768_DMA_24bit_Block
<LI><a href="#[5e]">&gt;&gt;</a>&nbsp;&nbsp;&nbsp;BTE_Alpha_Blending
<LI><a href="#[56]">&gt;&gt;</a>&nbsp;&nbsp;&nbsp;Select_Main_Window_16bpp
<LI><a href="#[59]">&gt;&gt;</a>&nbsp;&nbsp;&nbsp;Main_Window_Start_XY
<LI><a href="#[58]">&gt;&gt;</a>&nbsp;&nbsp;&nbsp;Main_Image_Width
<LI><a href="#[57]">&gt;&gt;</a>&nbsp;&nbsp;&nbsp;Main_Image_Start_Address
<LI><a href="#[5b]">&gt;&gt;</a>&nbsp;&nbsp;&nbsp;Canvas_image_width
<LI><a href="#[5a]">&gt;&gt;</a>&nbsp;&nbsp;&nbsp;Canvas_Image_Start_address
<LI><a href="#[54]">&gt;&gt;</a>&nbsp;&nbsp;&nbsp;Active_Window_XY
<LI><a href="#[52]">&gt;&gt;</a>&nbsp;&nbsp;&nbsp;Active_Window_WH
</UL>
<BR>[Called By]<UL><LI><a href="#[18f]">&gt;&gt;</a>&nbsp;&nbsp;&nbsp;Select_Function
</UL>

<P><STRONG><a name="[60]"></a>App_Demo_BTE</STRONG> (Thumb, 1536 bytes, Stack size 88 bytes, lt768_demo.o(i.App_Demo_BTE))
<BR><BR>[Stack]<UL><LI>Max Depth = 188<LI>Call Chain = App_Demo_BTE &rArr; Screen_delay_Count &rArr; Scan_Screen_Delay_1ms &rArr; gt911_Scan &rArr; TP_read_XY &rArr; LT_I2C_Read_NByte &rArr; LT768_I2CM_transmit_Progress &rArr; LCD_DataRead &rArr; SPI_DataRead_8
</UL>
<BR>[Calls]<UL><LI><a href="#[64]">&gt;&gt;</a>&nbsp;&nbsp;&nbsp;delay_us
<LI><a href="#[63]">&gt;&gt;</a>&nbsp;&nbsp;&nbsp;rand
<LI><a href="#[5f]">&gt;&gt;</a>&nbsp;&nbsp;&nbsp;Screen_delay_Count
<LI><a href="#[5c]">&gt;&gt;</a>&nbsp;&nbsp;&nbsp;LT768_DrawSquare_Fill
<LI><a href="#[61]">&gt;&gt;</a>&nbsp;&nbsp;&nbsp;LT768_DrawLine
<LI><a href="#[5d]">&gt;&gt;</a>&nbsp;&nbsp;&nbsp;LT768_DMA_24bit_Block
<LI><a href="#[62]">&gt;&gt;</a>&nbsp;&nbsp;&nbsp;LT768_BTE_Memory_Copy
<LI><a href="#[56]">&gt;&gt;</a>&nbsp;&nbsp;&nbsp;Select_Main_Window_16bpp
<LI><a href="#[59]">&gt;&gt;</a>&nbsp;&nbsp;&nbsp;Main_Window_Start_XY
<LI><a href="#[58]">&gt;&gt;</a>&nbsp;&nbsp;&nbsp;Main_Image_Width
<LI><a href="#[57]">&gt;&gt;</a>&nbsp;&nbsp;&nbsp;Main_Image_Start_Address
<LI><a href="#[5b]">&gt;&gt;</a>&nbsp;&nbsp;&nbsp;Canvas_image_width
<LI><a href="#[5a]">&gt;&gt;</a>&nbsp;&nbsp;&nbsp;Canvas_Image_Start_address
<LI><a href="#[54]">&gt;&gt;</a>&nbsp;&nbsp;&nbsp;Active_Window_XY
<LI><a href="#[52]">&gt;&gt;</a>&nbsp;&nbsp;&nbsp;Active_Window_WH
</UL>
<BR>[Called By]<UL><LI><a href="#[18f]">&gt;&gt;</a>&nbsp;&nbsp;&nbsp;Select_Function
</UL>

<P><STRONG><a name="[65]"></a>App_Demo_slide_frame_buffer</STRONG> (Thumb, 540 bytes, Stack size 32 bytes, lt768_demo.o(i.App_Demo_slide_frame_buffer))
<BR><BR>[Stack]<UL><LI>Max Depth = 132<LI>Call Chain = App_Demo_slide_frame_buffer &rArr; Screen_delay_Count &rArr; Scan_Screen_Delay_1ms &rArr; gt911_Scan &rArr; TP_read_XY &rArr; LT_I2C_Read_NByte &rArr; LT768_I2CM_transmit_Progress &rArr; LCD_DataRead &rArr; SPI_DataRead_8
</UL>
<BR>[Calls]<UL><LI><a href="#[67]">&gt;&gt;</a>&nbsp;&nbsp;&nbsp;Scan_Key_delay
<LI><a href="#[66]">&gt;&gt;</a>&nbsp;&nbsp;&nbsp;delay_ms
<LI><a href="#[5f]">&gt;&gt;</a>&nbsp;&nbsp;&nbsp;Screen_delay_Count
<LI><a href="#[5c]">&gt;&gt;</a>&nbsp;&nbsp;&nbsp;LT768_DrawSquare_Fill
<LI><a href="#[5d]">&gt;&gt;</a>&nbsp;&nbsp;&nbsp;LT768_DMA_24bit_Block
<LI><a href="#[56]">&gt;&gt;</a>&nbsp;&nbsp;&nbsp;Select_Main_Window_16bpp
<LI><a href="#[59]">&gt;&gt;</a>&nbsp;&nbsp;&nbsp;Main_Window_Start_XY
<LI><a href="#[58]">&gt;&gt;</a>&nbsp;&nbsp;&nbsp;Main_Image_Width
<LI><a href="#[57]">&gt;&gt;</a>&nbsp;&nbsp;&nbsp;Main_Image_Start_Address
<LI><a href="#[5b]">&gt;&gt;</a>&nbsp;&nbsp;&nbsp;Canvas_image_width
<LI><a href="#[5a]">&gt;&gt;</a>&nbsp;&nbsp;&nbsp;Canvas_Image_Start_address
<LI><a href="#[54]">&gt;&gt;</a>&nbsp;&nbsp;&nbsp;Active_Window_XY
<LI><a href="#[52]">&gt;&gt;</a>&nbsp;&nbsp;&nbsp;Active_Window_WH
</UL>
<BR>[Called By]<UL><LI><a href="#[18f]">&gt;&gt;</a>&nbsp;&nbsp;&nbsp;Select_Function
</UL>

<P><STRONG><a name="[5e]"></a>BTE_Alpha_Blending</STRONG> (Thumb, 124 bytes, Stack size 40 bytes, lt768_lib.o(i.BTE_Alpha_Blending))
<BR><BR>[Stack]<UL><LI>Max Depth = 84<LI>Call Chain = BTE_Alpha_Blending &rArr; BTE_Window_Size &rArr; LCD_RegisterWrite &rArr; LCD_DataWrite &rArr; SPI_DataWrite_8
</UL>
<BR>[Calls]<UL><LI><a href="#[78]">&gt;&gt;</a>&nbsp;&nbsp;&nbsp;Check_BTE_Busy
<LI><a href="#[74]">&gt;&gt;</a>&nbsp;&nbsp;&nbsp;BTE_Window_Size
<LI><a href="#[70]">&gt;&gt;</a>&nbsp;&nbsp;&nbsp;BTE_S1_Window_Start_XY
<LI><a href="#[6e]">&gt;&gt;</a>&nbsp;&nbsp;&nbsp;BTE_S1_Memory_Start_Address
<LI><a href="#[6f]">&gt;&gt;</a>&nbsp;&nbsp;&nbsp;BTE_S1_Image_Width
<LI><a href="#[69]">&gt;&gt;</a>&nbsp;&nbsp;&nbsp;BTE_S1_Color_16bpp
<LI><a href="#[6d]">&gt;&gt;</a>&nbsp;&nbsp;&nbsp;BTE_S0_Window_Start_XY
<LI><a href="#[6b]">&gt;&gt;</a>&nbsp;&nbsp;&nbsp;BTE_S0_Memory_Start_Address
<LI><a href="#[6c]">&gt;&gt;</a>&nbsp;&nbsp;&nbsp;BTE_S0_Image_Width
<LI><a href="#[68]">&gt;&gt;</a>&nbsp;&nbsp;&nbsp;BTE_S0_Color_16bpp
<LI><a href="#[75]">&gt;&gt;</a>&nbsp;&nbsp;&nbsp;BTE_Operation_Code
<LI><a href="#[77]">&gt;&gt;</a>&nbsp;&nbsp;&nbsp;BTE_Enable
<LI><a href="#[73]">&gt;&gt;</a>&nbsp;&nbsp;&nbsp;BTE_Destination_Window_Start_XY
<LI><a href="#[71]">&gt;&gt;</a>&nbsp;&nbsp;&nbsp;BTE_Destination_Memory_Start_Address
<LI><a href="#[72]">&gt;&gt;</a>&nbsp;&nbsp;&nbsp;BTE_Destination_Image_Width
<LI><a href="#[6a]">&gt;&gt;</a>&nbsp;&nbsp;&nbsp;BTE_Destination_Color_16bpp
<LI><a href="#[76]">&gt;&gt;</a>&nbsp;&nbsp;&nbsp;BTE_Alpha_Blending_Effect
</UL>
<BR>[Called By]<UL><LI><a href="#[17d]">&gt;&gt;</a>&nbsp;&nbsp;&nbsp;PIP_Demo
<LI><a href="#[55]">&gt;&gt;</a>&nbsp;&nbsp;&nbsp;App_Demo_Alpha_Blending
</UL>

<P><STRONG><a name="[76]"></a>BTE_Alpha_Blending_Effect</STRONG> (Thumb, 18 bytes, Stack size 8 bytes, lt768.o(i.BTE_Alpha_Blending_Effect))
<BR><BR>[Stack]<UL><LI>Max Depth = 20<LI>Call Chain = BTE_Alpha_Blending_Effect &rArr; LCD_DataWrite &rArr; SPI_DataWrite_8
</UL>
<BR>[Calls]<UL><LI><a href="#[7a]">&gt;&gt;</a>&nbsp;&nbsp;&nbsp;LCD_DataWrite
<LI><a href="#[79]">&gt;&gt;</a>&nbsp;&nbsp;&nbsp;LCD_CmdWrite
</UL>
<BR>[Called By]<UL><LI><a href="#[5e]">&gt;&gt;</a>&nbsp;&nbsp;&nbsp;BTE_Alpha_Blending
</UL>

<P><STRONG><a name="[6a]"></a>BTE_Destination_Color_16bpp</STRONG> (Thumb, 30 bytes, Stack size 8 bytes, lt768.o(i.BTE_Destination_Color_16bpp))
<BR><BR>[Stack]<UL><LI>Max Depth = 20<LI>Call Chain = BTE_Destination_Color_16bpp &rArr; LCD_DataWrite &rArr; SPI_DataWrite_8
</UL>
<BR>[Calls]<UL><LI><a href="#[7a]">&gt;&gt;</a>&nbsp;&nbsp;&nbsp;LCD_DataWrite
<LI><a href="#[7b]">&gt;&gt;</a>&nbsp;&nbsp;&nbsp;LCD_DataRead
<LI><a href="#[79]">&gt;&gt;</a>&nbsp;&nbsp;&nbsp;LCD_CmdWrite
</UL>
<BR>[Called By]<UL><LI><a href="#[114]">&gt;&gt;</a>&nbsp;&nbsp;&nbsp;LT768_BTE_Memory_Copy_ColorExpansion_Chroma_key_8
<LI><a href="#[113]">&gt;&gt;</a>&nbsp;&nbsp;&nbsp;LT768_BTE_Memory_Copy_ColorExpansion_8
<LI><a href="#[62]">&gt;&gt;</a>&nbsp;&nbsp;&nbsp;LT768_BTE_Memory_Copy
<LI><a href="#[7e]">&gt;&gt;</a>&nbsp;&nbsp;&nbsp;BTE_Solid_Fill
<LI><a href="#[5e]">&gt;&gt;</a>&nbsp;&nbsp;&nbsp;BTE_Alpha_Blending
</UL>

<P><STRONG><a name="[72]"></a>BTE_Destination_Image_Width</STRONG> (Thumb, 22 bytes, Stack size 8 bytes, lt768.o(i.BTE_Destination_Image_Width))
<BR><BR>[Stack]<UL><LI>Max Depth = 36<LI>Call Chain = BTE_Destination_Image_Width &rArr; LCD_RegisterWrite &rArr; LCD_DataWrite &rArr; SPI_DataWrite_8
</UL>
<BR>[Calls]<UL><LI><a href="#[53]">&gt;&gt;</a>&nbsp;&nbsp;&nbsp;LCD_RegisterWrite
</UL>
<BR>[Called By]<UL><LI><a href="#[114]">&gt;&gt;</a>&nbsp;&nbsp;&nbsp;LT768_BTE_Memory_Copy_ColorExpansion_Chroma_key_8
<LI><a href="#[113]">&gt;&gt;</a>&nbsp;&nbsp;&nbsp;LT768_BTE_Memory_Copy_ColorExpansion_8
<LI><a href="#[62]">&gt;&gt;</a>&nbsp;&nbsp;&nbsp;LT768_BTE_Memory_Copy
<LI><a href="#[7e]">&gt;&gt;</a>&nbsp;&nbsp;&nbsp;BTE_Solid_Fill
<LI><a href="#[5e]">&gt;&gt;</a>&nbsp;&nbsp;&nbsp;BTE_Alpha_Blending
</UL>

<P><STRONG><a name="[71]"></a>BTE_Destination_Memory_Start_Address</STRONG> (Thumb, 42 bytes, Stack size 8 bytes, lt768.o(i.BTE_Destination_Memory_Start_Address))
<BR><BR>[Stack]<UL><LI>Max Depth = 36<LI>Call Chain = BTE_Destination_Memory_Start_Address &rArr; LCD_RegisterWrite &rArr; LCD_DataWrite &rArr; SPI_DataWrite_8
</UL>
<BR>[Calls]<UL><LI><a href="#[53]">&gt;&gt;</a>&nbsp;&nbsp;&nbsp;LCD_RegisterWrite
</UL>
<BR>[Called By]<UL><LI><a href="#[114]">&gt;&gt;</a>&nbsp;&nbsp;&nbsp;LT768_BTE_Memory_Copy_ColorExpansion_Chroma_key_8
<LI><a href="#[113]">&gt;&gt;</a>&nbsp;&nbsp;&nbsp;LT768_BTE_Memory_Copy_ColorExpansion_8
<LI><a href="#[62]">&gt;&gt;</a>&nbsp;&nbsp;&nbsp;LT768_BTE_Memory_Copy
<LI><a href="#[7e]">&gt;&gt;</a>&nbsp;&nbsp;&nbsp;BTE_Solid_Fill
<LI><a href="#[5e]">&gt;&gt;</a>&nbsp;&nbsp;&nbsp;BTE_Alpha_Blending
</UL>

<P><STRONG><a name="[73]"></a>BTE_Destination_Window_Start_XY</STRONG> (Thumb, 40 bytes, Stack size 16 bytes, lt768.o(i.BTE_Destination_Window_Start_XY))
<BR><BR>[Stack]<UL><LI>Max Depth = 44<LI>Call Chain = BTE_Destination_Window_Start_XY &rArr; LCD_RegisterWrite &rArr; LCD_DataWrite &rArr; SPI_DataWrite_8
</UL>
<BR>[Calls]<UL><LI><a href="#[53]">&gt;&gt;</a>&nbsp;&nbsp;&nbsp;LCD_RegisterWrite
</UL>
<BR>[Called By]<UL><LI><a href="#[114]">&gt;&gt;</a>&nbsp;&nbsp;&nbsp;LT768_BTE_Memory_Copy_ColorExpansion_Chroma_key_8
<LI><a href="#[113]">&gt;&gt;</a>&nbsp;&nbsp;&nbsp;LT768_BTE_Memory_Copy_ColorExpansion_8
<LI><a href="#[62]">&gt;&gt;</a>&nbsp;&nbsp;&nbsp;LT768_BTE_Memory_Copy
<LI><a href="#[7e]">&gt;&gt;</a>&nbsp;&nbsp;&nbsp;BTE_Solid_Fill
<LI><a href="#[5e]">&gt;&gt;</a>&nbsp;&nbsp;&nbsp;BTE_Alpha_Blending
</UL>

<P><STRONG><a name="[77]"></a>BTE_Enable</STRONG> (Thumb, 26 bytes, Stack size 8 bytes, lt768.o(i.BTE_Enable))
<BR><BR>[Stack]<UL><LI>Max Depth = 20<LI>Call Chain = BTE_Enable &rArr; LCD_DataWrite &rArr; SPI_DataWrite_8
</UL>
<BR>[Calls]<UL><LI><a href="#[7a]">&gt;&gt;</a>&nbsp;&nbsp;&nbsp;LCD_DataWrite
<LI><a href="#[7b]">&gt;&gt;</a>&nbsp;&nbsp;&nbsp;LCD_DataRead
<LI><a href="#[79]">&gt;&gt;</a>&nbsp;&nbsp;&nbsp;LCD_CmdWrite
</UL>
<BR>[Called By]<UL><LI><a href="#[114]">&gt;&gt;</a>&nbsp;&nbsp;&nbsp;LT768_BTE_Memory_Copy_ColorExpansion_Chroma_key_8
<LI><a href="#[113]">&gt;&gt;</a>&nbsp;&nbsp;&nbsp;LT768_BTE_Memory_Copy_ColorExpansion_8
<LI><a href="#[62]">&gt;&gt;</a>&nbsp;&nbsp;&nbsp;LT768_BTE_Memory_Copy
<LI><a href="#[7e]">&gt;&gt;</a>&nbsp;&nbsp;&nbsp;BTE_Solid_Fill
<LI><a href="#[5e]">&gt;&gt;</a>&nbsp;&nbsp;&nbsp;BTE_Alpha_Blending
</UL>

<P><STRONG><a name="[75]"></a>BTE_Operation_Code</STRONG> (Thumb, 30 bytes, Stack size 16 bytes, lt768.o(i.BTE_Operation_Code))
<BR><BR>[Stack]<UL><LI>Max Depth = 28<LI>Call Chain = BTE_Operation_Code &rArr; LCD_DataWrite &rArr; SPI_DataWrite_8
</UL>
<BR>[Calls]<UL><LI><a href="#[7a]">&gt;&gt;</a>&nbsp;&nbsp;&nbsp;LCD_DataWrite
<LI><a href="#[7b]">&gt;&gt;</a>&nbsp;&nbsp;&nbsp;LCD_DataRead
<LI><a href="#[79]">&gt;&gt;</a>&nbsp;&nbsp;&nbsp;LCD_CmdWrite
</UL>
<BR>[Called By]<UL><LI><a href="#[114]">&gt;&gt;</a>&nbsp;&nbsp;&nbsp;LT768_BTE_Memory_Copy_ColorExpansion_Chroma_key_8
<LI><a href="#[113]">&gt;&gt;</a>&nbsp;&nbsp;&nbsp;LT768_BTE_Memory_Copy_ColorExpansion_8
<LI><a href="#[62]">&gt;&gt;</a>&nbsp;&nbsp;&nbsp;LT768_BTE_Memory_Copy
<LI><a href="#[7e]">&gt;&gt;</a>&nbsp;&nbsp;&nbsp;BTE_Solid_Fill
<LI><a href="#[5e]">&gt;&gt;</a>&nbsp;&nbsp;&nbsp;BTE_Alpha_Blending
</UL>

<P><STRONG><a name="[7c]"></a>BTE_ROP_Code</STRONG> (Thumb, 34 bytes, Stack size 16 bytes, lt768.o(i.BTE_ROP_Code))
<BR><BR>[Stack]<UL><LI>Max Depth = 28<LI>Call Chain = BTE_ROP_Code &rArr; LCD_DataWrite &rArr; SPI_DataWrite_8
</UL>
<BR>[Calls]<UL><LI><a href="#[7a]">&gt;&gt;</a>&nbsp;&nbsp;&nbsp;LCD_DataWrite
<LI><a href="#[7b]">&gt;&gt;</a>&nbsp;&nbsp;&nbsp;LCD_DataRead
<LI><a href="#[79]">&gt;&gt;</a>&nbsp;&nbsp;&nbsp;LCD_CmdWrite
</UL>
<BR>[Called By]<UL><LI><a href="#[114]">&gt;&gt;</a>&nbsp;&nbsp;&nbsp;LT768_BTE_Memory_Copy_ColorExpansion_Chroma_key_8
<LI><a href="#[113]">&gt;&gt;</a>&nbsp;&nbsp;&nbsp;LT768_BTE_Memory_Copy_ColorExpansion_8
<LI><a href="#[62]">&gt;&gt;</a>&nbsp;&nbsp;&nbsp;LT768_BTE_Memory_Copy
</UL>

<P><STRONG><a name="[68]"></a>BTE_S0_Color_16bpp</STRONG> (Thumb, 30 bytes, Stack size 8 bytes, lt768.o(i.BTE_S0_Color_16bpp))
<BR><BR>[Stack]<UL><LI>Max Depth = 20<LI>Call Chain = BTE_S0_Color_16bpp &rArr; LCD_DataWrite &rArr; SPI_DataWrite_8
</UL>
<BR>[Calls]<UL><LI><a href="#[7a]">&gt;&gt;</a>&nbsp;&nbsp;&nbsp;LCD_DataWrite
<LI><a href="#[7b]">&gt;&gt;</a>&nbsp;&nbsp;&nbsp;LCD_DataRead
<LI><a href="#[79]">&gt;&gt;</a>&nbsp;&nbsp;&nbsp;LCD_CmdWrite
</UL>
<BR>[Called By]<UL><LI><a href="#[62]">&gt;&gt;</a>&nbsp;&nbsp;&nbsp;LT768_BTE_Memory_Copy
<LI><a href="#[5e]">&gt;&gt;</a>&nbsp;&nbsp;&nbsp;BTE_Alpha_Blending
</UL>

<P><STRONG><a name="[7d]"></a>BTE_S0_Color_8bpp</STRONG> (Thumb, 30 bytes, Stack size 8 bytes, lt768.o(i.BTE_S0_Color_8bpp))
<BR><BR>[Stack]<UL><LI>Max Depth = 20<LI>Call Chain = BTE_S0_Color_8bpp &rArr; LCD_DataWrite &rArr; SPI_DataWrite_8
</UL>
<BR>[Calls]<UL><LI><a href="#[7a]">&gt;&gt;</a>&nbsp;&nbsp;&nbsp;LCD_DataWrite
<LI><a href="#[7b]">&gt;&gt;</a>&nbsp;&nbsp;&nbsp;LCD_DataRead
<LI><a href="#[79]">&gt;&gt;</a>&nbsp;&nbsp;&nbsp;LCD_CmdWrite
</UL>
<BR>[Called By]<UL><LI><a href="#[114]">&gt;&gt;</a>&nbsp;&nbsp;&nbsp;LT768_BTE_Memory_Copy_ColorExpansion_Chroma_key_8
<LI><a href="#[113]">&gt;&gt;</a>&nbsp;&nbsp;&nbsp;LT768_BTE_Memory_Copy_ColorExpansion_8
</UL>

<P><STRONG><a name="[6c]"></a>BTE_S0_Image_Width</STRONG> (Thumb, 22 bytes, Stack size 8 bytes, lt768.o(i.BTE_S0_Image_Width))
<BR><BR>[Stack]<UL><LI>Max Depth = 36<LI>Call Chain = BTE_S0_Image_Width &rArr; LCD_RegisterWrite &rArr; LCD_DataWrite &rArr; SPI_DataWrite_8
</UL>
<BR>[Calls]<UL><LI><a href="#[53]">&gt;&gt;</a>&nbsp;&nbsp;&nbsp;LCD_RegisterWrite
</UL>
<BR>[Called By]<UL><LI><a href="#[114]">&gt;&gt;</a>&nbsp;&nbsp;&nbsp;LT768_BTE_Memory_Copy_ColorExpansion_Chroma_key_8
<LI><a href="#[113]">&gt;&gt;</a>&nbsp;&nbsp;&nbsp;LT768_BTE_Memory_Copy_ColorExpansion_8
<LI><a href="#[62]">&gt;&gt;</a>&nbsp;&nbsp;&nbsp;LT768_BTE_Memory_Copy
<LI><a href="#[5e]">&gt;&gt;</a>&nbsp;&nbsp;&nbsp;BTE_Alpha_Blending
</UL>

<P><STRONG><a name="[6b]"></a>BTE_S0_Memory_Start_Address</STRONG> (Thumb, 42 bytes, Stack size 8 bytes, lt768.o(i.BTE_S0_Memory_Start_Address))
<BR><BR>[Stack]<UL><LI>Max Depth = 36<LI>Call Chain = BTE_S0_Memory_Start_Address &rArr; LCD_RegisterWrite &rArr; LCD_DataWrite &rArr; SPI_DataWrite_8
</UL>
<BR>[Calls]<UL><LI><a href="#[53]">&gt;&gt;</a>&nbsp;&nbsp;&nbsp;LCD_RegisterWrite
</UL>
<BR>[Called By]<UL><LI><a href="#[114]">&gt;&gt;</a>&nbsp;&nbsp;&nbsp;LT768_BTE_Memory_Copy_ColorExpansion_Chroma_key_8
<LI><a href="#[113]">&gt;&gt;</a>&nbsp;&nbsp;&nbsp;LT768_BTE_Memory_Copy_ColorExpansion_8
<LI><a href="#[62]">&gt;&gt;</a>&nbsp;&nbsp;&nbsp;LT768_BTE_Memory_Copy
<LI><a href="#[5e]">&gt;&gt;</a>&nbsp;&nbsp;&nbsp;BTE_Alpha_Blending
</UL>

<P><STRONG><a name="[6d]"></a>BTE_S0_Window_Start_XY</STRONG> (Thumb, 40 bytes, Stack size 16 bytes, lt768.o(i.BTE_S0_Window_Start_XY))
<BR><BR>[Stack]<UL><LI>Max Depth = 44<LI>Call Chain = BTE_S0_Window_Start_XY &rArr; LCD_RegisterWrite &rArr; LCD_DataWrite &rArr; SPI_DataWrite_8
</UL>
<BR>[Calls]<UL><LI><a href="#[53]">&gt;&gt;</a>&nbsp;&nbsp;&nbsp;LCD_RegisterWrite
</UL>
<BR>[Called By]<UL><LI><a href="#[114]">&gt;&gt;</a>&nbsp;&nbsp;&nbsp;LT768_BTE_Memory_Copy_ColorExpansion_Chroma_key_8
<LI><a href="#[113]">&gt;&gt;</a>&nbsp;&nbsp;&nbsp;LT768_BTE_Memory_Copy_ColorExpansion_8
<LI><a href="#[62]">&gt;&gt;</a>&nbsp;&nbsp;&nbsp;LT768_BTE_Memory_Copy
<LI><a href="#[5e]">&gt;&gt;</a>&nbsp;&nbsp;&nbsp;BTE_Alpha_Blending
</UL>

<P><STRONG><a name="[69]"></a>BTE_S1_Color_16bpp</STRONG> (Thumb, 34 bytes, Stack size 8 bytes, lt768.o(i.BTE_S1_Color_16bpp))
<BR><BR>[Stack]<UL><LI>Max Depth = 20<LI>Call Chain = BTE_S1_Color_16bpp &rArr; LCD_DataWrite &rArr; SPI_DataWrite_8
</UL>
<BR>[Calls]<UL><LI><a href="#[7a]">&gt;&gt;</a>&nbsp;&nbsp;&nbsp;LCD_DataWrite
<LI><a href="#[7b]">&gt;&gt;</a>&nbsp;&nbsp;&nbsp;LCD_DataRead
<LI><a href="#[79]">&gt;&gt;</a>&nbsp;&nbsp;&nbsp;LCD_CmdWrite
</UL>
<BR>[Called By]<UL><LI><a href="#[62]">&gt;&gt;</a>&nbsp;&nbsp;&nbsp;LT768_BTE_Memory_Copy
<LI><a href="#[5e]">&gt;&gt;</a>&nbsp;&nbsp;&nbsp;BTE_Alpha_Blending
</UL>

<P><STRONG><a name="[6f]"></a>BTE_S1_Image_Width</STRONG> (Thumb, 22 bytes, Stack size 8 bytes, lt768.o(i.BTE_S1_Image_Width))
<BR><BR>[Stack]<UL><LI>Max Depth = 36<LI>Call Chain = BTE_S1_Image_Width &rArr; LCD_RegisterWrite &rArr; LCD_DataWrite &rArr; SPI_DataWrite_8
</UL>
<BR>[Calls]<UL><LI><a href="#[53]">&gt;&gt;</a>&nbsp;&nbsp;&nbsp;LCD_RegisterWrite
</UL>
<BR>[Called By]<UL><LI><a href="#[62]">&gt;&gt;</a>&nbsp;&nbsp;&nbsp;LT768_BTE_Memory_Copy
<LI><a href="#[5e]">&gt;&gt;</a>&nbsp;&nbsp;&nbsp;BTE_Alpha_Blending
</UL>

<P><STRONG><a name="[6e]"></a>BTE_S1_Memory_Start_Address</STRONG> (Thumb, 42 bytes, Stack size 8 bytes, lt768.o(i.BTE_S1_Memory_Start_Address))
<BR><BR>[Stack]<UL><LI>Max Depth = 36<LI>Call Chain = BTE_S1_Memory_Start_Address &rArr; LCD_RegisterWrite &rArr; LCD_DataWrite &rArr; SPI_DataWrite_8
</UL>
<BR>[Calls]<UL><LI><a href="#[53]">&gt;&gt;</a>&nbsp;&nbsp;&nbsp;LCD_RegisterWrite
</UL>
<BR>[Called By]<UL><LI><a href="#[62]">&gt;&gt;</a>&nbsp;&nbsp;&nbsp;LT768_BTE_Memory_Copy
<LI><a href="#[5e]">&gt;&gt;</a>&nbsp;&nbsp;&nbsp;BTE_Alpha_Blending
</UL>

<P><STRONG><a name="[70]"></a>BTE_S1_Window_Start_XY</STRONG> (Thumb, 40 bytes, Stack size 16 bytes, lt768.o(i.BTE_S1_Window_Start_XY))
<BR><BR>[Stack]<UL><LI>Max Depth = 44<LI>Call Chain = BTE_S1_Window_Start_XY &rArr; LCD_RegisterWrite &rArr; LCD_DataWrite &rArr; SPI_DataWrite_8
</UL>
<BR>[Calls]<UL><LI><a href="#[53]">&gt;&gt;</a>&nbsp;&nbsp;&nbsp;LCD_RegisterWrite
</UL>
<BR>[Called By]<UL><LI><a href="#[62]">&gt;&gt;</a>&nbsp;&nbsp;&nbsp;LT768_BTE_Memory_Copy
<LI><a href="#[5e]">&gt;&gt;</a>&nbsp;&nbsp;&nbsp;BTE_Alpha_Blending
</UL>

<P><STRONG><a name="[7e]"></a>BTE_Solid_Fill</STRONG> (Thumb, 76 bytes, Stack size 32 bytes, lt768_lib.o(i.BTE_Solid_Fill))
<BR><BR>[Stack]<UL><LI>Max Depth = 76<LI>Call Chain = BTE_Solid_Fill &rArr; BTE_Window_Size &rArr; LCD_RegisterWrite &rArr; LCD_DataWrite &rArr; SPI_DataWrite_8
</UL>
<BR>[Calls]<UL><LI><a href="#[7f]">&gt;&gt;</a>&nbsp;&nbsp;&nbsp;Foreground_color_65k
<LI><a href="#[78]">&gt;&gt;</a>&nbsp;&nbsp;&nbsp;Check_BTE_Busy
<LI><a href="#[74]">&gt;&gt;</a>&nbsp;&nbsp;&nbsp;BTE_Window_Size
<LI><a href="#[75]">&gt;&gt;</a>&nbsp;&nbsp;&nbsp;BTE_Operation_Code
<LI><a href="#[77]">&gt;&gt;</a>&nbsp;&nbsp;&nbsp;BTE_Enable
<LI><a href="#[73]">&gt;&gt;</a>&nbsp;&nbsp;&nbsp;BTE_Destination_Window_Start_XY
<LI><a href="#[71]">&gt;&gt;</a>&nbsp;&nbsp;&nbsp;BTE_Destination_Memory_Start_Address
<LI><a href="#[72]">&gt;&gt;</a>&nbsp;&nbsp;&nbsp;BTE_Destination_Image_Width
<LI><a href="#[6a]">&gt;&gt;</a>&nbsp;&nbsp;&nbsp;BTE_Destination_Color_16bpp
</UL>
<BR>[Called By]<UL><LI><a href="#[d5]">&gt;&gt;</a>&nbsp;&nbsp;&nbsp;Draw_Pillar_Demo
</UL>

<P><STRONG><a name="[74]"></a>BTE_Window_Size</STRONG> (Thumb, 40 bytes, Stack size 16 bytes, lt768.o(i.BTE_Window_Size))
<BR><BR>[Stack]<UL><LI>Max Depth = 44<LI>Call Chain = BTE_Window_Size &rArr; LCD_RegisterWrite &rArr; LCD_DataWrite &rArr; SPI_DataWrite_8
</UL>
<BR>[Calls]<UL><LI><a href="#[53]">&gt;&gt;</a>&nbsp;&nbsp;&nbsp;LCD_RegisterWrite
</UL>
<BR>[Called By]<UL><LI><a href="#[114]">&gt;&gt;</a>&nbsp;&nbsp;&nbsp;LT768_BTE_Memory_Copy_ColorExpansion_Chroma_key_8
<LI><a href="#[113]">&gt;&gt;</a>&nbsp;&nbsp;&nbsp;LT768_BTE_Memory_Copy_ColorExpansion_8
<LI><a href="#[62]">&gt;&gt;</a>&nbsp;&nbsp;&nbsp;LT768_BTE_Memory_Copy
<LI><a href="#[7e]">&gt;&gt;</a>&nbsp;&nbsp;&nbsp;BTE_Solid_Fill
<LI><a href="#[5e]">&gt;&gt;</a>&nbsp;&nbsp;&nbsp;BTE_Alpha_Blending
</UL>

<P><STRONG><a name="[80]"></a>Background_color_65k</STRONG> (Thumb, 46 bytes, Stack size 8 bytes, lt768.o(i.Background_color_65k))
<BR><BR>[Stack]<UL><LI>Max Depth = 20<LI>Call Chain = Background_color_65k &rArr; LCD_DataWrite &rArr; SPI_DataWrite_8
</UL>
<BR>[Calls]<UL><LI><a href="#[7a]">&gt;&gt;</a>&nbsp;&nbsp;&nbsp;LCD_DataWrite
<LI><a href="#[79]">&gt;&gt;</a>&nbsp;&nbsp;&nbsp;LCD_CmdWrite
</UL>
<BR>[Called By]<UL><LI><a href="#[bf]">&gt;&gt;</a>&nbsp;&nbsp;&nbsp;Show_Text
<LI><a href="#[84]">&gt;&gt;</a>&nbsp;&nbsp;&nbsp;LT768_Print_Outside_Font_String
<LI><a href="#[88]">&gt;&gt;</a>&nbsp;&nbsp;&nbsp;LT768_Print_Internal_Font_String
<LI><a href="#[113]">&gt;&gt;</a>&nbsp;&nbsp;&nbsp;LT768_BTE_Memory_Copy_ColorExpansion_8
</UL>

<P><STRONG><a name="[81]"></a>Backlight_Control</STRONG> (Thumb, 658 bytes, Stack size 56 bytes, lt768_demo.o(i.Backlight_Control))
<BR><BR>[Stack]<UL><LI>Max Depth = 156<LI>Call Chain = Backlight_Control &rArr; LT768_Select_Outside_Font_Init &rArr; LT768_DMA_24bit_Linear &rArr; Start_SFI_DMA &rArr; LCD_DataWrite &rArr; SPI_DataWrite_8
</UL>
<BR>[Calls]<UL><LI><a href="#[66]">&gt;&gt;</a>&nbsp;&nbsp;&nbsp;delay_ms
<LI><a href="#[8a]">&gt;&gt;</a>&nbsp;&nbsp;&nbsp;LT768_PWM1_Init
<LI><a href="#[89]">&gt;&gt;</a>&nbsp;&nbsp;&nbsp;gt911_Scan
<LI><a href="#[83]">&gt;&gt;</a>&nbsp;&nbsp;&nbsp;LT768_Select_Outside_Font_Init
<LI><a href="#[84]">&gt;&gt;</a>&nbsp;&nbsp;&nbsp;LT768_Print_Outside_Font_String
<LI><a href="#[88]">&gt;&gt;</a>&nbsp;&nbsp;&nbsp;LT768_Print_Internal_Font_String
<LI><a href="#[82]">&gt;&gt;</a>&nbsp;&nbsp;&nbsp;LT768_DrawSquare_Width
<LI><a href="#[5c]">&gt;&gt;</a>&nbsp;&nbsp;&nbsp;LT768_DrawSquare_Fill
<LI><a href="#[87]">&gt;&gt;</a>&nbsp;&nbsp;&nbsp;__2sprintf
<LI><a href="#[56]">&gt;&gt;</a>&nbsp;&nbsp;&nbsp;Select_Main_Window_16bpp
<LI><a href="#[59]">&gt;&gt;</a>&nbsp;&nbsp;&nbsp;Main_Window_Start_XY
<LI><a href="#[58]">&gt;&gt;</a>&nbsp;&nbsp;&nbsp;Main_Image_Width
<LI><a href="#[57]">&gt;&gt;</a>&nbsp;&nbsp;&nbsp;Main_Image_Start_Address
<LI><a href="#[85]">&gt;&gt;</a>&nbsp;&nbsp;&nbsp;Font_Width_X2
<LI><a href="#[86]">&gt;&gt;</a>&nbsp;&nbsp;&nbsp;Font_Height_X2
<LI><a href="#[5b]">&gt;&gt;</a>&nbsp;&nbsp;&nbsp;Canvas_image_width
<LI><a href="#[5a]">&gt;&gt;</a>&nbsp;&nbsp;&nbsp;Canvas_Image_Start_address
<LI><a href="#[54]">&gt;&gt;</a>&nbsp;&nbsp;&nbsp;Active_Window_XY
<LI><a href="#[52]">&gt;&gt;</a>&nbsp;&nbsp;&nbsp;Active_Window_WH
</UL>
<BR>[Called By]<UL><LI><a href="#[18f]">&gt;&gt;</a>&nbsp;&nbsp;&nbsp;Select_Function
</UL>

<P><STRONG><a name="[8b]"></a>Blinking_Time_Frames</STRONG> (Thumb, 18 bytes, Stack size 8 bytes, lt768.o(i.Blinking_Time_Frames))
<BR><BR>[Stack]<UL><LI>Max Depth = 20<LI>Call Chain = Blinking_Time_Frames &rArr; LCD_DataWrite &rArr; SPI_DataWrite_8
</UL>
<BR>[Calls]<UL><LI><a href="#[7a]">&gt;&gt;</a>&nbsp;&nbsp;&nbsp;LCD_DataWrite
<LI><a href="#[79]">&gt;&gt;</a>&nbsp;&nbsp;&nbsp;LCD_CmdWrite
</UL>
<BR>[Called By]<UL><LI><a href="#[173]">&gt;&gt;</a>&nbsp;&nbsp;&nbsp;LT768_Text_cursor_Init
</UL>

<P><STRONG><a name="[8c]"></a>Button_ON_OFF</STRONG> (Thumb, 156 bytes, Stack size 56 bytes, lt768_demo.o(i.Button_ON_OFF))
<BR><BR>[Stack]<UL><LI>Max Depth = 140<LI>Call Chain = Button_ON_OFF &rArr; LT768_BTE_Memory_Copy &rArr; BTE_Window_Size &rArr; LCD_RegisterWrite &rArr; LCD_DataWrite &rArr; SPI_DataWrite_8
</UL>
<BR>[Calls]<UL><LI><a href="#[8d]">&gt;&gt;</a>&nbsp;&nbsp;&nbsp;LT768_DrawCircle_Fill
<LI><a href="#[62]">&gt;&gt;</a>&nbsp;&nbsp;&nbsp;LT768_BTE_Memory_Copy
</UL>
<BR>[Called By]<UL><LI><a href="#[ba]">&gt;&gt;</a>&nbsp;&nbsp;&nbsp;Controller_Demo
</UL>

<P><STRONG><a name="[8e]"></a>CGRAM_Start_address</STRONG> (Thumb, 58 bytes, Stack size 8 bytes, lt768.o(i.CGRAM_Start_address))
<BR><BR>[Stack]<UL><LI>Max Depth = 20<LI>Call Chain = CGRAM_Start_address &rArr; LCD_DataWrite &rArr; SPI_DataWrite_8
</UL>
<BR>[Calls]<UL><LI><a href="#[7a]">&gt;&gt;</a>&nbsp;&nbsp;&nbsp;LCD_DataWrite
<LI><a href="#[79]">&gt;&gt;</a>&nbsp;&nbsp;&nbsp;LCD_CmdWrite
</UL>
<BR>[Called By]<UL><LI><a href="#[83]">&gt;&gt;</a>&nbsp;&nbsp;&nbsp;LT768_Select_Outside_Font_Init
</UL>

<P><STRONG><a name="[8f]"></a>CGROM_Select_Internal_CGROM</STRONG> (Thumb, 30 bytes, Stack size 8 bytes, lt768.o(i.CGROM_Select_Internal_CGROM))
<BR><BR>[Stack]<UL><LI>Max Depth = 20<LI>Call Chain = CGROM_Select_Internal_CGROM &rArr; LCD_DataWrite &rArr; SPI_DataWrite_8
</UL>
<BR>[Calls]<UL><LI><a href="#[7a]">&gt;&gt;</a>&nbsp;&nbsp;&nbsp;LCD_DataWrite
<LI><a href="#[7b]">&gt;&gt;</a>&nbsp;&nbsp;&nbsp;LCD_DataRead
<LI><a href="#[79]">&gt;&gt;</a>&nbsp;&nbsp;&nbsp;LCD_CmdWrite
</UL>
<BR>[Called By]<UL><LI><a href="#[bf]">&gt;&gt;</a>&nbsp;&nbsp;&nbsp;Show_Text
<LI><a href="#[84]">&gt;&gt;</a>&nbsp;&nbsp;&nbsp;LT768_Print_Outside_Font_String
<LI><a href="#[88]">&gt;&gt;</a>&nbsp;&nbsp;&nbsp;LT768_Print_Internal_Font_String
</UL>

<P><STRONG><a name="[90]"></a>CTP_io_Init</STRONG> (Thumb, 854 bytes, Stack size 48 bytes, gt911.o(i.CTP_io_Init))
<BR><BR>[Stack]<UL><LI>Max Depth = 100<LI>Call Chain = CTP_io_Init &rArr; LT_I2C_Read_NByte &rArr; LT768_I2CM_transmit_Progress &rArr; LCD_DataRead &rArr; SPI_DataRead_8
</UL>
<BR>[Calls]<UL><LI><a href="#[91]">&gt;&gt;</a>&nbsp;&nbsp;&nbsp;RCC_APB2PeriphClockCmd
<LI><a href="#[92]">&gt;&gt;</a>&nbsp;&nbsp;&nbsp;GPIO_Init
<LI><a href="#[a0]">&gt;&gt;</a>&nbsp;&nbsp;&nbsp;INTX_ENABLE
<LI><a href="#[64]">&gt;&gt;</a>&nbsp;&nbsp;&nbsp;delay_us
<LI><a href="#[66]">&gt;&gt;</a>&nbsp;&nbsp;&nbsp;delay_ms
<LI><a href="#[9f]">&gt;&gt;</a>&nbsp;&nbsp;&nbsp;NVIC_SetVectorTable
<LI><a href="#[9d]">&gt;&gt;</a>&nbsp;&nbsp;&nbsp;NVIC_PriorityGroupConfig
<LI><a href="#[9e]">&gt;&gt;</a>&nbsp;&nbsp;&nbsp;NVIC_Init
<LI><a href="#[95]">&gt;&gt;</a>&nbsp;&nbsp;&nbsp;GPIO_ReadOutputDataBit
<LI><a href="#[9b]">&gt;&gt;</a>&nbsp;&nbsp;&nbsp;GPIO_EXTILineConfig
<LI><a href="#[9c]">&gt;&gt;</a>&nbsp;&nbsp;&nbsp;EXTI_Init
<LI><a href="#[a3]">&gt;&gt;</a>&nbsp;&nbsp;&nbsp;LT_I2C_Read_NByte
<LI><a href="#[99]">&gt;&gt;</a>&nbsp;&nbsp;&nbsp;GPIO_ReadInputDataBit
<LI><a href="#[94]">&gt;&gt;</a>&nbsp;&nbsp;&nbsp;GPIO_ResetBits
<LI><a href="#[96]">&gt;&gt;</a>&nbsp;&nbsp;&nbsp;__2printf
<LI><a href="#[98]">&gt;&gt;</a>&nbsp;&nbsp;&nbsp;GPIO_SetBits
<LI><a href="#[97]">&gt;&gt;</a>&nbsp;&nbsp;&nbsp;Write_GPIO_A_7_0
<LI><a href="#[93]">&gt;&gt;</a>&nbsp;&nbsp;&nbsp;Set_GPIO_A_In_Out
<LI><a href="#[9a]">&gt;&gt;</a>&nbsp;&nbsp;&nbsp;Read_GPIO_A_7_0
<LI><a href="#[a7]">&gt;&gt;</a>&nbsp;&nbsp;&nbsp;LT768_I2CM_transmit_Progress
<LI><a href="#[a5]">&gt;&gt;</a>&nbsp;&nbsp;&nbsp;LT768_I2CM_Write_With_Start
<LI><a href="#[a8]">&gt;&gt;</a>&nbsp;&nbsp;&nbsp;LT768_I2CM_Write
<LI><a href="#[a4]">&gt;&gt;</a>&nbsp;&nbsp;&nbsp;LT768_I2CM_Transmit_Data
<LI><a href="#[a9]">&gt;&gt;</a>&nbsp;&nbsp;&nbsp;LT768_I2CM_Stop
<LI><a href="#[ad]">&gt;&gt;</a>&nbsp;&nbsp;&nbsp;LT768_I2CM_Receiver_Data
<LI><a href="#[ab]">&gt;&gt;</a>&nbsp;&nbsp;&nbsp;LT768_I2CM_Read_With_Nack
<LI><a href="#[ac]">&gt;&gt;</a>&nbsp;&nbsp;&nbsp;LT768_I2CM_Read_With_Ack
<LI><a href="#[a2]">&gt;&gt;</a>&nbsp;&nbsp;&nbsp;LT768_I2CM_Enable
<LI><a href="#[a1]">&gt;&gt;</a>&nbsp;&nbsp;&nbsp;LT768_I2CM_Clock_Prescale
<LI><a href="#[a6]">&gt;&gt;</a>&nbsp;&nbsp;&nbsp;LT768_I2CM_Check_Slave_ACK
<LI><a href="#[aa]">&gt;&gt;</a>&nbsp;&nbsp;&nbsp;LT768_I2CM_Bus_Busy
</UL>
<BR>[Called By]<UL><LI><a href="#[35]">&gt;&gt;</a>&nbsp;&nbsp;&nbsp;main
</UL>

<P><STRONG><a name="[5a]"></a>Canvas_Image_Start_address</STRONG> (Thumb, 42 bytes, Stack size 8 bytes, lt768.o(i.Canvas_Image_Start_address))
<BR><BR>[Stack]<UL><LI>Max Depth = 36<LI>Call Chain = Canvas_Image_Start_address &rArr; LCD_RegisterWrite &rArr; LCD_DataWrite &rArr; SPI_DataWrite_8
</UL>
<BR>[Calls]<UL><LI><a href="#[53]">&gt;&gt;</a>&nbsp;&nbsp;&nbsp;LCD_RegisterWrite
</UL>
<BR>[Called By]<UL><LI><a href="#[1a2]">&gt;&gt;</a>&nbsp;&nbsp;&nbsp;StartUp_picture
<LI><a href="#[18f]">&gt;&gt;</a>&nbsp;&nbsp;&nbsp;Select_Function
<LI><a href="#[178]">&gt;&gt;</a>&nbsp;&nbsp;&nbsp;Main_GUI
<LI><a href="#[194]">&gt;&gt;</a>&nbsp;&nbsp;&nbsp;Waveform_Demo
<LI><a href="#[191]">&gt;&gt;</a>&nbsp;&nbsp;&nbsp;Text_Demo
<LI><a href="#[19d]">&gt;&gt;</a>&nbsp;&nbsp;&nbsp;Show_temperature
<LI><a href="#[19c]">&gt;&gt;</a>&nbsp;&nbsp;&nbsp;Show_Total
<LI><a href="#[193]">&gt;&gt;</a>&nbsp;&nbsp;&nbsp;Show_Panel
<LI><a href="#[19a]">&gt;&gt;</a>&nbsp;&nbsp;&nbsp;Show_Gears
<LI><a href="#[c0]">&gt;&gt;</a>&nbsp;&nbsp;&nbsp;Pointer_Show
<LI><a href="#[186]">&gt;&gt;</a>&nbsp;&nbsp;&nbsp;Pointer4_Turn
<LI><a href="#[185]">&gt;&gt;</a>&nbsp;&nbsp;&nbsp;Pointer3_Turn
<LI><a href="#[184]">&gt;&gt;</a>&nbsp;&nbsp;&nbsp;Pointer2_Turn
<LI><a href="#[180]">&gt;&gt;</a>&nbsp;&nbsp;&nbsp;Pointer1_Turn
<LI><a href="#[17d]">&gt;&gt;</a>&nbsp;&nbsp;&nbsp;PIP_Demo
<LI><a href="#[17a]">&gt;&gt;</a>&nbsp;&nbsp;&nbsp;Outside_Font
<LI><a href="#[f4]">&gt;&gt;</a>&nbsp;&nbsp;&nbsp;Flash_To_Sdram
<LI><a href="#[e2]">&gt;&gt;</a>&nbsp;&nbsp;&nbsp;Draw_Table
<LI><a href="#[dd]">&gt;&gt;</a>&nbsp;&nbsp;&nbsp;Draw_Rectangle
<LI><a href="#[d8]">&gt;&gt;</a>&nbsp;&nbsp;&nbsp;Draw_Polygon
<LI><a href="#[d5]">&gt;&gt;</a>&nbsp;&nbsp;&nbsp;Draw_Pillar_Demo
<LI><a href="#[d1]">&gt;&gt;</a>&nbsp;&nbsp;&nbsp;Draw_Line_Curve
<LI><a href="#[ce]">&gt;&gt;</a>&nbsp;&nbsp;&nbsp;Draw_Circle_Ellipse
<LI><a href="#[cb]">&gt;&gt;</a>&nbsp;&nbsp;&nbsp;Display_Levetop
<LI><a href="#[c4]">&gt;&gt;</a>&nbsp;&nbsp;&nbsp;DMA_Demo
<LI><a href="#[ba]">&gt;&gt;</a>&nbsp;&nbsp;&nbsp;Controller_Demo
<LI><a href="#[b8]">&gt;&gt;</a>&nbsp;&nbsp;&nbsp;Clear_Icon
<LI><a href="#[ae]">&gt;&gt;</a>&nbsp;&nbsp;&nbsp;Cartoon_Show
<LI><a href="#[81]">&gt;&gt;</a>&nbsp;&nbsp;&nbsp;Backlight_Control
<LI><a href="#[65]">&gt;&gt;</a>&nbsp;&nbsp;&nbsp;App_Demo_slide_frame_buffer
<LI><a href="#[60]">&gt;&gt;</a>&nbsp;&nbsp;&nbsp;App_Demo_BTE
<LI><a href="#[55]">&gt;&gt;</a>&nbsp;&nbsp;&nbsp;App_Demo_Alpha_Blending
<LI><a href="#[16c]">&gt;&gt;</a>&nbsp;&nbsp;&nbsp;LT768_Print_Outside_Font_GB2312_48_72
</UL>

<P><STRONG><a name="[5b]"></a>Canvas_image_width</STRONG> (Thumb, 22 bytes, Stack size 8 bytes, lt768.o(i.Canvas_image_width))
<BR><BR>[Stack]<UL><LI>Max Depth = 36<LI>Call Chain = Canvas_image_width &rArr; LCD_RegisterWrite &rArr; LCD_DataWrite &rArr; SPI_DataWrite_8
</UL>
<BR>[Calls]<UL><LI><a href="#[53]">&gt;&gt;</a>&nbsp;&nbsp;&nbsp;LCD_RegisterWrite
</UL>
<BR>[Called By]<UL><LI><a href="#[1a2]">&gt;&gt;</a>&nbsp;&nbsp;&nbsp;StartUp_picture
<LI><a href="#[18f]">&gt;&gt;</a>&nbsp;&nbsp;&nbsp;Select_Function
<LI><a href="#[178]">&gt;&gt;</a>&nbsp;&nbsp;&nbsp;Main_GUI
<LI><a href="#[194]">&gt;&gt;</a>&nbsp;&nbsp;&nbsp;Waveform_Demo
<LI><a href="#[191]">&gt;&gt;</a>&nbsp;&nbsp;&nbsp;Text_Demo
<LI><a href="#[19d]">&gt;&gt;</a>&nbsp;&nbsp;&nbsp;Show_temperature
<LI><a href="#[19c]">&gt;&gt;</a>&nbsp;&nbsp;&nbsp;Show_Total
<LI><a href="#[193]">&gt;&gt;</a>&nbsp;&nbsp;&nbsp;Show_Panel
<LI><a href="#[19a]">&gt;&gt;</a>&nbsp;&nbsp;&nbsp;Show_Gears
<LI><a href="#[c0]">&gt;&gt;</a>&nbsp;&nbsp;&nbsp;Pointer_Show
<LI><a href="#[186]">&gt;&gt;</a>&nbsp;&nbsp;&nbsp;Pointer4_Turn
<LI><a href="#[185]">&gt;&gt;</a>&nbsp;&nbsp;&nbsp;Pointer3_Turn
<LI><a href="#[184]">&gt;&gt;</a>&nbsp;&nbsp;&nbsp;Pointer2_Turn
<LI><a href="#[180]">&gt;&gt;</a>&nbsp;&nbsp;&nbsp;Pointer1_Turn
<LI><a href="#[17d]">&gt;&gt;</a>&nbsp;&nbsp;&nbsp;PIP_Demo
<LI><a href="#[17a]">&gt;&gt;</a>&nbsp;&nbsp;&nbsp;Outside_Font
<LI><a href="#[f4]">&gt;&gt;</a>&nbsp;&nbsp;&nbsp;Flash_To_Sdram
<LI><a href="#[e2]">&gt;&gt;</a>&nbsp;&nbsp;&nbsp;Draw_Table
<LI><a href="#[dd]">&gt;&gt;</a>&nbsp;&nbsp;&nbsp;Draw_Rectangle
<LI><a href="#[d8]">&gt;&gt;</a>&nbsp;&nbsp;&nbsp;Draw_Polygon
<LI><a href="#[d5]">&gt;&gt;</a>&nbsp;&nbsp;&nbsp;Draw_Pillar_Demo
<LI><a href="#[d1]">&gt;&gt;</a>&nbsp;&nbsp;&nbsp;Draw_Line_Curve
<LI><a href="#[ce]">&gt;&gt;</a>&nbsp;&nbsp;&nbsp;Draw_Circle_Ellipse
<LI><a href="#[cb]">&gt;&gt;</a>&nbsp;&nbsp;&nbsp;Display_Levetop
<LI><a href="#[c4]">&gt;&gt;</a>&nbsp;&nbsp;&nbsp;DMA_Demo
<LI><a href="#[ba]">&gt;&gt;</a>&nbsp;&nbsp;&nbsp;Controller_Demo
<LI><a href="#[b8]">&gt;&gt;</a>&nbsp;&nbsp;&nbsp;Clear_Icon
<LI><a href="#[ae]">&gt;&gt;</a>&nbsp;&nbsp;&nbsp;Cartoon_Show
<LI><a href="#[81]">&gt;&gt;</a>&nbsp;&nbsp;&nbsp;Backlight_Control
<LI><a href="#[65]">&gt;&gt;</a>&nbsp;&nbsp;&nbsp;App_Demo_slide_frame_buffer
<LI><a href="#[60]">&gt;&gt;</a>&nbsp;&nbsp;&nbsp;App_Demo_BTE
<LI><a href="#[55]">&gt;&gt;</a>&nbsp;&nbsp;&nbsp;App_Demo_Alpha_Blending
<LI><a href="#[16c]">&gt;&gt;</a>&nbsp;&nbsp;&nbsp;LT768_Print_Outside_Font_GB2312_48_72
</UL>

<P><STRONG><a name="[ae]"></a>Cartoon_Show</STRONG> (Thumb, 456 bytes, Stack size 64 bytes, lt768_demo.o(i.Cartoon_Show))
<BR><BR>[Stack]<UL><LI>Max Depth = 164<LI>Call Chain = Cartoon_Show &rArr; Screen_delay_Count &rArr; Scan_Screen_Delay_1ms &rArr; gt911_Scan &rArr; TP_read_XY &rArr; LT_I2C_Read_NByte &rArr; LT768_I2CM_transmit_Progress &rArr; LCD_DataRead &rArr; SPI_DataRead_8
</UL>
<BR>[Calls]<UL><LI><a href="#[5f]">&gt;&gt;</a>&nbsp;&nbsp;&nbsp;Screen_delay_Count
<LI><a href="#[5c]">&gt;&gt;</a>&nbsp;&nbsp;&nbsp;LT768_DrawSquare_Fill
<LI><a href="#[5d]">&gt;&gt;</a>&nbsp;&nbsp;&nbsp;LT768_DMA_24bit_Block
<LI><a href="#[62]">&gt;&gt;</a>&nbsp;&nbsp;&nbsp;LT768_BTE_Memory_Copy
<LI><a href="#[56]">&gt;&gt;</a>&nbsp;&nbsp;&nbsp;Select_Main_Window_16bpp
<LI><a href="#[59]">&gt;&gt;</a>&nbsp;&nbsp;&nbsp;Main_Window_Start_XY
<LI><a href="#[58]">&gt;&gt;</a>&nbsp;&nbsp;&nbsp;Main_Image_Width
<LI><a href="#[57]">&gt;&gt;</a>&nbsp;&nbsp;&nbsp;Main_Image_Start_Address
<LI><a href="#[5b]">&gt;&gt;</a>&nbsp;&nbsp;&nbsp;Canvas_image_width
<LI><a href="#[5a]">&gt;&gt;</a>&nbsp;&nbsp;&nbsp;Canvas_Image_Start_address
<LI><a href="#[54]">&gt;&gt;</a>&nbsp;&nbsp;&nbsp;Active_Window_XY
<LI><a href="#[52]">&gt;&gt;</a>&nbsp;&nbsp;&nbsp;Active_Window_WH
</UL>
<BR>[Called By]<UL><LI><a href="#[18f]">&gt;&gt;</a>&nbsp;&nbsp;&nbsp;Select_Function
</UL>

<P><STRONG><a name="[af]"></a>Check_2D_Busy</STRONG> (Thumb, 18 bytes, Stack size 8 bytes, lt768.o(i.Check_2D_Busy))
<BR><BR>[Stack]<UL><LI>Max Depth = 20<LI>Call Chain = Check_2D_Busy &rArr; LCD_StatusRead &rArr; SPI_StatusRead_8
</UL>
<BR>[Calls]<UL><LI><a href="#[b0]">&gt;&gt;</a>&nbsp;&nbsp;&nbsp;LCD_StatusRead
</UL>
<BR>[Called By]<UL><LI><a href="#[e6]">&gt;&gt;</a>&nbsp;&nbsp;&nbsp;LT768_DrawLine1
<LI><a href="#[84]">&gt;&gt;</a>&nbsp;&nbsp;&nbsp;LT768_Print_Outside_Font_String
<LI><a href="#[dc]">&gt;&gt;</a>&nbsp;&nbsp;&nbsp;LT768_DrawTriangle_Fill
<LI><a href="#[db]">&gt;&gt;</a>&nbsp;&nbsp;&nbsp;LT768_DrawTriangle
<LI><a href="#[5c]">&gt;&gt;</a>&nbsp;&nbsp;&nbsp;LT768_DrawSquare_Fill
<LI><a href="#[de]">&gt;&gt;</a>&nbsp;&nbsp;&nbsp;LT768_DrawSquare
<LI><a href="#[143]">&gt;&gt;</a>&nbsp;&nbsp;&nbsp;LT768_DrawRightUpCurve_Fill
<LI><a href="#[141]">&gt;&gt;</a>&nbsp;&nbsp;&nbsp;LT768_DrawRightUpCurve
<LI><a href="#[13f]">&gt;&gt;</a>&nbsp;&nbsp;&nbsp;LT768_DrawRightDownCurve_Fill
<LI><a href="#[13d]">&gt;&gt;</a>&nbsp;&nbsp;&nbsp;LT768_DrawRightDownCurve
<LI><a href="#[13b]">&gt;&gt;</a>&nbsp;&nbsp;&nbsp;LT768_DrawQuadrilateral_Fill
<LI><a href="#[13c]">&gt;&gt;</a>&nbsp;&nbsp;&nbsp;LT768_DrawQuadrilateral
<LI><a href="#[da]">&gt;&gt;</a>&nbsp;&nbsp;&nbsp;LT768_DrawPentagon_Fill
<LI><a href="#[d9]">&gt;&gt;</a>&nbsp;&nbsp;&nbsp;LT768_DrawPentagon
<LI><a href="#[61]">&gt;&gt;</a>&nbsp;&nbsp;&nbsp;LT768_DrawLine
<LI><a href="#[131]">&gt;&gt;</a>&nbsp;&nbsp;&nbsp;LT768_DrawLeftUpCurve_Fill
<LI><a href="#[12f]">&gt;&gt;</a>&nbsp;&nbsp;&nbsp;LT768_DrawLeftUpCurve
<LI><a href="#[12d]">&gt;&gt;</a>&nbsp;&nbsp;&nbsp;LT768_DrawLeftDownCurve_Fill
<LI><a href="#[12b]">&gt;&gt;</a>&nbsp;&nbsp;&nbsp;LT768_DrawLeftDownCurve
<LI><a href="#[d0]">&gt;&gt;</a>&nbsp;&nbsp;&nbsp;LT768_DrawEllipse_Fill
<LI><a href="#[cf]">&gt;&gt;</a>&nbsp;&nbsp;&nbsp;LT768_DrawEllipse
<LI><a href="#[8d]">&gt;&gt;</a>&nbsp;&nbsp;&nbsp;LT768_DrawCircle_Fill
<LI><a href="#[e1]">&gt;&gt;</a>&nbsp;&nbsp;&nbsp;LT768_DrawCircleSquare_Fill
<LI><a href="#[e0]">&gt;&gt;</a>&nbsp;&nbsp;&nbsp;LT768_DrawCircleSquare
<LI><a href="#[be]">&gt;&gt;</a>&nbsp;&nbsp;&nbsp;LT768_DrawCircle
<LI><a href="#[16b]">&gt;&gt;</a>&nbsp;&nbsp;&nbsp;Show_String
</UL>

<P><STRONG><a name="[78]"></a>Check_BTE_Busy</STRONG> (Thumb, 18 bytes, Stack size 8 bytes, lt768.o(i.Check_BTE_Busy))
<BR><BR>[Stack]<UL><LI>Max Depth = 20<LI>Call Chain = Check_BTE_Busy &rArr; LCD_StatusRead &rArr; SPI_StatusRead_8
</UL>
<BR>[Calls]<UL><LI><a href="#[b0]">&gt;&gt;</a>&nbsp;&nbsp;&nbsp;LCD_StatusRead
</UL>
<BR>[Called By]<UL><LI><a href="#[114]">&gt;&gt;</a>&nbsp;&nbsp;&nbsp;LT768_BTE_Memory_Copy_ColorExpansion_Chroma_key_8
<LI><a href="#[113]">&gt;&gt;</a>&nbsp;&nbsp;&nbsp;LT768_BTE_Memory_Copy_ColorExpansion_8
<LI><a href="#[62]">&gt;&gt;</a>&nbsp;&nbsp;&nbsp;LT768_BTE_Memory_Copy
<LI><a href="#[7e]">&gt;&gt;</a>&nbsp;&nbsp;&nbsp;BTE_Solid_Fill
<LI><a href="#[5e]">&gt;&gt;</a>&nbsp;&nbsp;&nbsp;BTE_Alpha_Blending
</UL>

<P><STRONG><a name="[b1]"></a>Check_Busy_Draw</STRONG> (Thumb, 18 bytes, Stack size 8 bytes, lt768.o(i.Check_Busy_Draw))
<BR><BR>[Stack]<UL><LI>Max Depth = 20<LI>Call Chain = Check_Busy_Draw &rArr; LCD_StatusRead &rArr; SPI_StatusRead_8
</UL>
<BR>[Calls]<UL><LI><a href="#[b0]">&gt;&gt;</a>&nbsp;&nbsp;&nbsp;LCD_StatusRead
</UL>
<BR>[Called By]<UL><LI><a href="#[13b]">&gt;&gt;</a>&nbsp;&nbsp;&nbsp;LT768_DrawQuadrilateral_Fill
<LI><a href="#[13c]">&gt;&gt;</a>&nbsp;&nbsp;&nbsp;LT768_DrawQuadrilateral
<LI><a href="#[da]">&gt;&gt;</a>&nbsp;&nbsp;&nbsp;LT768_DrawPentagon_Fill
<LI><a href="#[d9]">&gt;&gt;</a>&nbsp;&nbsp;&nbsp;LT768_DrawPentagon
<LI><a href="#[148]">&gt;&gt;</a>&nbsp;&nbsp;&nbsp;Start_Triangle_Fill
<LI><a href="#[147]">&gt;&gt;</a>&nbsp;&nbsp;&nbsp;Start_Triangle
<LI><a href="#[146]">&gt;&gt;</a>&nbsp;&nbsp;&nbsp;Start_Square_Fill
<LI><a href="#[145]">&gt;&gt;</a>&nbsp;&nbsp;&nbsp;Start_Square
<LI><a href="#[144]">&gt;&gt;</a>&nbsp;&nbsp;&nbsp;Start_Right_Up_Curve_Fill
<LI><a href="#[142]">&gt;&gt;</a>&nbsp;&nbsp;&nbsp;Start_Right_Up_Curve
<LI><a href="#[140]">&gt;&gt;</a>&nbsp;&nbsp;&nbsp;Start_Right_Down_Curve_Fill
<LI><a href="#[13e]">&gt;&gt;</a>&nbsp;&nbsp;&nbsp;Start_Right_Down_Curve
<LI><a href="#[135]">&gt;&gt;</a>&nbsp;&nbsp;&nbsp;Start_Line
<LI><a href="#[132]">&gt;&gt;</a>&nbsp;&nbsp;&nbsp;Start_Left_Up_Curve_Fill
<LI><a href="#[130]">&gt;&gt;</a>&nbsp;&nbsp;&nbsp;Start_Left_Up_Curve
<LI><a href="#[12e]">&gt;&gt;</a>&nbsp;&nbsp;&nbsp;Start_Left_Down_Curve_Fill
<LI><a href="#[12c]">&gt;&gt;</a>&nbsp;&nbsp;&nbsp;Start_Left_Down_Curve
<LI><a href="#[12a]">&gt;&gt;</a>&nbsp;&nbsp;&nbsp;Start_Circle_or_Ellipse_Fill
<LI><a href="#[125]">&gt;&gt;</a>&nbsp;&nbsp;&nbsp;Start_Circle_or_Ellipse
<LI><a href="#[129]">&gt;&gt;</a>&nbsp;&nbsp;&nbsp;Start_Circle_Square_Fill
<LI><a href="#[128]">&gt;&gt;</a>&nbsp;&nbsp;&nbsp;Start_Circle_Square
</UL>

<P><STRONG><a name="[b2]"></a>Check_Busy_SFI_DMA</STRONG> (Thumb, 24 bytes, Stack size 8 bytes, lt768.o(i.Check_Busy_SFI_DMA))
<BR><BR>[Stack]<UL><LI>Max Depth = 20<LI>Call Chain = Check_Busy_SFI_DMA &rArr; LCD_DataRead &rArr; SPI_DataRead_8
</UL>
<BR>[Calls]<UL><LI><a href="#[7b]">&gt;&gt;</a>&nbsp;&nbsp;&nbsp;LCD_DataRead
<LI><a href="#[79]">&gt;&gt;</a>&nbsp;&nbsp;&nbsp;LCD_CmdWrite
</UL>
<BR>[Called By]<UL><LI><a href="#[11e]">&gt;&gt;</a>&nbsp;&nbsp;&nbsp;LT768_DMA_24bit_Linear
<LI><a href="#[5d]">&gt;&gt;</a>&nbsp;&nbsp;&nbsp;LT768_DMA_24bit_Block
</UL>

<P><STRONG><a name="[b3]"></a>Check_Mem_WR_FIFO_not_Full</STRONG> (Thumb, 18 bytes, Stack size 8 bytes, lt768.o(i.Check_Mem_WR_FIFO_not_Full))
<BR><BR>[Stack]<UL><LI>Max Depth = 20<LI>Call Chain = Check_Mem_WR_FIFO_not_Full &rArr; LCD_StatusRead &rArr; SPI_StatusRead_8
</UL>
<BR>[Calls]<UL><LI><a href="#[b0]">&gt;&gt;</a>&nbsp;&nbsp;&nbsp;LCD_StatusRead
</UL>
<BR>[Called By]<UL><LI><a href="#[84]">&gt;&gt;</a>&nbsp;&nbsp;&nbsp;LT768_Print_Outside_Font_String
<LI><a href="#[16b]">&gt;&gt;</a>&nbsp;&nbsp;&nbsp;Show_String
</UL>

<P><STRONG><a name="[b4]"></a>Check_SDRAM_Ready</STRONG> (Thumb, 18 bytes, Stack size 8 bytes, lt768.o(i.Check_SDRAM_Ready))
<BR><BR>[Stack]<UL><LI>Max Depth = 20<LI>Call Chain = Check_SDRAM_Ready &rArr; LCD_StatusRead &rArr; SPI_StatusRead_8
</UL>
<BR>[Calls]<UL><LI><a href="#[b0]">&gt;&gt;</a>&nbsp;&nbsp;&nbsp;LCD_StatusRead
</UL>
<BR>[Called By]<UL><LI><a href="#[16f]">&gt;&gt;</a>&nbsp;&nbsp;&nbsp;LT768_SDRAM_initail
</UL>

<P><STRONG><a name="[b5]"></a>Circle_Center_XY</STRONG> (Thumb, 56 bytes, Stack size 16 bytes, lt768.o(i.Circle_Center_XY))
<BR><BR>[Stack]<UL><LI>Max Depth = 28<LI>Call Chain = Circle_Center_XY &rArr; LCD_DataWrite &rArr; SPI_DataWrite_8
</UL>
<BR>[Calls]<UL><LI><a href="#[7a]">&gt;&gt;</a>&nbsp;&nbsp;&nbsp;LCD_DataWrite
<LI><a href="#[79]">&gt;&gt;</a>&nbsp;&nbsp;&nbsp;LCD_CmdWrite
</UL>
<BR>[Called By]<UL><LI><a href="#[8d]">&gt;&gt;</a>&nbsp;&nbsp;&nbsp;LT768_DrawCircle_Fill
<LI><a href="#[be]">&gt;&gt;</a>&nbsp;&nbsp;&nbsp;LT768_DrawCircle
</UL>

<P><STRONG><a name="[b6]"></a>Circle_Radius_R</STRONG> (Thumb, 54 bytes, Stack size 8 bytes, lt768.o(i.Circle_Radius_R))
<BR><BR>[Stack]<UL><LI>Max Depth = 20<LI>Call Chain = Circle_Radius_R &rArr; LCD_DataWrite &rArr; SPI_DataWrite_8
</UL>
<BR>[Calls]<UL><LI><a href="#[7a]">&gt;&gt;</a>&nbsp;&nbsp;&nbsp;LCD_DataWrite
<LI><a href="#[79]">&gt;&gt;</a>&nbsp;&nbsp;&nbsp;LCD_CmdWrite
</UL>
[...]
</UL>

<P><STRONG><a name="[198]"></a>VSYNC_Low_Active</STRONG> (Thumb, 26 bytes, Stack size 8 bytes, lt768.o(i.VSYNC_Low_Active))
<BR><BR>[Stack]<UL><LI>Max Depth = 20<LI>Call Chain = VSYNC_Low_Active &rArr; LCD_DataWrite &rArr; SPI_DataWrite_8
</UL>
<BR>[Calls]<UL><LI><a href="#[7a]">&gt;&gt;</a>&nbsp;&nbsp;&nbsp;LCD_DataWrite
<LI><a href="#[7b]">&gt;&gt;</a>&nbsp;&nbsp;&nbsp;LCD_DataRead
<LI><a href="#[79]">&gt;&gt;</a>&nbsp;&nbsp;&nbsp;LCD_CmdWrite
</UL>
<BR>[Called By]<UL><LI><a href="#[175]">&gt;&gt;</a>&nbsp;&nbsp;&nbsp;Set_LCD_Panel
</UL>

<P><STRONG><a name="[cc]"></a>Waiting_ClickScreen</STRONG> (Thumb, 40 bytes, Stack size 8 bytes, lt768_demo.o(i.Waiting_ClickScreen))
<BR><BR>[Stack]<UL><LI>Max Depth = 92<LI>Call Chain = Waiting_ClickScreen &rArr; gt911_Scan &rArr; TP_read_XY &rArr; LT_I2C_Read_NByte &rArr; LT768_I2CM_transmit_Progress &rArr; LCD_DataRead &rArr; SPI_DataRead_8
</UL>
<BR>[Calls]<UL><LI><a href="#[89]">&gt;&gt;</a>&nbsp;&nbsp;&nbsp;gt911_Scan
</UL>
<BR>[Called By]<UL><LI><a href="#[1a2]">&gt;&gt;</a>&nbsp;&nbsp;&nbsp;StartUp_picture
<LI><a href="#[cb]">&gt;&gt;</a>&nbsp;&nbsp;&nbsp;Display_Levetop
</UL>

<P><STRONG><a name="[194]"></a>Waveform_Demo</STRONG> (Thumb, 1264 bytes, Stack size 56 bytes, lt768_demo.o(i.Waveform_Demo))
<BR><BR>[Stack]<UL><LI>Max Depth = 384<LI>Call Chain = Waveform_Demo &rArr; Load_SineWaveDate &rArr; sin &rArr; __ieee754_rem_pio2 &rArr; __aeabi_dsub &rArr; __aeabi_dadd &rArr; _double_epilogue &rArr; _double_round
</UL>
<BR>[Calls]<UL><LI><a href="#[1ab]">&gt;&gt;</a>&nbsp;&nbsp;&nbsp;Move_WaveDate
<LI><a href="#[1aa]">&gt;&gt;</a>&nbsp;&nbsp;&nbsp;Load_TriangleWaveDate
<LI><a href="#[176]">&gt;&gt;</a>&nbsp;&nbsp;&nbsp;Load_SineWaveDate
<LI><a href="#[e6]">&gt;&gt;</a>&nbsp;&nbsp;&nbsp;LT768_DrawLine1
<LI><a href="#[e7]">&gt;&gt;</a>&nbsp;&nbsp;&nbsp;Drawing_TriangleWave
<LI><a href="#[e5]">&gt;&gt;</a>&nbsp;&nbsp;&nbsp;Drawing_SineWaveDate
<LI><a href="#[89]">&gt;&gt;</a>&nbsp;&nbsp;&nbsp;gt911_Scan
<LI><a href="#[83]">&gt;&gt;</a>&nbsp;&nbsp;&nbsp;LT768_Select_Outside_Font_Init
<LI><a href="#[84]">&gt;&gt;</a>&nbsp;&nbsp;&nbsp;LT768_Print_Outside_Font_String
<LI><a href="#[88]">&gt;&gt;</a>&nbsp;&nbsp;&nbsp;LT768_Print_Internal_Font_String
<LI><a href="#[82]">&gt;&gt;</a>&nbsp;&nbsp;&nbsp;LT768_DrawSquare_Width
<LI><a href="#[5c]">&gt;&gt;</a>&nbsp;&nbsp;&nbsp;LT768_DrawSquare_Fill
<LI><a href="#[87]">&gt;&gt;</a>&nbsp;&nbsp;&nbsp;__2sprintf
<LI><a href="#[56]">&gt;&gt;</a>&nbsp;&nbsp;&nbsp;Select_Main_Window_16bpp
<LI><a href="#[188]">&gt;&gt;</a>&nbsp;&nbsp;&nbsp;Read_Interrupt_status
<LI><a href="#[59]">&gt;&gt;</a>&nbsp;&nbsp;&nbsp;Main_Window_Start_XY
<LI><a href="#[58]">&gt;&gt;</a>&nbsp;&nbsp;&nbsp;Main_Image_Width
<LI><a href="#[57]">&gt;&gt;</a>&nbsp;&nbsp;&nbsp;Main_Image_Start_Address
<LI><a href="#[7f]">&gt;&gt;</a>&nbsp;&nbsp;&nbsp;Foreground_color_65k
<LI><a href="#[f3]">&gt;&gt;</a>&nbsp;&nbsp;&nbsp;Enable_Vsync_Interrupt
<LI><a href="#[b9]">&gt;&gt;</a>&nbsp;&nbsp;&nbsp;Clear_Vsync_Interrupt_Flag
<LI><a href="#[5b]">&gt;&gt;</a>&nbsp;&nbsp;&nbsp;Canvas_image_width
<LI><a href="#[5a]">&gt;&gt;</a>&nbsp;&nbsp;&nbsp;Canvas_Image_Start_address
<LI><a href="#[54]">&gt;&gt;</a>&nbsp;&nbsp;&nbsp;Active_Window_XY
<LI><a href="#[52]">&gt;&gt;</a>&nbsp;&nbsp;&nbsp;Active_Window_WH
</UL>
<BR>[Called By]<UL><LI><a href="#[18f]">&gt;&gt;</a>&nbsp;&nbsp;&nbsp;Select_Function
</UL>

<P><STRONG><a name="[97]"></a>Write_GPIO_A_7_0</STRONG> (Thumb, 18 bytes, Stack size 8 bytes, lt768.o(i.Write_GPIO_A_7_0))
<BR><BR>[Stack]<UL><LI>Max Depth = 20<LI>Call Chain = Write_GPIO_A_7_0 &rArr; LCD_DataWrite &rArr; SPI_DataWrite_8
</UL>
<BR>[Calls]<UL><LI><a href="#[7a]">&gt;&gt;</a>&nbsp;&nbsp;&nbsp;LCD_DataWrite
<LI><a href="#[79]">&gt;&gt;</a>&nbsp;&nbsp;&nbsp;LCD_CmdWrite
</UL>
<BR>[Called By]<UL><LI><a href="#[90]">&gt;&gt;</a>&nbsp;&nbsp;&nbsp;CTP_io_Init
</UL>

<P><STRONG><a name="[1ac]"></a>__0printf$8</STRONG> (Thumb, 22 bytes, Stack size 24 bytes, printf8.o(i.__0printf$8), UNUSED)
<BR><BR>[Calls]<UL><LI><a href="#[1ad]">&gt;&gt;</a>&nbsp;&nbsp;&nbsp;_printf_core
</UL>

<P><STRONG><a name="[1d1]"></a>__1printf$8</STRONG> (Thumb, 0 bytes, Stack size 24 bytes, printf8.o(i.__0printf$8), UNUSED)

<P><STRONG><a name="[96]"></a>__2printf</STRONG> (Thumb, 0 bytes, Stack size 24 bytes, printf8.o(i.__0printf$8))
<BR><BR>[Stack]<UL><LI>Max Depth = 24<LI>Call Chain = __2printf
</UL>
<BR>[Called By]<UL><LI><a href="#[90]">&gt;&gt;</a>&nbsp;&nbsp;&nbsp;CTP_io_Init
<LI><a href="#[c2]">&gt;&gt;</a>&nbsp;&nbsp;&nbsp;Copy_Picture_To_Display
<LI><a href="#[1a7]">&gt;&gt;</a>&nbsp;&nbsp;&nbsp;TP_read_XY
<LI><a href="#[154]">&gt;&gt;</a>&nbsp;&nbsp;&nbsp;System_Check_Temp
</UL>

<P><STRONG><a name="[1ae]"></a>__0sprintf$8</STRONG> (Thumb, 34 bytes, Stack size 24 bytes, printf8.o(i.__0sprintf$8), UNUSED)
<BR><BR>[Calls]<UL><LI><a href="#[38]">&gt;&gt;</a>&nbsp;&nbsp;&nbsp;_sputc
<LI><a href="#[1ad]">&gt;&gt;</a>&nbsp;&nbsp;&nbsp;_printf_core
</UL>

<P><STRONG><a name="[1d2]"></a>__1sprintf$8</STRONG> (Thumb, 0 bytes, Stack size 24 bytes, printf8.o(i.__0sprintf$8), UNUSED)

<P><STRONG><a name="[87]"></a>__2sprintf</STRONG> (Thumb, 0 bytes, Stack size 24 bytes, printf8.o(i.__0sprintf$8))
<BR><BR>[Stack]<UL><LI>Max Depth = 24<LI>Call Chain = __2sprintf
</UL>
<BR>[Called By]<UL><LI><a href="#[194]">&gt;&gt;</a>&nbsp;&nbsp;&nbsp;Waveform_Demo
<LI><a href="#[81]">&gt;&gt;</a>&nbsp;&nbsp;&nbsp;Backlight_Control
</UL>

<P><STRONG><a name="[1b4]"></a>__ARM_fpclassify</STRONG> (Thumb, 40 bytes, Stack size 0 bytes, fpclassify.o(i.__ARM_fpclassify))
<BR><BR>[Called By]<UL><LI><a href="#[1b3]">&gt;&gt;</a>&nbsp;&nbsp;&nbsp;__kernel_sin
</UL>

<P><STRONG><a name="[1af]"></a>__ieee754_rem_pio2</STRONG> (Thumb, 828 bytes, Stack size 128 bytes, rred.o(i.__ieee754_rem_pio2))
<BR><BR>[Stack]<UL><LI>Max Depth = 216<LI>Call Chain = __ieee754_rem_pio2 &rArr; __aeabi_dsub &rArr; __aeabi_dadd &rArr; _double_epilogue &rArr; _double_round
</UL>
<BR>[Calls]<UL><LI><a href="#[4b]">&gt;&gt;</a>&nbsp;&nbsp;&nbsp;__aeabi_ui2d
<LI><a href="#[45]">&gt;&gt;</a>&nbsp;&nbsp;&nbsp;__aeabi_dsub
<LI><a href="#[47]">&gt;&gt;</a>&nbsp;&nbsp;&nbsp;__aeabi_dmul
<LI><a href="#[40]">&gt;&gt;</a>&nbsp;&nbsp;&nbsp;__aeabi_dadd
<LI><a href="#[4a]">&gt;&gt;</a>&nbsp;&nbsp;&nbsp;__aeabi_i2d
<LI><a href="#[51]">&gt;&gt;</a>&nbsp;&nbsp;&nbsp;__aeabi_d2iz
<LI><a href="#[1b0]">&gt;&gt;</a>&nbsp;&nbsp;&nbsp;__ARM_scalbn
<LI><a href="#[46]">&gt;&gt;</a>&nbsp;&nbsp;&nbsp;__aeabi_drsub
</UL>
<BR>[Called By]<UL><LI><a href="#[177]">&gt;&gt;</a>&nbsp;&nbsp;&nbsp;sin
<LI><a href="#[1a4]">&gt;&gt;</a>&nbsp;&nbsp;&nbsp;cos
</UL>

<P><STRONG><a name="[1b1]"></a>__kernel_cos</STRONG> (Thumb, 230 bytes, Stack size 48 bytes, cos_i.o(i.__kernel_cos))
<BR><BR>[Stack]<UL><LI>Max Depth = 160<LI>Call Chain = __kernel_cos &rArr; __kernel_poly &rArr; __aeabi_dmul &rArr; _double_epilogue &rArr; _double_round
</UL>
<BR>[Calls]<UL><LI><a href="#[45]">&gt;&gt;</a>&nbsp;&nbsp;&nbsp;__aeabi_dsub
<LI><a href="#[47]">&gt;&gt;</a>&nbsp;&nbsp;&nbsp;__aeabi_dmul
<LI><a href="#[1b2]">&gt;&gt;</a>&nbsp;&nbsp;&nbsp;__kernel_poly
<LI><a href="#[51]">&gt;&gt;</a>&nbsp;&nbsp;&nbsp;__aeabi_d2iz
<LI><a href="#[1b0]">&gt;&gt;</a>&nbsp;&nbsp;&nbsp;__ARM_scalbn
<LI><a href="#[46]">&gt;&gt;</a>&nbsp;&nbsp;&nbsp;__aeabi_drsub
</UL>
<BR>[Called By]<UL><LI><a href="#[177]">&gt;&gt;</a>&nbsp;&nbsp;&nbsp;sin
<LI><a href="#[1a4]">&gt;&gt;</a>&nbsp;&nbsp;&nbsp;cos
</UL>

<P><STRONG><a name="[1b2]"></a>__kernel_poly</STRONG> (Thumb, 170 bytes, Stack size 24 bytes, poly.o(i.__kernel_poly))
<BR><BR>[Stack]<UL><LI>Max Depth = 112<LI>Call Chain = __kernel_poly &rArr; __aeabi_dmul &rArr; _double_epilogue &rArr; _double_round
</UL>
<BR>[Calls]<UL><LI><a href="#[47]">&gt;&gt;</a>&nbsp;&nbsp;&nbsp;__aeabi_dmul
<LI><a href="#[40]">&gt;&gt;</a>&nbsp;&nbsp;&nbsp;__aeabi_dadd
</UL>
<BR>[Called By]<UL><LI><a href="#[1b3]">&gt;&gt;</a>&nbsp;&nbsp;&nbsp;__kernel_sin
<LI><a href="#[1b1]">&gt;&gt;</a>&nbsp;&nbsp;&nbsp;__kernel_cos
</UL>

<P><STRONG><a name="[1b3]"></a>__kernel_sin</STRONG> (Thumb, 224 bytes, Stack size 64 bytes, sin_i.o(i.__kernel_sin))
<BR><BR>[Stack]<UL><LI>Max Depth = 176<LI>Call Chain = __kernel_sin &rArr; __kernel_poly &rArr; __aeabi_dmul &rArr; _double_epilogue &rArr; _double_round
</UL>
<BR>[Calls]<UL><LI><a href="#[45]">&gt;&gt;</a>&nbsp;&nbsp;&nbsp;__aeabi_dsub
<LI><a href="#[47]">&gt;&gt;</a>&nbsp;&nbsp;&nbsp;__aeabi_dmul
<LI><a href="#[40]">&gt;&gt;</a>&nbsp;&nbsp;&nbsp;__aeabi_dadd
<LI><a href="#[1b2]">&gt;&gt;</a>&nbsp;&nbsp;&nbsp;__kernel_poly
<LI><a href="#[1b4]">&gt;&gt;</a>&nbsp;&nbsp;&nbsp;__ARM_fpclassify
<LI><a href="#[1b5]">&gt;&gt;</a>&nbsp;&nbsp;&nbsp;__mathlib_dbl_underflow
<LI><a href="#[1b0]">&gt;&gt;</a>&nbsp;&nbsp;&nbsp;__ARM_scalbn
<LI><a href="#[46]">&gt;&gt;</a>&nbsp;&nbsp;&nbsp;__aeabi_drsub
</UL>
<BR>[Called By]<UL><LI><a href="#[177]">&gt;&gt;</a>&nbsp;&nbsp;&nbsp;sin
<LI><a href="#[1a4]">&gt;&gt;</a>&nbsp;&nbsp;&nbsp;cos
</UL>

<P><STRONG><a name="[1b6]"></a>__mathlib_dbl_infnan</STRONG> (Thumb, 6 bytes, Stack size 0 bytes, dunder.o(i.__mathlib_dbl_infnan))
<BR><BR>[Stack]<UL><LI>Max Depth = 16<LI>Call Chain = __mathlib_dbl_infnan &rArr; __ARM_scalbn
</UL>
<BR>[Calls]<UL><LI><a href="#[1b0]">&gt;&gt;</a>&nbsp;&nbsp;&nbsp;__ARM_scalbn
</UL>
<BR>[Called By]<UL><LI><a href="#[177]">&gt;&gt;</a>&nbsp;&nbsp;&nbsp;sin
<LI><a href="#[1a4]">&gt;&gt;</a>&nbsp;&nbsp;&nbsp;cos
</UL>

<P><STRONG><a name="[1b7]"></a>__mathlib_dbl_invalid</STRONG> (Thumb, 12 bytes, Stack size 0 bytes, dunder.o(i.__mathlib_dbl_invalid))
<BR><BR>[Stack]<UL><LI>Max Depth = 40<LI>Call Chain = __mathlib_dbl_invalid &rArr; __aeabi_ddiv &rArr; _double_round
</UL>
<BR>[Calls]<UL><LI><a href="#[48]">&gt;&gt;</a>&nbsp;&nbsp;&nbsp;__aeabi_ddiv
</UL>
<BR>[Called By]<UL><LI><a href="#[177]">&gt;&gt;</a>&nbsp;&nbsp;&nbsp;sin
<LI><a href="#[1a4]">&gt;&gt;</a>&nbsp;&nbsp;&nbsp;cos
</UL>

<P><STRONG><a name="[1b5]"></a>__mathlib_dbl_underflow</STRONG> (Thumb, 10 bytes, Stack size 0 bytes, dunder.o(i.__mathlib_dbl_underflow))
<BR><BR>[Stack]<UL><LI>Max Depth = 16<LI>Call Chain = __mathlib_dbl_underflow &rArr; __ARM_scalbn
</UL>
<BR>[Calls]<UL><LI><a href="#[1b0]">&gt;&gt;</a>&nbsp;&nbsp;&nbsp;__ARM_scalbn
</UL>
<BR>[Called By]<UL><LI><a href="#[1b3]">&gt;&gt;</a>&nbsp;&nbsp;&nbsp;__kernel_sin
</UL>

<P><STRONG><a name="[1d3]"></a>__scatterload_copy</STRONG> (Thumb, 14 bytes, Stack size unknown bytes, handlers.o(i.__scatterload_copy), UNUSED)

<P><STRONG><a name="[1d4]"></a>__scatterload_null</STRONG> (Thumb, 2 bytes, Stack size unknown bytes, handlers.o(i.__scatterload_null), UNUSED)

<P><STRONG><a name="[1d5]"></a>__scatterload_zeroinit</STRONG> (Thumb, 14 bytes, Stack size unknown bytes, handlers.o(i.__scatterload_zeroinit), UNUSED)

<P><STRONG><a name="[1ba]"></a>__set_errno</STRONG> (Thumb, 6 bytes, Stack size 0 bytes, errno.o(i.__set_errno))
<BR><BR>[Called By]<UL><LI><a href="#[177]">&gt;&gt;</a>&nbsp;&nbsp;&nbsp;sin
<LI><a href="#[1a4]">&gt;&gt;</a>&nbsp;&nbsp;&nbsp;cos
</UL>

<P><STRONG><a name="[df]"></a>abs1</STRONG> (Thumb, 12 bytes, Stack size 0 bytes, lt768_demo.o(i.abs1))
<BR><BR>[Called By]<UL><LI><a href="#[dd]">&gt;&gt;</a>&nbsp;&nbsp;&nbsp;Draw_Rectangle
</UL>

<P><STRONG><a name="[1a4]"></a>cos</STRONG> (Thumb, 148 bytes, Stack size 32 bytes, cos.o(i.cos))
<BR><BR>[Stack]<UL><LI>Max Depth = 248<LI>Call Chain = cos &rArr; __ieee754_rem_pio2 &rArr; __aeabi_dsub &rArr; __aeabi_dadd &rArr; _double_epilogue &rArr; _double_round
</UL>
<BR>[Calls]<UL><LI><a href="#[1ba]">&gt;&gt;</a>&nbsp;&nbsp;&nbsp;__set_errno
<LI><a href="#[1b3]">&gt;&gt;</a>&nbsp;&nbsp;&nbsp;__kernel_sin
<LI><a href="#[1af]">&gt;&gt;</a>&nbsp;&nbsp;&nbsp;__ieee754_rem_pio2
<LI><a href="#[1b7]">&gt;&gt;</a>&nbsp;&nbsp;&nbsp;__mathlib_dbl_invalid
<LI><a href="#[1b6]">&gt;&gt;</a>&nbsp;&nbsp;&nbsp;__mathlib_dbl_infnan
<LI><a href="#[1b1]">&gt;&gt;</a>&nbsp;&nbsp;&nbsp;__kernel_cos
</UL>
<BR>[Called By]<UL><LI><a href="#[183]">&gt;&gt;</a>&nbsp;&nbsp;&nbsp;TEST_DoubleTriangle
</UL>

<P><STRONG><a name="[1bb]"></a>delay_init</STRONG> (Thumb, 50 bytes, Stack size 8 bytes, delay.o(i.delay_init))
<BR><BR>[Stack]<UL><LI>Max Depth = 8<LI>Call Chain = delay_init
</UL>
<BR>[Calls]<UL><LI><a href="#[1bc]">&gt;&gt;</a>&nbsp;&nbsp;&nbsp;SysTick_CLKSourceConfig
</UL>
<BR>[Called By]<UL><LI><a href="#[35]">&gt;&gt;</a>&nbsp;&nbsp;&nbsp;main
</UL>

<P><STRONG><a name="[66]"></a>delay_ms</STRONG> (Thumb, 72 bytes, Stack size 0 bytes, delay.o(i.delay_ms))
<BR><BR>[Called By]<UL><LI><a href="#[67]">&gt;&gt;</a>&nbsp;&nbsp;&nbsp;Scan_Key_delay
<LI><a href="#[18d]">&gt;&gt;</a>&nbsp;&nbsp;&nbsp;Scan_Key
<LI><a href="#[153]">&gt;&gt;</a>&nbsp;&nbsp;&nbsp;LT768_Init
<LI><a href="#[90]">&gt;&gt;</a>&nbsp;&nbsp;&nbsp;CTP_io_Init
<LI><a href="#[35]">&gt;&gt;</a>&nbsp;&nbsp;&nbsp;main
<LI><a href="#[191]">&gt;&gt;</a>&nbsp;&nbsp;&nbsp;Text_Demo
<LI><a href="#[18e]">&gt;&gt;</a>&nbsp;&nbsp;&nbsp;Scan_Screen_Delay_1ms
<LI><a href="#[17d]">&gt;&gt;</a>&nbsp;&nbsp;&nbsp;PIP_Demo
<LI><a href="#[dd]">&gt;&gt;</a>&nbsp;&nbsp;&nbsp;Draw_Rectangle
<LI><a href="#[d8]">&gt;&gt;</a>&nbsp;&nbsp;&nbsp;Draw_Polygon
<LI><a href="#[d1]">&gt;&gt;</a>&nbsp;&nbsp;&nbsp;Draw_Line_Curve
<LI><a href="#[ce]">&gt;&gt;</a>&nbsp;&nbsp;&nbsp;Draw_Circle_Ellipse
<LI><a href="#[ba]">&gt;&gt;</a>&nbsp;&nbsp;&nbsp;Controller_Demo
<LI><a href="#[81]">&gt;&gt;</a>&nbsp;&nbsp;&nbsp;Backlight_Control
<LI><a href="#[65]">&gt;&gt;</a>&nbsp;&nbsp;&nbsp;App_Demo_slide_frame_buffer
<LI><a href="#[154]">&gt;&gt;</a>&nbsp;&nbsp;&nbsp;System_Check_Temp
<LI><a href="#[16f]">&gt;&gt;</a>&nbsp;&nbsp;&nbsp;LT768_SDRAM_initail
<LI><a href="#[15f]">&gt;&gt;</a>&nbsp;&nbsp;&nbsp;LT768_PLL_Initial
<LI><a href="#[152]">&gt;&gt;</a>&nbsp;&nbsp;&nbsp;LT768_HW_Reset
</UL>

<P><STRONG><a name="[64]"></a>delay_us</STRONG> (Thumb, 72 bytes, Stack size 0 bytes, delay.o(i.delay_us))
<BR><BR>[Called By]<UL><LI><a href="#[90]">&gt;&gt;</a>&nbsp;&nbsp;&nbsp;CTP_io_Init
<LI><a href="#[60]">&gt;&gt;</a>&nbsp;&nbsp;&nbsp;App_Demo_BTE
<LI><a href="#[1a7]">&gt;&gt;</a>&nbsp;&nbsp;&nbsp;TP_read_XY
<LI><a href="#[a3]">&gt;&gt;</a>&nbsp;&nbsp;&nbsp;LT_I2C_Read_NByte
<LI><a href="#[15f]">&gt;&gt;</a>&nbsp;&nbsp;&nbsp;LT768_PLL_Initial
</UL>

<P><STRONG><a name="[37]"></a>fputc</STRONG> (Thumb, 24 bytes, Stack size 0 bytes, usart.o(i.fputc))
<BR>[Address Reference Count : 1]<UL><LI> printf8.o(i.__0printf$8)
</UL>
<P><STRONG><a name="[89]"></a>gt911_Scan</STRONG> (Thumb, 28 bytes, Stack size 8 bytes, gt911.o(i.gt911_Scan))
<BR><BR>[Stack]<UL><LI>Max Depth = 84<LI>Call Chain = gt911_Scan &rArr; TP_read_XY &rArr; LT_I2C_Read_NByte &rArr; LT768_I2CM_transmit_Progress &rArr; LCD_DataRead &rArr; SPI_DataRead_8
</UL>
<BR>[Calls]<UL><LI><a href="#[1a7]">&gt;&gt;</a>&nbsp;&nbsp;&nbsp;TP_read_XY
</UL>
<BR>[Called By]<UL><LI><a href="#[18f]">&gt;&gt;</a>&nbsp;&nbsp;&nbsp;Select_Function
<LI><a href="#[194]">&gt;&gt;</a>&nbsp;&nbsp;&nbsp;Waveform_Demo
<LI><a href="#[cc]">&gt;&gt;</a>&nbsp;&nbsp;&nbsp;Waiting_ClickScreen
<LI><a href="#[18e]">&gt;&gt;</a>&nbsp;&nbsp;&nbsp;Scan_Screen_Delay_1ms
<LI><a href="#[81]">&gt;&gt;</a>&nbsp;&nbsp;&nbsp;Backlight_Control
</UL>

<P><STRONG><a name="[35]"></a>main</STRONG> (Thumb, 76 bytes, Stack size 8 bytes, main.o(i.main))
<BR><BR>[Stack]<UL><LI>Max Depth = 560<LI>Call Chain = main &rArr; Select_Function &rArr; Controller_Demo &rArr; Pointer_Show &rArr; TEST_DoubleTriangle &rArr; sin &rArr; __ieee754_rem_pio2 &rArr; __aeabi_dsub &rArr; __aeabi_dadd &rArr; _double_epilogue &rArr; _double_round
</UL>
<BR>[Calls]<UL><LI><a href="#[1bd]">&gt;&gt;</a>&nbsp;&nbsp;&nbsp;uart_init
<LI><a href="#[66]">&gt;&gt;</a>&nbsp;&nbsp;&nbsp;delay_ms
<LI><a href="#[1bb]">&gt;&gt;</a>&nbsp;&nbsp;&nbsp;delay_init
<LI><a href="#[1a3]">&gt;&gt;</a>&nbsp;&nbsp;&nbsp;SystemInit
<LI><a href="#[1a2]">&gt;&gt;</a>&nbsp;&nbsp;&nbsp;StartUp_picture
<LI><a href="#[195]">&gt;&gt;</a>&nbsp;&nbsp;&nbsp;Select_SFI_Dual_Mode0
<LI><a href="#[18f]">&gt;&gt;</a>&nbsp;&nbsp;&nbsp;Select_Function
<LI><a href="#[17e]">&gt;&gt;</a>&nbsp;&nbsp;&nbsp;Parallel_Init
<LI><a href="#[178]">&gt;&gt;</a>&nbsp;&nbsp;&nbsp;Main_GUI
<LI><a href="#[8a]">&gt;&gt;</a>&nbsp;&nbsp;&nbsp;LT768_PWM1_Init
<LI><a href="#[153]">&gt;&gt;</a>&nbsp;&nbsp;&nbsp;LT768_Init
<LI><a href="#[cd]">&gt;&gt;</a>&nbsp;&nbsp;&nbsp;Display_ON
<LI><a href="#[90]">&gt;&gt;</a>&nbsp;&nbsp;&nbsp;CTP_io_Init
</UL>
<BR>[Address Reference Count : 1]<UL><LI> entry9a.o(.ARM.Collect$$$$0000000B)
</UL>
<P><STRONG><a name="[177]"></a>sin</STRONG> (Thumb, 150 bytes, Stack size 32 bytes, sin.o(i.sin))
<BR><BR>[Stack]<UL><LI>Max Depth = 248<LI>Call Chain = sin &rArr; __ieee754_rem_pio2 &rArr; __aeabi_dsub &rArr; __aeabi_dadd &rArr; _double_epilogue &rArr; _double_round
</UL>
<BR>[Calls]<UL><LI><a href="#[1ba]">&gt;&gt;</a>&nbsp;&nbsp;&nbsp;__set_errno
<LI><a href="#[1b3]">&gt;&gt;</a>&nbsp;&nbsp;&nbsp;__kernel_sin
<LI><a href="#[1af]">&gt;&gt;</a>&nbsp;&nbsp;&nbsp;__ieee754_rem_pio2
<LI><a href="#[1b7]">&gt;&gt;</a>&nbsp;&nbsp;&nbsp;__mathlib_dbl_invalid
<LI><a href="#[1b6]">&gt;&gt;</a>&nbsp;&nbsp;&nbsp;__mathlib_dbl_infnan
<LI><a href="#[1b1]">&gt;&gt;</a>&nbsp;&nbsp;&nbsp;__kernel_cos
</UL>
<BR>[Called By]<UL><LI><a href="#[183]">&gt;&gt;</a>&nbsp;&nbsp;&nbsp;TEST_DoubleTriangle
<LI><a href="#[176]">&gt;&gt;</a>&nbsp;&nbsp;&nbsp;Load_SineWaveDate
</UL>

<P><STRONG><a name="[1bd]"></a>uart_init</STRONG> (Thumb, 112 bytes, Stack size 32 bytes, usart.o(i.uart_init))
<BR><BR>[Stack]<UL><LI>Max Depth = 100<LI>Call Chain = uart_init &rArr; USART_Init &rArr; RCC_GetClocksFreq
</UL>
<BR>[Calls]<UL><LI><a href="#[1a8]">&gt;&gt;</a>&nbsp;&nbsp;&nbsp;USART_Init
<LI><a href="#[1be]">&gt;&gt;</a>&nbsp;&nbsp;&nbsp;USART_Cmd
<LI><a href="#[91]">&gt;&gt;</a>&nbsp;&nbsp;&nbsp;RCC_APB2PeriphClockCmd
<LI><a href="#[92]">&gt;&gt;</a>&nbsp;&nbsp;&nbsp;GPIO_Init
</UL>
<BR>[Called By]<UL><LI><a href="#[35]">&gt;&gt;</a>&nbsp;&nbsp;&nbsp;main
</UL>
<P>
<H3>
Local Symbols
</H3>
<P><STRONG><a name="[196]"></a>SetSysClock</STRONG> (Thumb, 8 bytes, Stack size 8 bytes, system_stm32f10x.o(i.SetSysClock))
<BR><BR>[Stack]<UL><LI>Max Depth = 20<LI>Call Chain = SetSysClock &rArr; SetSysClockTo72
</UL>
<BR>[Calls]<UL><LI><a href="#[197]">&gt;&gt;</a>&nbsp;&nbsp;&nbsp;SetSysClockTo72
</UL>
<BR>[Called By]<UL><LI><a href="#[1a3]">&gt;&gt;</a>&nbsp;&nbsp;&nbsp;SystemInit
</UL>

<P><STRONG><a name="[197]"></a>SetSysClockTo72</STRONG> (Thumb, 214 bytes, Stack size 12 bytes, system_stm32f10x.o(i.SetSysClockTo72))
<BR><BR>[Stack]<UL><LI>Max Depth = 12<LI>Call Chain = SetSysClockTo72
</UL>
<BR>[Called By]<UL><LI><a href="#[196]">&gt;&gt;</a>&nbsp;&nbsp;&nbsp;SetSysClock
</UL>

<P><STRONG><a name="[1ad]"></a>_printf_core</STRONG> (Thumb, 984 bytes, Stack size 104 bytes, printf8.o(i._printf_core), UNUSED)
<BR><BR>[Calls]<UL><LI><a href="#[4f]">&gt;&gt;</a>&nbsp;&nbsp;&nbsp;__aeabi_uldivmod
<LI><a href="#[1b8]">&gt;&gt;</a>&nbsp;&nbsp;&nbsp;_printf_pre_padding
<LI><a href="#[1b9]">&gt;&gt;</a>&nbsp;&nbsp;&nbsp;_printf_post_padding
</UL>
<BR>[Called By]<UL><LI><a href="#[1ae]">&gt;&gt;</a>&nbsp;&nbsp;&nbsp;__0sprintf$8
<LI><a href="#[1ac]">&gt;&gt;</a>&nbsp;&nbsp;&nbsp;__0printf$8
</UL>

<P><STRONG><a name="[1b9]"></a>_printf_post_padding</STRONG> (Thumb, 36 bytes, Stack size 24 bytes, printf8.o(i._printf_post_padding), UNUSED)
<BR><BR>[Called By]<UL><LI><a href="#[1ad]">&gt;&gt;</a>&nbsp;&nbsp;&nbsp;_printf_core
</UL>

<P><STRONG><a name="[1b8]"></a>_printf_pre_padding</STRONG> (Thumb, 46 bytes, Stack size 24 bytes, printf8.o(i._printf_pre_padding), UNUSED)
<BR><BR>[Called By]<UL><LI><a href="#[1ad]">&gt;&gt;</a>&nbsp;&nbsp;&nbsp;_printf_core
</UL>

<P><STRONG><a name="[38]"></a>_sputc</STRONG> (Thumb, 10 bytes, Stack size 0 bytes, printf8.o(i._sputc))
<BR><BR>[Called By]<UL><LI><a href="#[1ae]">&gt;&gt;</a>&nbsp;&nbsp;&nbsp;__0sprintf$8
</UL>
<BR>[Address Reference Count : 1]<UL><LI> printf8.o(i.__0sprintf$8)
</UL><P>
<H3>
Undefined Global Symbols
</H3><HR></body></html>
