Component: ARM Compiler 5.06 update 7 (build 960) Tool: armlink [4d3601]

==============================================================================

Section Cross References

    main.o(i.main) refers to system_stm32f10x.o(i.SystemInit) for SystemInit
    main.o(i.main) refers to delay.o(i.delay_init) for delay_init
    main.o(i.main) refers to usart.o(i.uart_init) for uart_init
    main.o(i.main) refers to printf5.o(i.__0printf$5) for __2printf
    main.o(i.main) refers to if_port.o(i.Parallel_Init) for Parallel_Init
    main.o(i.main) refers to lt768_lib.o(i.LT768_Init) for LT768_Init
    main.o(i.main) refers to lt768.o(i.Main_Image_Start_Address) for Main_Image_Start_Address
    main.o(i.main) refers to lt768.o(i.Main_Image_Width) for Main_Image_Width
    main.o(i.main) refers to lt768.o(i.Main_Window_Start_XY) for Main_Window_Start_XY
    main.o(i.main) refers to lt768.o(i.Canvas_Image_Start_address) for Canvas_Image_Start_address
    main.o(i.main) refers to lt768.o(i.Canvas_image_width) for Canvas_image_width
    main.o(i.main) refers to lt768.o(i.Active_Window_XY) for Active_Window_XY
    main.o(i.main) refers to lt768.o(i.Active_Window_WH) for Active_Window_WH
    main.o(i.main) refers to lt768_lib.o(i.LT768_DrawSquare_Fill) for LT768_DrawSquare_Fill
    main.o(i.main) refers to lt768_lib.o(i.LT768_PWM1_Init) for LT768_PWM1_Init
    main.o(i.main) refers to lt768.o(i.Display_ON) for Display_ON
    main.o(i.main) refers to rtp.o(i.LT_TpInit) for LT_TpInit
    main.o(i.main) refers to lt768_demo.o(i.Show) for Show
    main.o(i.main) refers to delay.o(i.delay_ms) for delay_ms
    delay.o(i.delay_init) refers to misc.o(i.SysTick_CLKSourceConfig) for SysTick_CLKSourceConfig
    delay.o(i.delay_init) refers to system_stm32f10x.o(.data) for SystemCoreClock
    delay.o(i.delay_init) refers to delay.o(.data) for .data
    delay.o(i.delay_ms) refers to delay.o(.data) for .data
    delay.o(i.delay_us) refers to delay.o(.data) for .data
    usart.o(i.uart_init) refers to stm32f10x_rcc.o(i.RCC_APB2PeriphClockCmd) for RCC_APB2PeriphClockCmd
    usart.o(i.uart_init) refers to stm32f10x_gpio.o(i.GPIO_Init) for GPIO_Init
    usart.o(i.uart_init) refers to stm32f10x_usart.o(i.USART_Init) for USART_Init
    usart.o(i.uart_init) refers to stm32f10x_usart.o(i.USART_Cmd) for USART_Cmd
    key.o(i.KEY_Init) refers to stm32f10x_rcc.o(i.RCC_APB2PeriphClockCmd) for RCC_APB2PeriphClockCmd
    key.o(i.KEY_Init) refers to stm32f10x_gpio.o(i.GPIO_Init) for GPIO_Init
    key.o(i.Scan_FunctionKey) refers to delay.o(i.delay_ms) for delay_ms
    key.o(i.Scan_FunctionKey) refers to key.o(i.Scan_Key) for Scan_Key
    key.o(i.Scan_Key) refers to delay.o(i.delay_ms) for delay_ms
    key.o(i.Scan_Key) refers to key.o(.data) for .data
    key.o(i.Scan_Key_delay) refers to delay.o(i.delay_ms) for delay_ms
    key.o(i.Scan_Key_delay) refers to key.o(i.Scan_Key) for Scan_Key
    key.o(i.Waiting_Key) refers to key.o(i.Scan_Key) for Scan_Key
    lt768.o(i.Active_Window_WH) refers to lt768.o(i.LCD_RegisterWrite) for LCD_RegisterWrite
    lt768.o(i.Active_Window_XY) refers to lt768.o(i.LCD_RegisterWrite) for LCD_RegisterWrite
    lt768.o(i.Auto_Reload_PWM0) refers to if_port.o(i.LCD_CmdWrite) for LCD_CmdWrite
    lt768.o(i.Auto_Reload_PWM0) refers to if_port.o(i.LCD_DataRead) for LCD_DataRead
    lt768.o(i.Auto_Reload_PWM0) refers to if_port.o(i.LCD_DataWrite) for LCD_DataWrite
    lt768.o(i.Auto_Reload_PWM1) refers to if_port.o(i.LCD_CmdWrite) for LCD_CmdWrite
    lt768.o(i.Auto_Reload_PWM1) refers to if_port.o(i.LCD_DataRead) for LCD_DataRead
    lt768.o(i.Auto_Reload_PWM1) refers to if_port.o(i.LCD_DataWrite) for LCD_DataWrite
    lt768.o(i.BTE_Alpha_Blending_Effect) refers to if_port.o(i.LCD_CmdWrite) for LCD_CmdWrite
    lt768.o(i.BTE_Alpha_Blending_Effect) refers to if_port.o(i.LCD_DataWrite) for LCD_DataWrite
    lt768.o(i.BTE_Destination_Color_16bpp) refers to if_port.o(i.LCD_CmdWrite) for LCD_CmdWrite
    lt768.o(i.BTE_Destination_Color_16bpp) refers to if_port.o(i.LCD_DataRead) for LCD_DataRead
    lt768.o(i.BTE_Destination_Color_16bpp) refers to if_port.o(i.LCD_DataWrite) for LCD_DataWrite
    lt768.o(i.BTE_Destination_Color_24bpp) refers to if_port.o(i.LCD_CmdWrite) for LCD_CmdWrite
    lt768.o(i.BTE_Destination_Color_24bpp) refers to if_port.o(i.LCD_DataRead) for LCD_DataRead
    lt768.o(i.BTE_Destination_Color_24bpp) refers to if_port.o(i.LCD_DataWrite) for LCD_DataWrite
    lt768.o(i.BTE_Destination_Color_8bpp) refers to if_port.o(i.LCD_CmdWrite) for LCD_CmdWrite
    lt768.o(i.BTE_Destination_Color_8bpp) refers to if_port.o(i.LCD_DataRead) for LCD_DataRead
    lt768.o(i.BTE_Destination_Color_8bpp) refers to if_port.o(i.LCD_DataWrite) for LCD_DataWrite
    lt768.o(i.BTE_Destination_Image_Width) refers to lt768.o(i.LCD_RegisterWrite) for LCD_RegisterWrite
    lt768.o(i.BTE_Destination_Memory_Start_Address) refers to lt768.o(i.LCD_RegisterWrite) for LCD_RegisterWrite
[...]
    Removing lt768.o(i.Start_Line), (22 bytes).
    Removing lt768.o(i.Start_PWM0), (24 bytes).
    Removing lt768.o(i.Start_Right_Down_Curve), (22 bytes).
    Removing lt768.o(i.Start_Right_Down_Curve_Fill), (22 bytes).
    Removing lt768.o(i.Start_Right_Up_Curve), (22 bytes).
    Removing lt768.o(i.Start_Right_Up_Curve_Fill), (22 bytes).
    Removing lt768.o(i.Start_Square), (22 bytes).
    Removing lt768.o(i.Start_Triangle), (22 bytes).
    Removing lt768.o(i.Start_Triangle_Fill), (22 bytes).
    Removing lt768.o(i.Stop_PWM0), (24 bytes).
    Removing lt768.o(i.TFT_18bit), (28 bytes).
    Removing lt768.o(i.TFT_24bit), (24 bytes).
    Removing lt768.o(i.TFT_LVDS), (24 bytes).
    Removing lt768.o(i.Text_Cursor_H_V), (34 bytes).
    Removing lt768.o(i.Text_Mode), (24 bytes).
    Removing lt768.o(i.Triangle_Point1_XY), (58 bytes).
    Removing lt768.o(i.Triangle_Point2_XY), (58 bytes).
    Removing lt768.o(i.Triangle_Point3_XY), (58 bytes).
    Removing lt768.o(i.Tx_FIFO_Empty_Flag), (24 bytes).
    Removing lt768.o(i.Tx_FIFO_Full_Flag), (24 bytes).
    Removing lt768.o(i.VSCAN_B_to_T), (24 bytes).
    Removing lt768.o(i.VSYNC_High_Active), (24 bytes).
    Removing lt768.o(i.Write_GPIO_A_7_0), (20 bytes).
    Removing lt768.o(i.Write_GPIO_B_7_4), (20 bytes).
    Removing lt768.o(i.Write_GPIO_C_7_0), (20 bytes).
    Removing lt768.o(i.Write_GPIO_D_7_0), (20 bytes).
    Removing lt768.o(i.Write_GPIO_E_7_0), (20 bytes).
    Removing lt768.o(i.Write_GPIO_F_7_0), (20 bytes).
    Removing lt768.o(i.XPDAT0_Set_GPIO_D0), (24 bytes).
    Removing lt768.o(i.XPDAT0_Set_KIN1), (24 bytes).
    Removing lt768.o(i.XPDAT16_Set_GPIO_D4), (24 bytes).
    Removing lt768.o(i.XPDAT16_Set_KOUT1), (24 bytes).
    Removing lt768.o(i.XPDAT17_Set_GPIO_D5), (24 bytes).
    Removing lt768.o(i.XPDAT17_Set_KOUT2), (24 bytes).
    Removing lt768.o(i.XPDAT18_Set_GPIO_D7), (24 bytes).
    Removing lt768.o(i.XPDAT18_Set_KOUT4), (24 bytes).
    Removing lt768.o(i.XPDAT1_Set_GPIO_D1), (24 bytes).
    Removing lt768.o(i.XPDAT1_Set_KIN2), (24 bytes).
    Removing lt768.o(i.XPDAT2_Set_GPIO_D6), (24 bytes).
    Removing lt768.o(i.XPDAT2_Set_KIN4), (24 bytes).
    Removing lt768.o(i.XPDAT8_Set_GPIO_D2), (24 bytes).
    Removing lt768.o(i.XPDAT8_Set_KIN3), (24 bytes).
    Removing lt768.o(i.XPDAT9_Set_GPIO_D3), (24 bytes).
    Removing lt768.o(i.XPDAT9_Set_KOUT3), (24 bytes).
    Removing lt768.o(i.nSS_Active), (24 bytes).
    Removing lt768.o(i.nSS_Inactive), (24 bytes).
    Removing if_port.o(i.LCD_DataWrite_Pixel), (4 bytes).
    Removing if_port.o(i.SPI_DataWrite_Pixel_8), (68 bytes).
    Removing lt768_lib.o(i.BTE_Alpha_Blending), (116 bytes).
    Removing lt768_lib.o(i.BTE_Pixel_16bpp_Alpha_Blending), (110 bytes).
    Removing lt768_lib.o(i.BTE_Solid_Fill), (72 bytes).
    Removing lt768_lib.o(i.LT768_BTE_MCU_Write_Chroma_key_MCU_16bit), (134 bytes).
    Removing lt768_lib.o(i.LT768_BTE_MCU_Write_ColorExpansion_Chroma_key_MCU_16bit), (130 bytes).
    Removing lt768_lib.o(i.LT768_BTE_MCU_Write_ColorExpansion_MCU_16bit), (138 bytes).
    Removing lt768_lib.o(i.LT768_BTE_MCU_Write_MCU_16bit), (158 bytes).
    Removing lt768_lib.o(i.LT768_BTE_Memory_Copy), (128 bytes).
    Removing lt768_lib.o(i.LT768_BTE_Memory_Copy_8), (128 bytes).
    Removing lt768_lib.o(i.LT768_BTE_Memory_Copy_Chroma_key), (100 bytes).
    Removing lt768_lib.o(i.LT768_BTE_Memory_Copy_ColorExpansion_8), (110 bytes).
    Removing lt768_lib.o(i.LT768_BTE_Memory_Copy_ColorExpansion_Chroma_key_8), (108 bytes).
    Removing lt768_lib.o(i.LT768_BTE_Pattern_Fill), (124 bytes).
    Removing lt768_lib.o(i.LT768_BTE_Pattern_Fill_With_Chroma_key), (126 bytes).
    Removing lt768_lib.o(i.LT768_Color_Bar_OFF), (4 bytes).
    Removing lt768_lib.o(i.LT768_Color_Bar_ON), (4 bytes).
    Removing lt768_lib.o(i.LT768_DMA_24bit_Linear), (90 bytes).
    Removing lt768_lib.o(i.LT768_DMA_32bit_Block), (108 bytes).
    Removing lt768_lib.o(i.LT768_DMA_32bit_Linear), (94 bytes).
    Removing lt768_lib.o(i.LT768_Disable_Graphic_Cursor), (4 bytes).
    Removing lt768_lib.o(i.LT768_Disable_Text_Cursor), (4 bytes).
    Removing lt768_lib.o(i.LT768_DrawCircle), (40 bytes).
    Removing lt768_lib.o(i.LT768_DrawCircleSquare), (60 bytes).
    Removing lt768_lib.o(i.LT768_DrawCircleSquare_Fill), (60 bytes).
    Removing lt768_lib.o(i.LT768_DrawCircleSquare_Width), (76 bytes).
    Removing lt768_lib.o(i.LT768_DrawCircle_Fill), (40 bytes).
    Removing lt768_lib.o(i.LT768_DrawCircle_Width), (40 bytes).
    Removing lt768_lib.o(i.LT768_DrawCylinder), (150 bytes).
    Removing lt768_lib.o(i.LT768_DrawEllipse), (48 bytes).
    Removing lt768_lib.o(i.LT768_DrawEllipse_Fill), (48 bytes).
    Removing lt768_lib.o(i.LT768_DrawEllipse_Width), (54 bytes).
    Removing lt768_lib.o(i.LT768_DrawLeftDownCurve), (54 bytes).
    Removing lt768_lib.o(i.LT768_DrawLeftDownCurve_Fill), (48 bytes).
    Removing lt768_lib.o(i.LT768_DrawLeftUpCurve), (48 bytes).
    Removing lt768_lib.o(i.LT768_DrawLeftUpCurve_Fill), (48 bytes).
    Removing lt768_lib.o(i.LT768_DrawLine), (48 bytes).
    Removing lt768_lib.o(i.LT768_DrawLine_Width), (180 bytes).
    Removing lt768_lib.o(i.LT768_DrawPentagon), (88 bytes).
    Removing lt768_lib.o(i.LT768_DrawPentagon_Fill), (88 bytes).
    Removing lt768_lib.o(i.LT768_DrawQuadrangular), (160 bytes).
    Removing lt768_lib.o(i.LT768_DrawQuadrilateral), (84 bytes).
    Removing lt768_lib.o(i.LT768_DrawQuadrilateral_Fill), (84 bytes).
    Removing lt768_lib.o(i.LT768_DrawRightDownCurve), (48 bytes).
    Removing lt768_lib.o(i.LT768_DrawRightDownCurve_Fill), (48 bytes).
    Removing lt768_lib.o(i.LT768_DrawRightUpCurve), (48 bytes).
    Removing lt768_lib.o(i.LT768_DrawRightUpCurve_Fill), (48 bytes).
    Removing lt768_lib.o(i.LT768_DrawSquare), (48 bytes).
    Removing lt768_lib.o(i.LT768_DrawSquare_Width), (60 bytes).
    Removing lt768_lib.o(i.LT768_DrawTriangle), (60 bytes).
    Removing lt768_lib.o(i.LT768_DrawTriangle_Fill), (60 bytes).
    Removing lt768_lib.o(i.LT768_DrawTriangle_Frame), (54 bytes).
    Removing lt768_lib.o(i.LT768_Draw_16bit), (592 bytes).
    Removing lt768_lib.o(i.LT768_Enable_Graphic_Cursor), (4 bytes).
    Removing lt768_lib.o(i.LT768_Enable_Text_Cursor), (4 bytes).
    Removing lt768_lib.o(i.LT768_Graphic_cursor_Init), (116 bytes).
    Removing lt768_lib.o(i.LT768_MakeTable), (178 bytes).
    Removing lt768_lib.o(i.LT768_Nand_8bpp_font), (172 bytes).
    Removing lt768_lib.o(i.LT768_Nand_Pic), (158 bytes).
    Removing lt768_lib.o(i.LT768_PIP_Init), (144 bytes).
    Removing lt768_lib.o(i.LT768_PWM0_Duty), (4 bytes).
    Removing lt768_lib.o(i.LT768_PWM0_Init), (104 bytes).
    Removing lt768_lib.o(i.LT768_PWM1_Duty), (4 bytes).
    Removing lt768_lib.o(i.LT768_Print_Font_Unicode), (648 bytes).
    Removing lt768_lib.o(i.LT768_Print_Internal_Font_String), (52 bytes).
    Removing lt768_lib.o(i.LT768_Print_Outside_Font_BIG5_48_72), (392 bytes).
    Removing lt768_lib.o(i.LT768_Print_Outside_Font_GB2312_48_72), (394 bytes).
    Removing lt768_lib.o(i.LT768_Print_Outside_Font_GB2312_48_72_Nand), (426 bytes).
    Removing lt768_lib.o(i.LT768_Print_Outside_Font_GBK_48_72_Nand), (418 bytes).
    Removing lt768_lib.o(i.LT768_Print_Outside_Font_String), (148 bytes).
    Removing lt768_lib.o(i.LT768_SPI_Init), (38 bytes).
    Removing lt768_lib.o(i.LT768_SelectDrawCurve), (52 bytes).
    Removing lt768_lib.o(i.LT768_SelectDrawCurve_Fill), (52 bytes).
    Removing lt768_lib.o(i.LT768_Select_Internal_Font_Init), (166 bytes).
    Removing lt768_lib.o(i.LT768_Select_Outside_Font_Init), (200 bytes).
    Removing lt768_lib.o(i.LT768_Set_DisWindowPos), (94 bytes).
    Removing lt768_lib.o(i.LT768_Set_Graphic_cursor_Pos), (64 bytes).
    Removing lt768_lib.o(i.LT768_SleepMode), (14 bytes).
    Removing lt768_lib.o(i.LT768_Standby), (14 bytes).
    Removing lt768_lib.o(i.LT768_Suspend), (20 bytes).
    Removing lt768_lib.o(i.LT768_Text_cursor_Init), (48 bytes).
    Removing lt768_lib.o(i.LT768_Wkup_Sleep), (14 bytes).
    Removing lt768_lib.o(i.LT768_Wkup_Standby), (14 bytes).
    Removing lt768_lib.o(i.LT768_Wkup_Suspend), (28 bytes).
    Removing lt768_lib.o(i.LT_ReadFlash), (28 bytes).
    Removing lt768_lib.o(i.LT_W25N01GV_Read), (80 bytes).
    Removing lt768_lib.o(i.LT_W25qxx_Read), (78 bytes).
    Removing lt768_lib.o(i.MPU16_16bpp_Memory_Write), (92 bytes).
    Removing lt768_lib.o(i.MPU16_24bpp_Mode1_Memory_Write), (118 bytes).
    Removing lt768_lib.o(i.MPU16_24bpp_Mode2_Memory_Write), (104 bytes).
    Removing lt768_lib.o(i.MPU8_16bpp_Memory_Write), (104 bytes).
    Removing lt768_lib.o(i.MPU8_16bpp_Memory_Write_Continuous), (140 bytes).
    Removing lt768_lib.o(i.MPU8_24bpp_Memory_Write), (116 bytes).
    Removing lt768_lib.o(i.MPU8_8bpp_Memory_Write), (92 bytes).
    Removing lt768_lib.o(i.NandFlash_Select_Outside_Font_Init), (244 bytes).
    Removing lt768_lib.o(i.W25N01GV_ContinuousRead_Mode), (26 bytes).
    Removing lt768_lib.o(i.W25N01GV_ReadPageAddr_Data), (128 bytes).
    Removing lt768_lib.o(i.W25N01GV_ReadSR), (36 bytes).
    Removing lt768_lib.o(i.W25N01GV_Wait_Busy), (14 bytes).
    Removing lt768_lib.o(i.W25N01GV_Write_Page), (44 bytes).
    Removing lt768_lib.o(i.W25N01GV_Write_SR), (36 bytes).
    Removing lt768_lib.o(i.W25QXX_Enter_4Byte_AddressMode), (20 bytes).
    Removing lt768_lib.o(i.W25QXX_Erase_Chip), (32 bytes).
    Removing lt768_lib.o(i.W25QXX_ReadSR), (28 bytes).
    Removing lt768_lib.o(i.W25QXX_Wait_Busy), (14 bytes).
    Removing lt768_lib.o(i.W25QXX_Write_Enable), (20 bytes).
    Removing lt768_lib.o(i.W25QXX_Write_Page), (112 bytes).
    Removing lt768_lib.o(.bss), (95 bytes).
    Removing lt768_demo.o(i.BTE_Demo_Alpha_Blending_0), (332 bytes).
    Removing lt768_demo.o(i.BTE_Demo_Alpha_Blending_1), (272 bytes).
    Removing lt768_demo.o(i.CircularProgressBar), (372 bytes).
    Removing lt768_demo.o(i.Display_RGB_Gray_RGB888), (278 bytes).
    Removing lt768_demo.o(i.Draw_Demo_1), (878 bytes).
    Removing lt768_demo.o(i.Fill_Black_Color), (848 bytes).
    Removing lt768_demo.o(i.Gif_Demo), (130 bytes).
    Removing lt768_demo.o(i.MCU_Write_Flash), (168 bytes).
    Removing lt768_demo.o(i.MCU_Write_Memory), (240 bytes).
    Removing lt768_demo.o(i.Meter_Pointer), (388 bytes).
    Removing lt768_demo.o(i.PIP_Demo), (320 bytes).
    Removing lt768_demo.o(i.Print_Unicode), (492 bytes).
    Removing lt768_demo.o(i.Scrolling_Picture), (316 bytes).
    Removing lt768_demo.o(i.Show_DoubleCircular), (316 bytes).
    Removing lt768_demo.o(i.TEST_DoubleTriangle), (1064 bytes).
    Removing lt768_demo.o(.constdata), (80 bytes).
    Removing lt768_demo.o(.conststring), (256 bytes).
    Removing rtp.o(i.LT_TpDelay), (22 bytes).
    Removing rtp.o(i.LT_TpScan), (68 bytes).
    Removing rtp.o(i.TP_Read_AD), (138 bytes).
    Removing rtp.o(i.TP_Read_XOY), (98 bytes).
    Removing rtp.o(i.TP_Read_XY), (44 bytes).
    Removing rtp.o(i.TP_Read_XY2), (122 bytes).
    Removing rtp.o(i.TP_Write_Byte), (56 bytes).
    Removing rpio.o(i.LT_Read_GPIO_A), (16 bytes).
    Removing rpio.o(i.LT_Write_GPIO_A), (28 bytes).
    Removing gt911.o(i.CTP_io_Init), (752 bytes).
    Removing gt911.o(i.LT_I2C_Read_NByte), (414 bytes).
    Removing gt911.o(i.LT_I2C_Write_NByte), (328 bytes).
    Removing gt911.o(i.TP_read_XY), (464 bytes).
    Removing gt911.o(i.gt911_Scan), (32 bytes).
    Removing gt911.o(.bss), (32 bytes).
    Removing gt911.o(.data), (1 bytes).
    Removing gt911.o(.data), (1 bytes).
    Removing system_stm32f10x.o(i.SystemCoreClockUpdate), (100 bytes).
    Removing stm32f10x.o(HEAP), (0 bytes).
    Removing misc.o(i.NVIC_Init), (100 bytes).
    Removing misc.o(i.NVIC_PriorityGroupConfig), (20 bytes).
    Removing misc.o(i.NVIC_SetVectorTable), (20 bytes).
    Removing misc.o(i.NVIC_SystemLPConfig), (24 bytes).
    Removing stm32f10x_fsmc.o(i.FSMC_ClearFlag), (38 bytes).
    Removing stm32f10x_fsmc.o(i.FSMC_ClearITPendingBit), (44 bytes).
    Removing stm32f10x_fsmc.o(i.FSMC_GetECC), (18 bytes).
    Removing stm32f10x_fsmc.o(i.FSMC_GetFlagStatus), (40 bytes).
    Removing stm32f10x_fsmc.o(i.FSMC_GetITStatus), (48 bytes).
    Removing stm32f10x_fsmc.o(i.FSMC_ITConfig), (72 bytes).
    Removing stm32f10x_fsmc.o(i.FSMC_NANDCmd), (56 bytes).
    Removing stm32f10x_fsmc.o(i.FSMC_NANDDeInit), (40 bytes).
    Removing stm32f10x_fsmc.o(i.FSMC_NANDECCCmd), (56 bytes).
    Removing stm32f10x_fsmc.o(i.FSMC_NANDInit), (104 bytes).
    Removing stm32f10x_fsmc.o(i.FSMC_NANDStructInit), (54 bytes).
    Removing stm32f10x_fsmc.o(i.FSMC_NORSRAMCmd), (32 bytes).
    Removing stm32f10x_fsmc.o(i.FSMC_NORSRAMDeInit), (40 bytes).
    Removing stm32f10x_fsmc.o(i.FSMC_NORSRAMInit), (200 bytes).
    Removing stm32f10x_fsmc.o(i.FSMC_NORSRAMStructInit), (98 bytes).
    Removing stm32f10x_fsmc.o(i.FSMC_PCCARDCmd), (32 bytes).
    Removing stm32f10x_fsmc.o(i.FSMC_PCCARDDeInit), (26 bytes).
    Removing stm32f10x_fsmc.o(i.FSMC_PCCARDInit), (102 bytes).
    Removing stm32f10x_fsmc.o(i.FSMC_PCCARDStructInit), (60 bytes).
    Removing stm32f10x_gpio.o(i.GPIO_AFIODeInit), (22 bytes).
    Removing stm32f10x_gpio.o(i.GPIO_DeInit), (180 bytes).
    Removing stm32f10x_gpio.o(i.GPIO_ETH_MediaInterfaceConfig), (12 bytes).
    Removing stm32f10x_gpio.o(i.GPIO_EXTILineConfig), (40 bytes).
    Removing stm32f10x_gpio.o(i.GPIO_EventOutputCmd), (12 bytes).
    Removing stm32f10x_gpio.o(i.GPIO_EventOutputConfig), (28 bytes).
    Removing stm32f10x_gpio.o(i.GPIO_PinLockConfig), (16 bytes).
    Removing stm32f10x_gpio.o(i.GPIO_PinRemapConfig), (88 bytes).
    Removing stm32f10x_gpio.o(i.GPIO_ReadInputData), (6 bytes).
    Removing stm32f10x_gpio.o(i.GPIO_ReadInputDataBit), (14 bytes).
    Removing stm32f10x_gpio.o(i.GPIO_ReadOutputData), (6 bytes).
    Removing stm32f10x_gpio.o(i.GPIO_ReadOutputDataBit), (14 bytes).
    Removing stm32f10x_gpio.o(i.GPIO_StructInit), (16 bytes).
    Removing stm32f10x_gpio.o(i.GPIO_Write), (4 bytes).
    Removing stm32f10x_gpio.o(i.GPIO_WriteBit), (10 bytes).
    Removing stm32f10x_rcc.o(i.RCC_ADCCLKConfig), (20 bytes).
    Removing stm32f10x_rcc.o(i.RCC_AHBPeriphClockCmd), (24 bytes).
    Removing stm32f10x_rcc.o(i.RCC_APB1PeriphResetCmd), (24 bytes).
    Removing stm32f10x_rcc.o(i.RCC_APB2PeriphResetCmd), (24 bytes).
    Removing stm32f10x_rcc.o(i.RCC_AdjustHSICalibrationValue), (20 bytes).
    Removing stm32f10x_rcc.o(i.RCC_BackupResetCmd), (12 bytes).
    Removing stm32f10x_rcc.o(i.RCC_ClearFlag), (16 bytes).
    Removing stm32f10x_rcc.o(i.RCC_ClearITPendingBit), (12 bytes).
    Removing stm32f10x_rcc.o(i.RCC_ClockSecuritySystemCmd), (12 bytes).
    Removing stm32f10x_rcc.o(i.RCC_DeInit), (64 bytes).
    Removing stm32f10x_rcc.o(i.RCC_GetFlagStatus), (48 bytes).
    Removing stm32f10x_rcc.o(i.RCC_GetITStatus), (20 bytes).
    Removing stm32f10x_rcc.o(i.RCC_GetSYSCLKSource), (16 bytes).
    Removing stm32f10x_rcc.o(i.RCC_HCLKConfig), (20 bytes).
    Removing stm32f10x_rcc.o(i.RCC_HSEConfig), (52 bytes).
    Removing stm32f10x_rcc.o(i.RCC_HSICmd), (12 bytes).
    Removing stm32f10x_rcc.o(i.RCC_ITConfig), (24 bytes).
    Removing stm32f10x_rcc.o(i.RCC_LSEConfig), (32 bytes).
    Removing stm32f10x_rcc.o(i.RCC_LSICmd), (12 bytes).
    Removing stm32f10x_rcc.o(i.RCC_MCOConfig), (12 bytes).
    Removing stm32f10x_rcc.o(i.RCC_PCLK1Config), (20 bytes).
    Removing stm32f10x_rcc.o(i.RCC_PCLK2Config), (20 bytes).
    Removing stm32f10x_rcc.o(i.RCC_PLLCmd), (12 bytes).
    Removing stm32f10x_rcc.o(i.RCC_PLLConfig), (20 bytes).
    Removing stm32f10x_rcc.o(i.RCC_RTCCLKCmd), (12 bytes).
    Removing stm32f10x_rcc.o(i.RCC_RTCCLKConfig), (16 bytes).
    Removing stm32f10x_rcc.o(i.RCC_SYSCLKConfig), (20 bytes).
    Removing stm32f10x_rcc.o(i.RCC_USBCLKConfig), (12 bytes).
    Removing stm32f10x_rcc.o(i.RCC_WaitForHSEStartUp), (44 bytes).
    Removing stm32f10x_spi.o(i.I2S_Cmd), (20 bytes).
    Removing stm32f10x_spi.o(i.I2S_Init), (152 bytes).
    Removing stm32f10x_spi.o(i.I2S_StructInit), (18 bytes).
    Removing stm32f10x_spi.o(i.SPI_BiDirectionalLineConfig), (22 bytes).
    Removing stm32f10x_spi.o(i.SPI_CalculateCRC), (20 bytes).
    Removing stm32f10x_spi.o(i.SPI_DataSizeConfig), (16 bytes).
    Removing stm32f10x_spi.o(i.SPI_GetCRC), (12 bytes).
    Removing stm32f10x_spi.o(i.SPI_GetCRCPolynomial), (4 bytes).
    Removing stm32f10x_spi.o(i.SPI_I2S_ClearFlag), (6 bytes).
    Removing stm32f10x_spi.o(i.SPI_I2S_ClearITPendingBit), (14 bytes).
    Removing stm32f10x_spi.o(i.SPI_I2S_DMACmd), (16 bytes).
    Removing stm32f10x_spi.o(i.SPI_I2S_DeInit), (84 bytes).
    Removing stm32f10x_spi.o(i.SPI_I2S_GetFlagStatus), (14 bytes).
    Removing stm32f10x_spi.o(i.SPI_I2S_GetITStatus), (42 bytes).
    Removing stm32f10x_spi.o(i.SPI_I2S_ITConfig), (24 bytes).
    Removing stm32f10x_spi.o(i.SPI_I2S_ReceiveData), (4 bytes).
    Removing stm32f10x_spi.o(i.SPI_I2S_SendData), (4 bytes).
    Removing stm32f10x_spi.o(i.SPI_NSSInternalSoftwareConfig), (24 bytes).
    Removing stm32f10x_spi.o(i.SPI_SSOutputCmd), (20 bytes).
    Removing stm32f10x_spi.o(i.SPI_StructInit), (24 bytes).
    Removing stm32f10x_spi.o(i.SPI_TransmitCRC), (10 bytes).
    Removing stm32f10x_usart.o(i.USART_ClearFlag), (6 bytes).
    Removing stm32f10x_usart.o(i.USART_ClearITPendingBit), (12 bytes).
    Removing stm32f10x_usart.o(i.USART_ClockInit), (30 bytes).
    Removing stm32f10x_usart.o(i.USART_ClockStructInit), (12 bytes).
    Removing stm32f10x_usart.o(i.USART_DMACmd), (16 bytes).
    Removing stm32f10x_usart.o(i.USART_DeInit), (116 bytes).
    Removing stm32f10x_usart.o(i.USART_GetFlagStatus), (14 bytes).
    Removing stm32f10x_usart.o(i.USART_GetITStatus), (62 bytes).
    Removing stm32f10x_usart.o(i.USART_HalfDuplexCmd), (20 bytes).
    Removing stm32f10x_usart.o(i.USART_ITConfig), (48 bytes).
    Removing stm32f10x_usart.o(i.USART_IrDACmd), (20 bytes).
    Removing stm32f10x_usart.o(i.USART_IrDAConfig), (16 bytes).
    Removing stm32f10x_usart.o(i.USART_LINBreakDetectLengthConfig), (16 bytes).
    Removing stm32f10x_usart.o(i.USART_LINCmd), (20 bytes).
    Removing stm32f10x_usart.o(i.USART_OneBitMethodCmd), (20 bytes).
    Removing stm32f10x_usart.o(i.USART_OverSampling8Cmd), (20 bytes).
    Removing stm32f10x_usart.o(i.USART_ReceiveData), (8 bytes).
    Removing stm32f10x_usart.o(i.USART_ReceiverWakeUpCmd), (20 bytes).
    Removing stm32f10x_usart.o(i.USART_SendBreak), (10 bytes).
    Removing stm32f10x_usart.o(i.USART_SendData), (8 bytes).
    Removing stm32f10x_usart.o(i.USART_SetAddress), (16 bytes).
    Removing stm32f10x_usart.o(i.USART_SetGuardTime), (16 bytes).
    Removing stm32f10x_usart.o(i.USART_SetPrescaler), (16 bytes).
    Removing stm32f10x_usart.o(i.USART_SmartCardCmd), (20 bytes).
    Removing stm32f10x_usart.o(i.USART_SmartCardNACKCmd), (20 bytes).
    Removing stm32f10x_usart.o(i.USART_StructInit), (22 bytes).
    Removing stm32f10x_usart.o(i.USART_WakeUpConfig), (16 bytes).
    Removing stm32f10x_sdio.o(i.SDIO_CEATAITCmd), (16 bytes).
    Removing stm32f10x_sdio.o(i.SDIO_ClearFlag), (12 bytes).
    Removing stm32f10x_sdio.o(i.SDIO_ClearITPendingBit), (12 bytes).
    Removing stm32f10x_sdio.o(i.SDIO_ClockCmd), (12 bytes).
    Removing stm32f10x_sdio.o(i.SDIO_CmdStructInit), (14 bytes).
    Removing stm32f10x_sdio.o(i.SDIO_CommandCompletionCmd), (12 bytes).
    Removing stm32f10x_sdio.o(i.SDIO_DMACmd), (12 bytes).
    Removing stm32f10x_sdio.o(i.SDIO_DataConfig), (44 bytes).
    Removing stm32f10x_sdio.o(i.SDIO_DataStructInit), (20 bytes).
    Removing stm32f10x_sdio.o(i.SDIO_DeInit), (36 bytes).
    Removing stm32f10x_sdio.o(i.SDIO_GetCommandResponse), (12 bytes).
    Removing stm32f10x_sdio.o(i.SDIO_GetDataCounter), (12 bytes).
    Removing stm32f10x_sdio.o(i.SDIO_GetFIFOCount), (12 bytes).
    Removing stm32f10x_sdio.o(i.SDIO_GetFlagStatus), (20 bytes).
    Removing stm32f10x_sdio.o(i.SDIO_GetITStatus), (20 bytes).
    Removing stm32f10x_sdio.o(i.SDIO_GetPowerState), (16 bytes).
    Removing stm32f10x_sdio.o(i.SDIO_GetResponse), (16 bytes).
    Removing stm32f10x_sdio.o(i.SDIO_ITConfig), (24 bytes).
    Removing stm32f10x_sdio.o(i.SDIO_Init), (44 bytes).
    Removing stm32f10x_sdio.o(i.SDIO_ReadData), (12 bytes).
    Removing stm32f10x_sdio.o(i.SDIO_SendCEATACmd), (12 bytes).
    Removing stm32f10x_sdio.o(i.SDIO_SendCommand), (40 bytes).
    Removing stm32f10x_sdio.o(i.SDIO_SendSDIOSuspendCmd), (12 bytes).
    Removing stm32f10x_sdio.o(i.SDIO_SetPowerState), (24 bytes).
    Removing stm32f10x_sdio.o(i.SDIO_SetSDIOOperation), (12 bytes).
    Removing stm32f10x_sdio.o(i.SDIO_SetSDIOReadWaitMode), (12 bytes).
    Removing stm32f10x_sdio.o(i.SDIO_StartSDIOReadWait), (12 bytes).
    Removing stm32f10x_sdio.o(i.SDIO_StopSDIOReadWait), (12 bytes).
    Removing stm32f10x_sdio.o(i.SDIO_StructInit), (16 bytes).
    Removing stm32f10x_sdio.o(i.SDIO_WriteData), (12 bytes).
    Removing stm32f10x_dma.o(i.DMA_ClearFlag), (24 bytes).
    Removing stm32f10x_dma.o(i.DMA_ClearITPendingBit), (24 bytes).
    Removing stm32f10x_dma.o(i.DMA_Cmd), (22 bytes).
    Removing stm32f10x_dma.o(i.DMA_DeInit), (228 bytes).
    Removing stm32f10x_dma.o(i.DMA_GetCurrDataCounter), (6 bytes).
    Removing stm32f10x_dma.o(i.DMA_GetFlagStatus), (32 bytes).
    Removing stm32f10x_dma.o(i.DMA_GetITStatus), (32 bytes).
    Removing stm32f10x_dma.o(i.DMA_ITConfig), (16 bytes).
    Removing stm32f10x_dma.o(i.DMA_Init), (58 bytes).
    Removing stm32f10x_dma.o(i.DMA_SetCurrDataCounter), (4 bytes).
    Removing stm32f10x_dma.o(i.DMA_StructInit), (26 bytes).
    Removing stm32f10x_flash.o(i.FLASH_ClearFlag), (12 bytes).
    Removing stm32f10x_flash.o(i.FLASH_EnableWriteProtection), (172 bytes).
    Removing stm32f10x_flash.o(i.FLASH_EraseAllBank1Pages), (56 bytes).
    Removing stm32f10x_flash.o(i.FLASH_EraseAllPages), (56 bytes).
    Removing stm32f10x_flash.o(i.FLASH_EraseOptionBytes), (124 bytes).
    Removing stm32f10x_flash.o(i.FLASH_ErasePage), (60 bytes).
    Removing stm32f10x_flash.o(i.FLASH_GetBank1Status), (40 bytes).
    Removing stm32f10x_flash.o(i.FLASH_GetFlagStatus), (32 bytes).
    Removing stm32f10x_flash.o(i.FLASH_GetPrefetchBufferStatus), (20 bytes).
    Removing stm32f10x_flash.o(i.FLASH_GetReadOutProtectionStatus), (20 bytes).
    Removing stm32f10x_flash.o(i.FLASH_GetStatus), (40 bytes).
    Removing stm32f10x_flash.o(i.FLASH_GetUserOptionByte), (12 bytes).
    Removing stm32f10x_flash.o(i.FLASH_GetWriteProtectionOptionByte), (12 bytes).
    Removing stm32f10x_flash.o(i.FLASH_HalfCycleAccessCmd), (24 bytes).
    Removing stm32f10x_flash.o(i.FLASH_ITConfig), (24 bytes).
    Removing stm32f10x_flash.o(i.FLASH_Lock), (16 bytes).
    Removing stm32f10x_flash.o(i.FLASH_LockBank1), (16 bytes).
    Removing stm32f10x_flash.o(i.FLASH_PrefetchBufferCmd), (24 bytes).
    Removing stm32f10x_flash.o(i.FLASH_ProgramHalfWord), (52 bytes).
    Removing stm32f10x_flash.o(i.FLASH_ProgramOptionByteData), (76 bytes).
    Removing stm32f10x_flash.o(i.FLASH_ProgramWord), (80 bytes).
    Removing stm32f10x_flash.o(i.FLASH_ReadOutProtection), (136 bytes).
    Removing stm32f10x_flash.o(i.FLASH_SetLatency), (20 bytes).
    Removing stm32f10x_flash.o(i.FLASH_Unlock), (24 bytes).
    Removing stm32f10x_flash.o(i.FLASH_UnlockBank1), (24 bytes).
    Removing stm32f10x_flash.o(i.FLASH_UserOptionByteConfig), (96 bytes).
    Removing stm32f10x_flash.o(i.FLASH_WaitForLastBank1Operation), (36 bytes).
    Removing stm32f10x_flash.o(i.FLASH_WaitForLastOperation), (36 bytes).
    Removing stm32f10x_exti.o(i.EXTI_ClearFlag), (12 bytes).
    Removing stm32f10x_exti.o(i.EXTI_DeInit), (36 bytes).
    Removing stm32f10x_exti.o(i.EXTI_GenerateSWInterrupt), (16 bytes).
    Removing stm32f10x_exti.o(i.EXTI_GetFlagStatus), (20 bytes).
    Removing stm32f10x_exti.o(i.EXTI_Init), (112 bytes).
    Removing stm32f10x_exti.o(i.EXTI_StructInit), (14 bytes).
    Removing fadd.o(.text), (176 bytes).
    Removing fmul.o(.text), (100 bytes).
    Removing dmul.o(.text), (228 bytes).
    Removing ddiv.o(.text), (222 bytes).
    Removing ffltui.o(.text), (10 bytes).
    Removing dflti.o(.text), (34 bytes).
    Removing dfltui.o(.text), (26 bytes).
    Removing ffixi.o(.text), (50 bytes).
    Removing ffixui.o(.text), (40 bytes).
    Removing f2d.o(.text), (38 bytes).
    Removing cdcmple.o(.text), (48 bytes).
    Removing cdrcmple.o(.text), (48 bytes).
    Removing d2f.o(.text), (56 bytes).
    Removing fepilogue.o(.text), (110 bytes).
    Removing depilogue.o(.text), (186 bytes).
    Removing dadd.o(.text), (334 bytes).
    Removing dfixul.o(.text), (48 bytes).
    Removing dscalb.o(.text), (46 bytes).
    Removing dfixi.o(.text), (62 bytes).

750 unused section(s) (total 38642 bytes) removed from the image.

==============================================================================

Image Symbol Table

    Local Symbols

    Symbol Name                              Value     Ov Type        Size  Object(Section)

    ../clib/microlib/division.c              0x00000000   Number         0  uldiv.o ABSOLUTE
    ../clib/microlib/division.c              0x00000000   Number         0  uidiv.o ABSOLUTE
    ../clib/microlib/errno.c                 0x00000000   Number         0  errno.o ABSOLUTE
    ../clib/microlib/init/entry.s            0x00000000   Number         0  entry9b.o ABSOLUTE
    ../clib/microlib/init/entry.s            0x00000000   Number         0  entry10a.o ABSOLUTE
    ../clib/microlib/init/entry.s            0x00000000   Number         0  entry12b.o ABSOLUTE
    ../clib/microlib/init/entry.s            0x00000000   Number         0  entry9a.o ABSOLUTE
    ../clib/microlib/init/entry.s            0x00000000   Number         0  entry12a.o ABSOLUTE
    ../clib/microlib/init/entry.s            0x00000000   Number         0  entry11b.o ABSOLUTE
    ../clib/microlib/init/entry.s            0x00000000   Number         0  entry8b.o ABSOLUTE
    ../clib/microlib/init/entry.s            0x00000000   Number         0  entry8a.o ABSOLUTE
    ../clib/microlib/init/entry.s            0x00000000   Number         0  entry7b.o ABSOLUTE
    ../clib/microlib/init/entry.s            0x00000000   Number         0  entry7a.o ABSOLUTE
    ../clib/microlib/init/entry.s            0x00000000   Number         0  entry5.o ABSOLUTE
    ../clib/microlib/init/entry.s            0x00000000   Number         0  entry.o ABSOLUTE
    ../clib/microlib/init/entry.s            0x00000000   Number         0  entry10b.o ABSOLUTE
    ../clib/microlib/init/entry.s            0x00000000   Number         0  entry2.o ABSOLUTE
    ../clib/microlib/init/entry.s            0x00000000   Number         0  entry11a.o ABSOLUTE
    ../clib/microlib/longlong.c              0x00000000   Number         0  llsshr.o ABSOLUTE
    ../clib/microlib/longlong.c              0x00000000   Number         0  llushr.o ABSOLUTE
    ../clib/microlib/longlong.c              0x00000000   Number         0  llshl.o ABSOLUTE
    ../clib/microlib/printf/printf.c         0x00000000   Number         0  printf2.o ABSOLUTE
    ../clib/microlib/printf/printf.c         0x00000000   Number         0  printf3.o ABSOLUTE
    ../clib/microlib/printf/printf.c         0x00000000   Number         0  printf8.o ABSOLUTE
    ../clib/microlib/printf/printf.c         0x00000000   Number         0  printf4.o ABSOLUTE
    ../clib/microlib/printf/printf.c         0x00000000   Number         0  printf5.o ABSOLUTE
    ../clib/microlib/printf/printf.c         0x00000000   Number         0  printf6.o ABSOLUTE
    ../clib/microlib/printf/printf.c         0x00000000   Number         0  printf7.o ABSOLUTE
    ../clib/microlib/printf/printf.c         0x00000000   Number         0  printfb.o ABSOLUTE
    ../clib/microlib/printf/printf.c         0x00000000   Number         0  printf0.o ABSOLUTE
    ../clib/microlib/printf/printf.c         0x00000000   Number         0  printf1.o ABSOLUTE
    ../clib/microlib/printf/printf.c         0x00000000   Number         0  printfa.o ABSOLUTE
    ../clib/microlib/printf/stubs.s          0x00000000   Number         0  stubs.o ABSOLUTE
    ../clib/microlib/stdlib/rand.c           0x00000000   Number         0  rand.o ABSOLUTE
    ../clib/microlib/string/memcpy.c         0x00000000   Number         0  memcpya.o ABSOLUTE
    ../clib/microlib/string/memcpy.c         0x00000000   Number         0  memcpyb.o ABSOLUTE
    ../clib/microlib/stubs.s                 0x00000000   Number         0  iusefp.o ABSOLUTE
    ../clib/microlib/stubs.s                 0x00000000   Number         0  useno.o ABSOLUTE
    ../fplib/microlib/d2f.c                  0x00000000   Number         0  d2f.o ABSOLUTE
    ../fplib/microlib/f2d.c                  0x00000000   Number         0  f2d.o ABSOLUTE
    ../fplib/microlib/fpadd.c                0x00000000   Number         0  dadd.o ABSOLUTE
    ../fplib/microlib/fpadd.c                0x00000000   Number         0  fadd.o ABSOLUTE
    ../fplib/microlib/fpdiv.c                0x00000000   Number         0  ddiv.o ABSOLUTE
    ../fplib/microlib/fpepilogue.c           0x00000000   Number         0  depilogue.o ABSOLUTE
    ../fplib/microlib/fpepilogue.c           0x00000000   Number         0  fepilogue.o ABSOLUTE
    ../fplib/microlib/fpfix.c                0x00000000   Number         0  dfixul.o ABSOLUTE
    ../fplib/microlib/fpfix.c                0x00000000   Number         0  ffixi.o ABSOLUTE
    ../fplib/microlib/fpfix.c                0x00000000   Number         0  dfixi.o ABSOLUTE
    ../fplib/microlib/fpfix.c                0x00000000   Number         0  ffixui.o ABSOLUTE
    ../fplib/microlib/fpflt.c                0x00000000   Number         0  ffltui.o ABSOLUTE
    ../fplib/microlib/fpflt.c                0x00000000   Number         0  dfltui.o ABSOLUTE
    ../fplib/microlib/fpflt.c                0x00000000   Number         0  dflti.o ABSOLUTE
    ../fplib/microlib/fpmul.c                0x00000000   Number         0  dmul.o ABSOLUTE
    ../fplib/microlib/fpmul.c                0x00000000   Number         0  fmul.o ABSOLUTE
    ../fplib/microlib/fpscalb.c              0x00000000   Number         0  dscalb.o ABSOLUTE
    ../mathlib/cos.c                         0x00000000   Number         0  cos.o ABSOLUTE
    ../mathlib/cos.c                         0x00000000   Number         0  cos_x.o ABSOLUTE
    ../mathlib/cos_i.c                       0x00000000   Number         0  cos_i.o ABSOLUTE
    ../mathlib/dunder.c                      0x00000000   Number         0  dunder.o ABSOLUTE
    ../mathlib/fpclassify.c                  0x00000000   Number         0  fpclassify.o ABSOLUTE
    ../mathlib/poly.c                        0x00000000   Number         0  poly.o ABSOLUTE
    ../mathlib/rred.c                        0x00000000   Number         0  rred.o ABSOLUTE
    ../mathlib/sin.c                         0x00000000   Number         0  sin.o ABSOLUTE
    ../mathlib/sin.c                         0x00000000   Number         0  sin_x.o ABSOLUTE
    ../mathlib/sin_i.c                       0x00000000   Number         0  sin_i.o ABSOLUTE
    ../mathlib/sin_i.c                       0x00000000   Number         0  sin_i_x.o ABSOLUTE
    ../mathlib/tan.c                         0x00000000   Number         0  tan_x.o ABSOLUTE
    ../mathlib/tan.c                         0x00000000   Number         0  tan.o ABSOLUTE
    ../mathlib/tan_i.c                       0x00000000   Number         0  tan_i_x.o ABSOLUTE
    ../mathlib/tan_i.c                       0x00000000   Number         0  tan_i.o ABSOLUTE
    CORE\STM32F10x.s                         0x00000000   Number         0  stm32f10x.o ABSOLUTE
    HARDWARE\GT911\gt911.c                   0x00000000   Number         0  gt911.o ABSOLUTE
    HARDWARE\IF_PORT\if_port.c               0x00000000   Number         0  if_port.o ABSOLUTE
    HARDWARE\KEY\key.c                       0x00000000   Number         0  key.o ABSOLUTE
    HARDWARE\LT768\LT768.c                   0x00000000   Number         0  lt768.o ABSOLUTE
    HARDWARE\LT768_Demo\LT768_Demo.c         0x00000000   Number         0  lt768_demo.o ABSOLUTE
    HARDWARE\LT768_Lib\LT768_Lib.c           0x00000000   Number         0  lt768_lib.o ABSOLUTE
    HARDWARE\rpio\rpio.c                     0x00000000   Number         0  rpio.o ABSOLUTE
    HARDWARE\rtp\rtp.c                       0x00000000   Number         0  rtp.o ABSOLUTE
    STM32F10x_FWLib\src\misc.c               0x00000000   Number         0  misc.o ABSOLUTE
    STM32F10x_FWLib\src\stm32f10x_dma.c      0x00000000   Number         0  stm32f10x_dma.o ABSOLUTE
    STM32F10x_FWLib\src\stm32f10x_exti.c     0x00000000   Number         0  stm32f10x_exti.o ABSOLUTE
    STM32F10x_FWLib\src\stm32f10x_flash.c    0x00000000   Number         0  stm32f10x_flash.o ABSOLUTE
    STM32F10x_FWLib\src\stm32f10x_fsmc.c     0x00000000   Number         0  stm32f10x_fsmc.o ABSOLUTE
    STM32F10x_FWLib\src\stm32f10x_gpio.c     0x00000000   Number         0  stm32f10x_gpio.o ABSOLUTE
    STM32F10x_FWLib\src\stm32f10x_rcc.c      0x00000000   Number         0  stm32f10x_rcc.o ABSOLUTE
    STM32F10x_FWLib\src\stm32f10x_sdio.c     0x00000000   Number         0  stm32f10x_sdio.o ABSOLUTE
    STM32F10x_FWLib\src\stm32f10x_spi.c      0x00000000   Number         0  stm32f10x_spi.o ABSOLUTE
    STM32F10x_FWLib\src\stm32f10x_usart.c    0x00000000   Number         0  stm32f10x_usart.o ABSOLUTE
    SYSTEM\delay\delay.c                     0x00000000   Number         0  delay.o ABSOLUTE
    SYSTEM\sys\sys.c                         0x00000000   Number         0  sys.o ABSOLUTE
    SYSTEM\usart\usart.c                     0x00000000   Number         0  usart.o ABSOLUTE
    USER\main.c                              0x00000000   Number         0  main.o ABSOLUTE
    USER\system_stm32f10x.c                  0x00000000   Number         0  system_stm32f10x.o ABSOLUTE
    cdcmple.s                                0x00000000   Number         0  cdcmple.o ABSOLUTE
    cdrcmple.s                               0x00000000   Number         0  cdrcmple.o ABSOLUTE
    dc.s                                     0x00000000   Number         0  dc.o ABSOLUTE
    handlers.s                               0x00000000   Number         0  handlers.o ABSOLUTE
    init.s                                   0x00000000   Number         0  init.o ABSOLUTE
    RESET                                    0x08008000   Section      236  stm32f10x.o(RESET)
    .ARM.Collect$$$$00000000                 0x080080ec   Section        0  entry.o(.ARM.Collect$$$$00000000)
    .ARM.Collect$$$$00000001                 0x080080ec   Section        4  entry2.o(.ARM.Collect$$$$00000001)
    .ARM.Collect$$$$00000004                 0x080080f0   Section        4  entry5.o(.ARM.Collect$$$$00000004)
    .ARM.Collect$$$$00000008                 0x080080f4   Section        0  entry7b.o(.ARM.Collect$$$$00000008)
    .ARM.Collect$$$$0000000A                 0x080080f4   Section        0  entry8b.o(.ARM.Collect$$$$0000000A)
    .ARM.Collect$$$$0000000B                 0x080080f4   Section        8  entry9a.o(.ARM.Collect$$$$0000000B)
    .ARM.Collect$$$$0000000E                 0x080080fc   Section        4  entry12b.o(.ARM.Collect$$$$0000000E)
    .ARM.Collect$$$$0000000F                 0x08008100   Section        0  entry10a.o(.ARM.Collect$$$$0000000F)
    .ARM.Collect$$$$00000011                 0x08008100   Section        0  entry11a.o(.ARM.Collect$$$$00000011)
    .ARM.Collect$$$$00002712                 0x08008100   Section        4  entry2.o(.ARM.Collect$$$$00002712)
    __lit__00000000                          0x08008100   Data           4  entry2.o(.ARM.Collect$$$$00002712)
    .text                                    0x08008104   Section       28  stm32f10x.o(.text)
    .text                                    0x08008120   Section        0  uldiv.o(.text)
    .text                                    0x08008184   Section       36  init.o(.text)
    .text                                    0x080081a8   Section        0  llshl.o(.text)
    .text                                    0x080081c6   Section        0  llushr.o(.text)
    i.Active_Window_WH                       0x080081e6   Section        0  lt768.o(i.Active_Window_WH)
    i.Active_Window_XY                       0x08008210   Section        0  lt768.o(i.Active_Window_XY)
    i.Canvas_Image_Start_address             0x0800823a   Section        0  lt768.o(i.Canvas_Image_Start_address)
    i.Canvas_image_width                     0x08008266   Section        0  lt768.o(i.Canvas_image_width)
    i.Check_2D_Busy                          0x08008280   Section        0  lt768.o(i.Check_2D_Busy)
    i.Check_Busy_Draw                        0x08008290   Section        0  lt768.o(i.Check_Busy_Draw)
    i.Check_Busy_SFI_DMA                     0x0800829e   Section        0  lt768.o(i.Check_Busy_SFI_DMA)
    i.Check_SDRAM_Ready                      0x080082b0   Section        0  lt768.o(i.Check_SDRAM_Ready)
    i.DE_High_Active                         0x080082be   Section        0  lt768.o(i.DE_High_Active)
    i.Display_ON                             0x080082d6   Section        0  lt768.o(i.Display_ON)
    i.Display_RGB_Gray_RGB565                0x080082f0   Section        0  lt768_demo.o(i.Display_RGB_Gray_RGB565)
    i.EXTI9_5_IRQHandler                     0x080083cc   Section        0  gt911.o(i.EXTI9_5_IRQHandler)
    i.EXTI_ClearITPendingBit                 0x080083f4   Section        0  stm32f10x_exti.o(i.EXTI_ClearITPendingBit)
    i.EXTI_GetITStatus                       0x08008400   Section        0  stm32f10x_exti.o(i.EXTI_GetITStatus)
    i.Enable_SFlash_SPI                      0x08008420   Section        0  lt768.o(i.Enable_SFlash_SPI)
    i.Foreground_color_65k                   0x08008438   Section        0  lt768.o(i.Foreground_color_65k)
    i.GPIO_Init                              0x08008468   Section        0  stm32f10x_gpio.o(i.GPIO_Init)
    i.GPIO_ResetBits                         0x0800850a   Section        0  stm32f10x_gpio.o(i.GPIO_ResetBits)
    i.GPIO_SetBits                           0x0800850e   Section        0  stm32f10x_gpio.o(i.GPIO_SetBits)
    i.Goto_Pixel_XY                          0x08008512   Section        0  lt768.o(i.Goto_Pixel_XY)
    i.Graphic_Mode                           0x0800853c   Section        0  lt768.o(i.Graphic_Mode)
    i.HSYNC_Low_Active                       0x08008554   Section        0  lt768.o(i.HSYNC_Low_Active)
    i.Host_Bus_16bit                         0x0800856c   Section        0  lt768.o(i.Host_Bus_16bit)
    i.LCD_CmdWrite                           0x08008584   Section        0  if_port.o(i.LCD_CmdWrite)
    i.LCD_DataRead                           0x08008588   Section        0  if_port.o(i.LCD_DataRead)
    i.LCD_DataWrite                          0x08008592   Section        0  if_port.o(i.LCD_DataWrite)
    i.LCD_HSYNC_Pulse_Width                  0x08008596   Section        0  lt768.o(i.LCD_HSYNC_Pulse_Width)
    i.LCD_HSYNC_Start_Position               0x080085be   Section        0  lt768.o(i.LCD_HSYNC_Start_Position)
    i.LCD_HorizontalWidth_VerticalHeight     0x080085e6   Section        0  lt768.o(i.LCD_HorizontalWidth_VerticalHeight)
    i.LCD_Horizontal_Non_Display             0x0800864e   Section        0  lt768.o(i.LCD_Horizontal_Non_Display)
    i.LCD_RegisterWrite                      0x08008694   Section        0  lt768.o(i.LCD_RegisterWrite)
    i.LCD_StatusRead                         0x080086a6   Section        0  if_port.o(i.LCD_StatusRead)
    i.LCD_VSYNC_Pulse_Width                  0x080086aa   Section        0  lt768.o(i.LCD_VSYNC_Pulse_Width)
    i.LCD_VSYNC_Start_Position               0x080086c0   Section        0  lt768.o(i.LCD_VSYNC_Start_Position)
    i.LCD_Vertical_Non_Display               0x080086d6   Section        0  lt768.o(i.LCD_Vertical_Non_Display)
    i.LT768_DMA_24bit_Block                  0x080086f8   Section        0  lt768_lib.o(i.LT768_DMA_24bit_Block)
    i.LT768_DrawSquare_Fill                  0x0800875c   Section        0  lt768_lib.o(i.LT768_DrawSquare_Fill)
    i.LT768_HW_Reset                         0x0800878c   Section        0  lt768_lib.o(i.LT768_HW_Reset)
    i.LT768_Init                             0x080087d4   Section        0  lt768_lib.o(i.LT768_Init)
    i.LT768_PLL_Initial                      0x080087fc   Section        0  lt768_lib.o(i.LT768_PLL_Initial)
    i.LT768_PWM1_Init                        0x080088c8   Section        0  lt768_lib.o(i.LT768_PWM1_Init)
    i.LT768_SDRAM_initail                    0x08008930   Section        0  lt768_lib.o(i.LT768_SDRAM_initail)
    i.LT768_initial                          0x08008980   Section        0  lt768_lib.o(i.LT768_initial)
    i.LT_TpInit                              0x0800899c   Section        0  rtp.o(i.LT_TpInit)
    i.Main_Image_Start_Address               0x080089ac   Section        0  lt768.o(i.Main_Image_Start_Address)
    i.Main_Image_Width                       0x080089d8   Section        0  lt768.o(i.Main_Image_Width)
    i.Main_Window_Start_XY                   0x080089f0   Section        0  lt768.o(i.Main_Window_Start_XY)
    i.MemWrite_Left_Right_Top_Down           0x08008a1a   Section        0  lt768.o(i.MemWrite_Left_Right_Top_Down)
    i.Memory_16bpp_Mode                      0x08008a32   Section        0  lt768.o(i.Memory_16bpp_Mode)
    i.Memory_Select_SDRAM                    0x08008a4e   Section        0  lt768.o(i.Memory_Select_SDRAM)
    i.Memory_XY_Mode                         0x08008a66   Section        0  lt768.o(i.Memory_XY_Mode)
    i.PCLK_Falling                           0x08008a7e   Section        0  lt768.o(i.PCLK_Falling)
    i.PDATA_Set_RGB                          0x08008a96   Section        0  lt768.o(i.PDATA_Set_RGB)
    i.Parallel_Init                          0x08008aae   Section        0  if_port.o(i.Parallel_Init)
    i.RCC_APB1PeriphClockCmd                 0x08008ab4   Section        0  stm32f10x_rcc.o(i.RCC_APB1PeriphClockCmd)
    i.RCC_APB2PeriphClockCmd                 0x08008acc   Section        0  stm32f10x_rcc.o(i.RCC_APB2PeriphClockCmd)
    i.RCC_GetClocksFreq                      0x08008ae4   Section        0  stm32f10x_rcc.o(i.RCC_GetClocksFreq)
    i.RGB_16b_16bpp                          0x08008b74   Section        0  lt768.o(i.RGB_16b_16bpp)
    i.SFI_DMA_Destination_Upper_Left_Corner  0x08008b90   Section        0  lt768.o(i.SFI_DMA_Destination_Upper_Left_Corner)
    i.SFI_DMA_Source_Start_Address           0x08008bca   Section        0  lt768.o(i.SFI_DMA_Source_Start_Address)
    i.SFI_DMA_Source_Width                   0x08008c06   Section        0  lt768.o(i.SFI_DMA_Source_Width)
    i.SFI_DMA_Transfer_Width_Height          0x08008c26   Section        0  lt768.o(i.SFI_DMA_Transfer_Width_Height)
    i.SPI2_Init_8                            0x08008c60   Section        0  if_port.o(i.SPI2_Init_8)
    i.SPI2_ReadWriteByte                     0x08008d0c   Section        0  if_port.o(i.SPI2_ReadWriteByte)
    i.SPI_Clock_Period                       0x08008d4c   Section        0  lt768.o(i.SPI_Clock_Period)
    i.SPI_Cmd                                0x08008d60   Section        0  stm32f10x_spi.o(i.SPI_Cmd)
    i.SPI_CmdWrite_8                         0x08008d74   Section        0  if_port.o(i.SPI_CmdWrite_8)
    i.SPI_DataRead_8                         0x08008d9c   Section        0  if_port.o(i.SPI_DataRead_8)
    i.SPI_DataWrite_8                        0x08008dc4   Section        0  if_port.o(i.SPI_DataWrite_8)
    i.SPI_Init                               0x08008dec   Section        0  stm32f10x_spi.o(i.SPI_Init)
    i.SPI_StatusRead_8                       0x08008e24   Section        0  if_port.o(i.SPI_StatusRead_8)
    i.Select_Main_Window_16bpp               0x08008e4c   Section        0  lt768.o(i.Select_Main_Window_16bpp)
    i.Select_PWM1                            0x08008e68   Section        0  lt768.o(i.Select_PWM1)
    i.Select_PWM1_Clock_Divided_By_1         0x08008e84   Section        0  lt768.o(i.Select_PWM1_Clock_Divided_By_1)
    i.Select_PWM1_Clock_Divided_By_2         0x08008e9c   Section        0  lt768.o(i.Select_PWM1_Clock_Divided_By_2)
    i.Select_PWM1_Clock_Divided_By_4         0x08008eb8   Section        0  lt768.o(i.Select_PWM1_Clock_Divided_By_4)
    i.Select_PWM1_Clock_Divided_By_8         0x08008ed4   Section        0  lt768.o(i.Select_PWM1_Clock_Divided_By_8)
    i.Select_SFI_0                           0x08008eec   Section        0  lt768.o(i.Select_SFI_0)
    i.Select_SFI_1                           0x08008f04   Section        0  lt768.o(i.Select_SFI_1)
    i.Select_SFI_DMA_Mode                    0x08008f1c   Section        0  lt768.o(i.Select_SFI_DMA_Mode)
    i.SetSysClockTo72                        0x08008f34   Section        0  system_stm32f10x.o(i.SetSysClockTo72)
    SetSysClockTo72                          0x08008f35   Thumb Code   160  system_stm32f10x.o(i.SetSysClockTo72)
    i.Set_GPIO_A_In_Out                      0x08008fdc   Section        0  lt768.o(i.Set_GPIO_A_In_Out)
    i.Set_LCD_Panel                          0x08008ff0   Section        0  lt768_lib.o(i.Set_LCD_Panel)
    i.Set_PWM_Prescaler_1_to_256             0x08009062   Section        0  lt768.o(i.Set_PWM_Prescaler_1_to_256)
    i.Set_Timer1_Compare_Buffer              0x08009076   Section        0  lt768.o(i.Set_Timer1_Compare_Buffer)
    i.Set_Timer1_Count_Buffer                0x08009096   Section        0  lt768.o(i.Set_Timer1_Count_Buffer)
    i.Show                                   0x080090b6   Section        0  lt768_demo.o(i.Show)
    i.Square_End_XY                          0x08009142   Section        0  lt768.o(i.Square_End_XY)
    i.Square_Start_XY                        0x0800917c   Section        0  lt768.o(i.Square_Start_XY)
    i.Start_PWM1                             0x080091b6   Section        0  lt768.o(i.Start_PWM1)
    i.Start_SFI_DMA                          0x080091ce   Section        0  lt768.o(i.Start_SFI_DMA)
    i.Start_Square_Fill                      0x080091e6   Section        0  lt768.o(i.Start_Square_Fill)
    i.Stop_PWM1                              0x080091fc   Section        0  lt768.o(i.Stop_PWM1)
    i.SysTick_CLKSourceConfig                0x08009214   Section        0  misc.o(i.SysTick_CLKSourceConfig)
    i.SystemInit                             0x0800922c   Section        0  system_stm32f10x.o(i.SystemInit)
    i.System_Check_Temp                      0x0800927c   Section        0  lt768_lib.o(i.System_Check_Temp)
    i.TFT_16bit                              0x080092cc   Section        0  lt768.o(i.TFT_16bit)
    i.TP_io_init                             0x080092e8   Section        0  rpio.o(i.TP_io_init)
    i.USART_Cmd                              0x08009320   Section        0  stm32f10x_usart.o(i.USART_Cmd)
    i.USART_Init                             0x08009334   Section        0  stm32f10x_usart.o(i.USART_Init)
    i.VSCAN_T_to_B                           0x080093e0   Section        0  lt768.o(i.VSCAN_T_to_B)
    i.VSYNC_Low_Active                       0x080093f8   Section        0  lt768.o(i.VSYNC_Low_Active)
    i.__0printf$5                            0x08009410   Section        0  printf5.o(i.__0printf$5)
    i.__scatterload_copy                     0x08009430   Section       14  handlers.o(i.__scatterload_copy)
    i.__scatterload_null                     0x0800943e   Section        2  handlers.o(i.__scatterload_null)
    i.__scatterload_zeroinit                 0x08009440   Section       14  handlers.o(i.__scatterload_zeroinit)
    i._printf_core                           0x08009450   Section        0  printf5.o(i._printf_core)
    _printf_core                             0x08009451   Thumb Code   660  printf5.o(i._printf_core)
    i.delay_init                             0x08009710   Section        0  delay.o(i.delay_init)
    i.delay_ms                               0x0800974c   Section        0  delay.o(i.delay_ms)
    i.delay_us                               0x08009780   Section        0  delay.o(i.delay_us)
    i.fputc                                  0x080097b4   Section        0  usart.o(i.fputc)
    i.main                                   0x080097cc   Section        0  main.o(i.main)
    i.uart_init                              0x08009864   Section        0  usart.o(i.uart_init)
    .data                                    0x20000000   Section        4  delay.o(.data)
    fac_us                                   0x20000000   Data           1  delay.o(.data)
    fac_ms                                   0x20000002   Data           2  delay.o(.data)
    .data                                    0x20000004   Section        4  usart.o(.data)
    .data                                    0x20000008   Section       17  lt768_lib.o(.data)
    .data                                    0x2000001a   Section        6  gt911.o(.data)
    .data                                    0x20000020   Section       20  system_stm32f10x.o(.data)
    .data                                    0x20000034   Section       20  stm32f10x_rcc.o(.data)
    ADCPrescTable                            0x20000034   Data           4  stm32f10x_rcc.o(.data)
    APBAHBPrescTable                         0x20000038   Data          16  stm32f10x_rcc.o(.data)
    STACK                                    0x20000048   Section     4096  stm32f10x.o(STACK)

    Global Symbols

    Symbol Name                              Value     Ov Type        Size  Object(Section)

    BuildAttributes$$THM_ISAv4$P$D$K$B$S$PE$A:L22UL41UL21$X:L11$S22US41US21$IEEE1$IW$USESV6$~STKCKD$USESV7$~SHL$OTIME$ROPI$IEEEX$EBA8$MICROLIB$REQ8$PRES8$EABIv2 0x00000000   Number         0  anon$$obj.o ABSOLUTE
    __ARM_use_no_argv                        0x00000000   Number         0  main.o ABSOLUTE
    __use_no_errno                           0x00000000   Number         0  useno.o ABSOLUTE
    __use_no_exception_handling              0x00000000   Number         0  useno.o ABSOLUTE
    __use_no_fp                              0x00000000   Number         0  useno.o ABSOLUTE
    __use_no_heap                            0x00000000   Number         0  useno.o ABSOLUTE
    __use_no_heap_region                     0x00000000   Number         0  useno.o ABSOLUTE
    __use_no_semihosting                     0x00000000   Number         0  useno.o ABSOLUTE
    __use_no_semihosting_swi                 0x00000000   Number         0  useno.o ABSOLUTE
    __use_no_signal_handling                 0x00000000   Number         0  useno.o ABSOLUTE
    _printf_a                                0x00000000   Number         0  stubs.o ABSOLUTE
    _printf_c                                0x00000000   Number         0  stubs.o ABSOLUTE
    _printf_charcount                        0x00000000   Number         0  stubs.o ABSOLUTE
    _printf_d                                0x00000000   Number         0  stubs.o ABSOLUTE
    _printf_e                                0x00000000   Number         0  stubs.o ABSOLUTE
    _printf_f                                0x00000000   Number         0  stubs.o ABSOLUTE
    _printf_flags                            0x00000000   Number         0  stubs.o ABSOLUTE
    _printf_fp_dec                           0x00000000   Number         0  stubs.o ABSOLUTE
    _printf_fp_hex                           0x00000000   Number         0  stubs.o ABSOLUTE
    _printf_g                                0x00000000   Number         0  stubs.o ABSOLUTE
    _printf_i                                0x00000000   Number         0  stubs.o ABSOLUTE
    _printf_int_dec                          0x00000000   Number         0  stubs.o ABSOLUTE
    _printf_l                                0x00000000   Number         0  stubs.o ABSOLUTE
    _printf_lc                               0x00000000   Number         0  stubs.o ABSOLUTE
    _printf_ll                               0x00000000   Number         0  stubs.o ABSOLUTE
    _printf_lld                              0x00000000   Number         0  stubs.o ABSOLUTE
    _printf_lli                              0x00000000   Number         0  stubs.o ABSOLUTE
    _printf_llo                              0x00000000   Number         0  stubs.o ABSOLUTE
    _printf_llu                              0x00000000   Number         0  stubs.o ABSOLUTE
    _printf_llx                              0x00000000   Number         0  stubs.o ABSOLUTE
    _printf_longlong_dec                     0x00000000   Number         0  stubs.o ABSOLUTE
    _printf_longlong_hex                     0x00000000   Number         0  stubs.o ABSOLUTE
    _printf_longlong_oct                     0x00000000   Number         0  stubs.o ABSOLUTE
    _printf_ls                               0x00000000   Number         0  stubs.o ABSOLUTE
    _printf_mbtowc                           0x00000000   Number         0  stubs.o ABSOLUTE
    _printf_n                                0x00000000   Number         0  stubs.o ABSOLUTE
    _printf_o                                0x00000000   Number         0  stubs.o ABSOLUTE
    _printf_p                                0x00000000   Number         0  stubs.o ABSOLUTE
    _printf_percent                          0x00000000   Number         0  stubs.o ABSOLUTE
    _printf_pre_padding                      0x00000000   Number         0  stubs.o ABSOLUTE
    _printf_return_value                     0x00000000   Number         0  stubs.o ABSOLUTE
    _printf_s                                0x00000000   Number         0  stubs.o ABSOLUTE
    _printf_sizespec                         0x00000000   Number         0  stubs.o ABSOLUTE
    _printf_str                              0x00000000   Number         0  stubs.o ABSOLUTE
    _printf_truncate_signed                  0x00000000   Number         0  stubs.o ABSOLUTE
    _printf_truncate_unsigned                0x00000000   Number         0  stubs.o ABSOLUTE
    _printf_u                                0x00000000   Number         0  stubs.o ABSOLUTE
    _printf_wc                               0x00000000   Number         0  stubs.o ABSOLUTE
    _printf_wctomb                           0x00000000   Number         0  stubs.o ABSOLUTE
    _printf_widthprec                        0x00000000   Number         0  stubs.o ABSOLUTE
    _printf_x                                0x00000000   Number         0  stubs.o ABSOLUTE
    __arm_fini_                               - Undefined Weak Reference
    __cpp_initialize__aeabi_                  - Undefined Weak Reference
    __cxa_finalize                            - Undefined Weak Reference
    __decompress                              - Undefined Weak Reference
    _clock_init                               - Undefined Weak Reference
    _microlib_exit                            - Undefined Weak Reference
    __Vectors                                0x08008000   Data           4  stm32f10x.o(RESET)
    __main                                   0x080080ed   Thumb Code     0  entry.o(.ARM.Collect$$$$00000000)
    _main_stk                                0x080080ed   Thumb Code     0  entry2.o(.ARM.Collect$$$$00000001)
    _main_scatterload                        0x080080f1   Thumb Code     0  entry5.o(.ARM.Collect$$$$00000004)
    __main_after_scatterload                 0x080080f5   Thumb Code     0  entry5.o(.ARM.Collect$$$$00000004)
    _main_clock                              0x080080f5   Thumb Code     0  entry7b.o(.ARM.Collect$$$$00000008)
    _main_cpp_init                           0x080080f5   Thumb Code     0  entry8b.o(.ARM.Collect$$$$0000000A)
    _main_init                               0x080080f5   Thumb Code     0  entry9a.o(.ARM.Collect$$$$0000000B)
    __rt_lib_shutdown_fini                   0x080080fd   Thumb Code     0  entry12b.o(.ARM.Collect$$$$0000000E)
    __rt_final_cpp                           0x08008101   Thumb Code     0  entry10a.o(.ARM.Collect$$$$0000000F)
    __rt_final_exit                          0x08008101   Thumb Code     0  entry11a.o(.ARM.Collect$$$$00000011)
    Reset_Handler                            0x08008105   Thumb Code     4  stm32f10x.o(.text)
    NMI_Handler                              0x08008109   Thumb Code     2  stm32f10x.o(.text)
    HardFault_Handler                        0x0800810b   Thumb Code     2  stm32f10x.o(.text)
    MemManage_Handler                        0x0800810d   Thumb Code     2  stm32f10x.o(.text)
    BusFault_Handler                         0x0800810f   Thumb Code     2  stm32f10x.o(.text)
    UsageFault_Handler                       0x08008111   Thumb Code     2  stm32f10x.o(.text)
    SVC_Handler                              0x08008113   Thumb Code     2  stm32f10x.o(.text)
    DebugMon_Handler                         0x08008115   Thumb Code     2  stm32f10x.o(.text)
    PendSV_Handler                           0x08008117   Thumb Code     2  stm32f10x.o(.text)
    SysTick_Handler                          0x08008119   Thumb Code     2  stm32f10x.o(.text)
    ADC_IRQHandler                           0x0800811b   Thumb Code     0  stm32f10x.o(.text)
    CAN_RX1_IRQHandler                       0x0800811b   Thumb Code     0  stm32f10x.o(.text)
    CAN_SCE_IRQHandler                       0x0800811b   Thumb Code     0  stm32f10x.o(.text)
    DMAChannel1_IRQHandler                   0x0800811b   Thumb Code     0  stm32f10x.o(.text)
    DMAChannel2_IRQHandler                   0x0800811b   Thumb Code     0  stm32f10x.o(.text)
    DMAChannel3_IRQHandler                   0x0800811b   Thumb Code     0  stm32f10x.o(.text)
    DMAChannel4_IRQHandler                   0x0800811b   Thumb Code     0  stm32f10x.o(.text)
    DMAChannel5_IRQHandler                   0x0800811b   Thumb Code     0  stm32f10x.o(.text)
    DMAChannel6_IRQHandler                   0x0800811b   Thumb Code     0  stm32f10x.o(.text)
    DMAChannel7_IRQHandler                   0x0800811b   Thumb Code     0  stm32f10x.o(.text)
    EXTI0_IRQHandler                         0x0800811b   Thumb Code     0  stm32f10x.o(.text)
    EXTI15_10_IRQHandler                     0x0800811b   Thumb Code     0  stm32f10x.o(.text)
    EXTI1_IRQHandler                         0x0800811b   Thumb Code     0  stm32f10x.o(.text)
    EXTI2_IRQHandler                         0x0800811b   Thumb Code     0  stm32f10x.o(.text)
    EXTI3_IRQHandler                         0x0800811b   Thumb Code     0  stm32f10x.o(.text)
    EXTI4_IRQHandler                         0x0800811b   Thumb Code     0  stm32f10x.o(.text)
    FLASH_IRQHandler                         0x0800811b   Thumb Code     0  stm32f10x.o(.text)
    I2C1_ER_IRQHandler                       0x0800811b   Thumb Code     0  stm32f10x.o(.text)
    I2C1_EV_IRQHandler                       0x0800811b   Thumb Code     0  stm32f10x.o(.text)
    I2C2_ER_IRQHandler                       0x0800811b   Thumb Code     0  stm32f10x.o(.text)
    I2C2_EV_IRQHandler                       0x0800811b   Thumb Code     0  stm32f10x.o(.text)
    PVD_IRQHandler                           0x0800811b   Thumb Code     0  stm32f10x.o(.text)
    RCC_IRQHandler                           0x0800811b   Thumb Code     0  stm32f10x.o(.text)
    RTCAlarm_IRQHandler                      0x0800811b   Thumb Code     0  stm32f10x.o(.text)
    RTC_IRQHandler                           0x0800811b   Thumb Code     0  stm32f10x.o(.text)
    SPI1_IRQHandler                          0x0800811b   Thumb Code     0  stm32f10x.o(.text)
    SPI2_IRQHandler                          0x0800811b   Thumb Code     0  stm32f10x.o(.text)
    TAMPER_IRQHandler                        0x0800811b   Thumb Code     0  stm32f10x.o(.text)
    TIM1_BRK_IRQHandler                      0x0800811b   Thumb Code     0  stm32f10x.o(.text)
    TIM1_CC_IRQHandler                       0x0800811b   Thumb Code     0  stm32f10x.o(.text)
    TIM1_TRG_COM_IRQHandler                  0x0800811b   Thumb Code     0  stm32f10x.o(.text)
    TIM1_UP_IRQHandler                       0x0800811b   Thumb Code     0  stm32f10x.o(.text)
    TIM2_IRQHandler                          0x0800811b   Thumb Code     0  stm32f10x.o(.text)
    TIM3_IRQHandler                          0x0800811b   Thumb Code     0  stm32f10x.o(.text)
    TIM4_IRQHandler                          0x0800811b   Thumb Code     0  stm32f10x.o(.text)
    USART1_IRQHandler                        0x0800811b   Thumb Code     0  stm32f10x.o(.text)
    USART2_IRQHandler                        0x0800811b   Thumb Code     0  stm32f10x.o(.text)
    USART3_IRQHandler                        0x0800811b   Thumb Code     0  stm32f10x.o(.text)
    USBWakeUp_IRQHandler                     0x0800811b   Thumb Code     0  stm32f10x.o(.text)
    USB_HP_CAN_TX_IRQHandler                 0x0800811b   Thumb Code     0  stm32f10x.o(.text)
    USB_LP_CAN_RX0_IRQHandler                0x0800811b   Thumb Code     0  stm32f10x.o(.text)
    WWDG_IRQHandler                          0x0800811b   Thumb Code     0  stm32f10x.o(.text)
    __aeabi_uldivmod                         0x08008121   Thumb Code    98  uldiv.o(.text)
    __scatterload                            0x08008185   Thumb Code    28  init.o(.text)
    __scatterload_rt2                        0x08008185   Thumb Code     0  init.o(.text)
    __aeabi_llsl                             0x080081a9   Thumb Code    30  llshl.o(.text)
    _ll_shift_l                              0x080081a9   Thumb Code     0  llshl.o(.text)
    __aeabi_llsr                             0x080081c7   Thumb Code    32  llushr.o(.text)
    _ll_ushift_r                             0x080081c7   Thumb Code     0  llushr.o(.text)
    Active_Window_WH                         0x080081e7   Thumb Code    42  lt768.o(i.Active_Window_WH)
    Active_Window_XY                         0x08008211   Thumb Code    42  lt768.o(i.Active_Window_XY)
    Canvas_Image_Start_address               0x0800823b   Thumb Code    44  lt768.o(i.Canvas_Image_Start_address)
    Canvas_image_width                       0x08008267   Thumb Code    24  lt768.o(i.Canvas_image_width)
    Check_2D_Busy                            0x08008281   Thumb Code    14  lt768.o(i.Check_2D_Busy)
    Check_Busy_Draw                          0x08008291   Thumb Code    14  lt768.o(i.Check_Busy_Draw)
    Check_Busy_SFI_DMA                       0x0800829f   Thumb Code    18  lt768.o(i.Check_Busy_SFI_DMA)
    Check_SDRAM_Ready                        0x080082b1   Thumb Code    14  lt768.o(i.Check_SDRAM_Ready)
    DE_High_Active                           0x080082bf   Thumb Code    24  lt768.o(i.DE_High_Active)
    Display_ON                               0x080082d7   Thumb Code    24  lt768.o(i.Display_ON)
    Display_RGB_Gray_RGB565                  0x080082f1   Thumb Code   218  lt768_demo.o(i.Display_RGB_Gray_RGB565)
    EXTI9_5_IRQHandler                       0x080083cd   Thumb Code    34  gt911.o(i.EXTI9_5_IRQHandler)
    EXTI_ClearITPendingBit                   0x080083f5   Thumb Code     6  stm32f10x_exti.o(i.EXTI_ClearITPendingBit)
    EXTI_GetITStatus                         0x08008401   Thumb Code    28  stm32f10x_exti.o(i.EXTI_GetITStatus)
    Enable_SFlash_SPI                        0x08008421   Thumb Code    24  lt768.o(i.Enable_SFlash_SPI)
    Foreground_color_65k                     0x08008439   Thumb Code    48  lt768.o(i.Foreground_color_65k)
    GPIO_Init                                0x08008469   Thumb Code   162  stm32f10x_gpio.o(i.GPIO_Init)
    GPIO_ResetBits                           0x0800850b   Thumb Code     4  stm32f10x_gpio.o(i.GPIO_ResetBits)
    GPIO_SetBits                             0x0800850f   Thumb Code     4  stm32f10x_gpio.o(i.GPIO_SetBits)
    Goto_Pixel_XY                            0x08008513   Thumb Code    42  lt768.o(i.Goto_Pixel_XY)
    Graphic_Mode                             0x0800853d   Thumb Code    24  lt768.o(i.Graphic_Mode)
    HSYNC_Low_Active                         0x08008555   Thumb Code    24  lt768.o(i.HSYNC_Low_Active)
    Host_Bus_16bit                           0x0800856d   Thumb Code    24  lt768.o(i.Host_Bus_16bit)
    LCD_CmdWrite                             0x08008585   Thumb Code     4  if_port.o(i.LCD_CmdWrite)
    LCD_DataRead                             0x08008589   Thumb Code    10  if_port.o(i.LCD_DataRead)
    LCD_DataWrite                            0x08008593   Thumb Code     4  if_port.o(i.LCD_DataWrite)
    LCD_HSYNC_Pulse_Width                    0x08008597   Thumb Code    40  lt768.o(i.LCD_HSYNC_Pulse_Width)
    LCD_HSYNC_Start_Position                 0x080085bf   Thumb Code    40  lt768.o(i.LCD_HSYNC_Start_Position)
    LCD_HorizontalWidth_VerticalHeight       0x080085e7   Thumb Code   104  lt768.o(i.LCD_HorizontalWidth_VerticalHeight)
    LCD_Horizontal_Non_Display               0x0800864f   Thumb Code    70  lt768.o(i.LCD_Horizontal_Non_Display)
    LCD_RegisterWrite                        0x08008695   Thumb Code    18  lt768.o(i.LCD_RegisterWrite)
    LCD_StatusRead                           0x080086a7   Thumb Code     4  if_port.o(i.LCD_StatusRead)
    LCD_VSYNC_Pulse_Width                    0x080086ab   Thumb Code    22  lt768.o(i.LCD_VSYNC_Pulse_Width)
    LCD_VSYNC_Start_Position                 0x080086c1   Thumb Code    22  lt768.o(i.LCD_VSYNC_Start_Position)
    LCD_Vertical_Non_Display                 0x080086d7   Thumb Code    34  lt768.o(i.LCD_Vertical_Non_Display)
    LT768_DMA_24bit_Block                    0x080086f9   Thumb Code   100  lt768_lib.o(i.LT768_DMA_24bit_Block)
    LT768_DrawSquare_Fill                    0x0800875d   Thumb Code    48  lt768_lib.o(i.LT768_DrawSquare_Fill)
    LT768_HW_Reset                           0x0800878d   Thumb Code    68  lt768_lib.o(i.LT768_HW_Reset)
    LT768_Init                               0x080087d5   Thumb Code    40  lt768_lib.o(i.LT768_Init)
    LT768_PLL_Initial                        0x080087fd   Thumb Code   188  lt768_lib.o(i.LT768_PLL_Initial)
    LT768_PWM1_Init                          0x080088c9   Thumb Code   104  lt768_lib.o(i.LT768_PWM1_Init)
    LT768_SDRAM_initail                      0x08008931   Thumb Code    78  lt768_lib.o(i.LT768_SDRAM_initail)
    LT768_initial                            0x08008981   Thumb Code    22  lt768_lib.o(i.LT768_initial)
    LT_TpInit                                0x0800899d   Thumb Code    16  rtp.o(i.LT_TpInit)
    Main_Image_Start_Address                 0x080089ad   Thumb Code    44  lt768.o(i.Main_Image_Start_Address)
    Main_Image_Width                         0x080089d9   Thumb Code    24  lt768.o(i.Main_Image_Width)
    Main_Window_Start_XY                     0x080089f1   Thumb Code    42  lt768.o(i.Main_Window_Start_XY)
    MemWrite_Left_Right_Top_Down             0x08008a1b   Thumb Code    24  lt768.o(i.MemWrite_Left_Right_Top_Down)
    Memory_16bpp_Mode                        0x08008a33   Thumb Code    28  lt768.o(i.Memory_16bpp_Mode)
    Memory_Select_SDRAM                      0x08008a4f   Thumb Code    24  lt768.o(i.Memory_Select_SDRAM)
    Memory_XY_Mode                           0x08008a67   Thumb Code    24  lt768.o(i.Memory_XY_Mode)
    PCLK_Falling                             0x08008a7f   Thumb Code    24  lt768.o(i.PCLK_Falling)
    PDATA_Set_RGB                            0x08008a97   Thumb Code    24  lt768.o(i.PDATA_Set_RGB)
    Parallel_Init                            0x08008aaf   Thumb Code     4  if_port.o(i.Parallel_Init)
    RCC_APB1PeriphClockCmd                   0x08008ab5   Thumb Code    18  stm32f10x_rcc.o(i.RCC_APB1PeriphClockCmd)
    RCC_APB2PeriphClockCmd                   0x08008acd   Thumb Code    18  stm32f10x_rcc.o(i.RCC_APB2PeriphClockCmd)
    RCC_GetClocksFreq                        0x08008ae5   Thumb Code   128  stm32f10x_rcc.o(i.RCC_GetClocksFreq)
    RGB_16b_16bpp                            0x08008b75   Thumb Code    28  lt768.o(i.RGB_16b_16bpp)
    SFI_DMA_Destination_Upper_Left_Corner    0x08008b91   Thumb Code    58  lt768.o(i.SFI_DMA_Destination_Upper_Left_Corner)
    SFI_DMA_Source_Start_Address             0x08008bcb   Thumb Code    60  lt768.o(i.SFI_DMA_Source_Start_Address)
    SFI_DMA_Source_Width                     0x08008c07   Thumb Code    32  lt768.o(i.SFI_DMA_Source_Width)
    SFI_DMA_Transfer_Width_Height            0x08008c27   Thumb Code    58  lt768.o(i.SFI_DMA_Transfer_Width_Height)
    SPI2_Init_8                              0x08008c61   Thumb Code   162  if_port.o(i.SPI2_Init_8)
    SPI2_ReadWriteByte                       0x08008d0d   Thumb Code    58  if_port.o(i.SPI2_ReadWriteByte)
    SPI_Clock_Period                         0x08008d4d   Thumb Code    20  lt768.o(i.SPI_Clock_Period)
    SPI_Cmd                                  0x08008d61   Thumb Code    20  stm32f10x_spi.o(i.SPI_Cmd)
    SPI_CmdWrite_8                           0x08008d75   Thumb Code    36  if_port.o(i.SPI_CmdWrite_8)
    SPI_DataRead_8                           0x08008d9d   Thumb Code    34  if_port.o(i.SPI_DataRead_8)
    SPI_DataWrite_8                          0x08008dc5   Thumb Code    36  if_port.o(i.SPI_DataWrite_8)
    SPI_Init                                 0x08008ded   Thumb Code    56  stm32f10x_spi.o(i.SPI_Init)
    SPI_StatusRead_8                         0x08008e25   Thumb Code    36  if_port.o(i.SPI_StatusRead_8)
    Select_Main_Window_16bpp                 0x08008e4d   Thumb Code    28  lt768.o(i.Select_Main_Window_16bpp)
    Select_PWM1                              0x08008e69   Thumb Code    28  lt768.o(i.Select_PWM1)
    Select_PWM1_Clock_Divided_By_1           0x08008e85   Thumb Code    24  lt768.o(i.Select_PWM1_Clock_Divided_By_1)
    Select_PWM1_Clock_Divided_By_2           0x08008e9d   Thumb Code    28  lt768.o(i.Select_PWM1_Clock_Divided_By_2)
    Select_PWM1_Clock_Divided_By_4           0x08008eb9   Thumb Code    28  lt768.o(i.Select_PWM1_Clock_Divided_By_4)
    Select_PWM1_Clock_Divided_By_8           0x08008ed5   Thumb Code    24  lt768.o(i.Select_PWM1_Clock_Divided_By_8)
    Select_SFI_0                             0x08008eed   Thumb Code    24  lt768.o(i.Select_SFI_0)
    Select_SFI_1                             0x08008f05   Thumb Code    24  lt768.o(i.Select_SFI_1)
    Select_SFI_DMA_Mode                      0x08008f1d   Thumb Code    24  lt768.o(i.Select_SFI_DMA_Mode)
    Set_GPIO_A_In_Out                        0x08008fdd   Thumb Code    20  lt768.o(i.Set_GPIO_A_In_Out)
    Set_LCD_Panel                            0x08008ff1   Thumb Code   114  lt768_lib.o(i.Set_LCD_Panel)
    Set_PWM_Prescaler_1_to_256               0x08009063   Thumb Code    20  lt768.o(i.Set_PWM_Prescaler_1_to_256)
    Set_Timer1_Compare_Buffer                0x08009077   Thumb Code    32  lt768.o(i.Set_Timer1_Compare_Buffer)
    Set_Timer1_Count_Buffer                  0x08009097   Thumb Code    32  lt768.o(i.Set_Timer1_Count_Buffer)
    Show                                     0x080090b7   Thumb Code   140  lt768_demo.o(i.Show)
    Square_End_XY                            0x08009143   Thumb Code    58  lt768.o(i.Square_End_XY)
    Square_Start_XY                          0x0800917d   Thumb Code    58  lt768.o(i.Square_Start_XY)
    Start_PWM1                               0x080091b7   Thumb Code    24  lt768.o(i.Start_PWM1)
    Start_SFI_DMA                            0x080091cf   Thumb Code    24  lt768.o(i.Start_SFI_DMA)
    Start_Square_Fill                        0x080091e7   Thumb Code    22  lt768.o(i.Start_Square_Fill)
    Stop_PWM1                                0x080091fd   Thumb Code    24  lt768.o(i.Stop_PWM1)
    SysTick_CLKSourceConfig                  0x08009215   Thumb Code    24  misc.o(i.SysTick_CLKSourceConfig)
    SystemInit                               0x0800922d   Thumb Code    64  system_stm32f10x.o(i.SystemInit)
    System_Check_Temp                        0x0800927d   Thumb Code    80  lt768_lib.o(i.System_Check_Temp)
    TFT_16bit                                0x080092cd   Thumb Code    28  lt768.o(i.TFT_16bit)
    TP_io_init                               0x080092e9   Thumb Code    50  rpio.o(i.TP_io_init)
    USART_Cmd                                0x08009321   Thumb Code    20  stm32f10x_usart.o(i.USART_Cmd)
    USART_Init                               0x08009335   Thumb Code   166  stm32f10x_usart.o(i.USART_Init)
    VSCAN_T_to_B                             0x080093e1   Thumb Code    24  lt768.o(i.VSCAN_T_to_B)
    VSYNC_Low_Active                         0x080093f9   Thumb Code    24  lt768.o(i.VSYNC_Low_Active)
    __0printf$5                              0x08009411   Thumb Code    22  printf5.o(i.__0printf$5)
    __1printf$5                              0x08009411   Thumb Code     0  printf5.o(i.__0printf$5)
    __2printf                                0x08009411   Thumb Code     0  printf5.o(i.__0printf$5)
    __scatterload_copy                       0x08009431   Thumb Code    14  handlers.o(i.__scatterload_copy)
    __scatterload_null                       0x0800943f   Thumb Code     2  handlers.o(i.__scatterload_null)
    __scatterload_zeroinit                   0x08009441   Thumb Code    14  handlers.o(i.__scatterload_zeroinit)
    delay_init                               0x08009711   Thumb Code    46  delay.o(i.delay_init)
    delay_ms                                 0x0800974d   Thumb Code    46  delay.o(i.delay_ms)
    delay_us                                 0x08009781   Thumb Code    46  delay.o(i.delay_us)
    fputc                                    0x080097b5   Thumb Code    18  usart.o(i.fputc)
    main                                     0x080097cd   Thumb Code   138  main.o(i.main)
    uart_init                                0x08009865   Thumb Code   114  usart.o(i.uart_init)
    Region$$Table$$Base                      0x080098e0   Number         0  anon$$obj.o(Region$$Table)
    Region$$Table$$Limit                     0x08009900   Number         0  anon$$obj.o(Region$$Table)
    __stdout                                 0x20000004   Data           4  usart.o(.data)
    CCLK                                     0x20000008   Data           1  lt768_lib.o(.data)
    MCLK                                     0x20000009   Data           1  lt768_lib.o(.data)
    SCLK                                     0x2000000a   Data           1  lt768_lib.o(.data)
    cSetb_4bit                               0x2000000b   Data           2  lt768_lib.o(.data)
    cSetb_2bit                               0x2000000d   Data           4  lt768_lib.o(.data)
    cSetb                                    0x20000011   Data           8  lt768_lib.o(.data)
    ctp_active_index                         0x2000001a   Data           1  gt911.o(.data)
    first                                    0x2000001b   Data           1  gt911.o(.data)
    X_Pos                                    0x2000001c   Data           2  gt911.o(.data)
    Y_Pos                                    0x2000001e   Data           2  gt911.o(.data)
    SystemCoreClock                          0x20000020   Data           4  system_stm32f10x.o(.data)
    AHBPrescTable                            0x20000024   Data          16  system_stm32f10x.o(.data)
    __initial_sp                             0x20001048   Data           0  stm32f10x.o(STACK)



==============================================================================

Memory Map of the image

  Image Entry point : 0x080080ed

  Load Region LR_IROM1 (Base: 0x08008000, Size: 0x00001948, Max: 0x00038000, ABSOLUTE)

    Execution Region ER_IROM1 (Exec base: 0x08008000, Load base: 0x08008000, Size: 0x00001900, Max: 0x00038000, ABSOLUTE)

    Exec Addr    Load Addr    Size         Type   Attr      Idx    E Section Name        Object

    0x08008000   0x08008000   0x000000ec   Data   RO         4073    RESET               stm32f10x.o
    0x080080ec   0x080080ec   0x00000000   Code   RO         5384  * .ARM.Collect$$$$00000000  mc_w.l(entry.o)
    0x080080ec   0x080080ec   0x00000004   Code   RO         5715    .ARM.Collect$$$$00000001  mc_w.l(entry2.o)
    0x080080f0   0x080080f0   0x00000004   Code   RO         5718    .ARM.Collect$$$$00000004  mc_w.l(entry5.o)
    0x080080f4   0x080080f4   0x00000000   Code   RO         5720    .ARM.Collect$$$$00000008  mc_w.l(entry7b.o)
    0x080080f4   0x080080f4   0x00000000   Code   RO         5722    .ARM.Collect$$$$0000000A  mc_w.l(entry8b.o)
    0x080080f4   0x080080f4   0x00000008   Code   RO         5723    .ARM.Collect$$$$0000000B  mc_w.l(entry9a.o)
    0x080080fc   0x080080fc   0x00000004   Code   RO         5730    .ARM.Collect$$$$0000000E  mc_w.l(entry12b.o)
    0x08008100   0x08008100   0x00000000   Code   RO         5725    .ARM.Collect$$$$0000000F  mc_w.l(entry10a.o)
    0x08008100   0x08008100   0x00000000   Code   RO         5727    .ARM.Collect$$$$00000011  mc_w.l(entry11a.o)
    0x08008100   0x08008100   0x00000004   Code   RO         5716    .ARM.Collect$$$$00002712  mc_w.l(entry2.o)
    0x08008104   0x08008104   0x0000001c   Code   RO         4074    .text               stm32f10x.o
    0x08008120   0x08008120   0x00000062   Code   RO         5733    .text               mc_w.l(uldiv.o)
    0x08008182   0x08008182   0x00000002   PAD
    0x08008184   0x08008184   0x00000024   Code   RO         5755    .text               mc_w.l(init.o)
    0x080081a8   0x080081a8   0x0000001e   Code   RO         5757    .text               mc_w.l(llshl.o)
    0x080081c6   0x080081c6   0x00000020   Code   RO         5759    .text               mc_w.l(llushr.o)
    0x080081e6   0x080081e6   0x0000002a   Code   RO          290    i.Active_Window_WH  lt768.o
    0x08008210   0x08008210   0x0000002a   Code   RO          291    i.Active_Window_XY  lt768.o
    0x0800823a   0x0800823a   0x0000002c   Code   RO          329    i.Canvas_Image_Start_address  lt768.o
    0x08008266   0x08008266   0x00000018   Code   RO          330    i.Canvas_image_width  lt768.o
    0x0800827e   0x0800827e   0x00000002   PAD
    0x08008280   0x08008280   0x0000000e   Code   RO          331    i.Check_2D_Busy     lt768.o
    0x0800828e   0x0800828e   0x00000002   PAD
    0x08008290   0x08008290   0x0000000e   Code   RO          333    i.Check_Busy_Draw   lt768.o
    0x0800829e   0x0800829e   0x00000012   Code   RO          334    i.Check_Busy_SFI_DMA  lt768.o
    0x080082b0   0x080082b0   0x0000000e   Code   RO          343    i.Check_SDRAM_Ready  lt768.o
    0x080082be   0x080082be   0x00000018   Code   RO          359    i.DE_High_Active    lt768.o
    0x080082d6   0x080082d6   0x00000018   Code   RO          386    i.Display_ON        lt768.o
    0x080082ee   0x080082ee   0x00000002   PAD
    0x080082f0   0x080082f0   0x000000da   Code   RO         3766    i.Display_RGB_Gray_RGB565  lt768_demo.o
    0x080083ca   0x080083ca   0x00000002   PAD
    0x080083cc   0x080083cc   0x00000028   Code   RO         3972    i.EXTI9_5_IRQHandler  gt911.o
    0x080083f4   0x080083f4   0x0000000c   Code   RO         5304    i.EXTI_ClearITPendingBit  stm32f10x_exti.o
    0x08008400   0x08008400   0x00000020   Code   RO         5308    i.EXTI_GetITStatus  stm32f10x_exti.o
    0x08008420   0x08008420   0x00000018   Code   RO          417    i.Enable_SFlash_SPI  lt768.o
    0x08008438   0x08008438   0x00000030   Code   RO          450    i.Foreground_color_65k  lt768.o
    0x08008468   0x08008468   0x000000a2   Code   RO         4241    i.GPIO_Init         stm32f10x_gpio.o
    0x0800850a   0x0800850a   0x00000004   Code   RO         4248    i.GPIO_ResetBits    stm32f10x_gpio.o
    0x0800850e   0x0800850e   0x00000004   Code   RO         4249    i.GPIO_SetBits      stm32f10x_gpio.o
    0x08008512   0x08008512   0x0000002a   Code   RO          460    i.Goto_Pixel_XY     lt768.o
    0x0800853c   0x0800853c   0x00000018   Code   RO          463    i.Graphic_Mode      lt768.o
    0x08008554   0x08008554   0x00000018   Code   RO          467    i.HSYNC_Low_Active  lt768.o
    0x0800856c   0x0800856c   0x00000018   Code   RO          468    i.Host_Bus_16bit    lt768.o
    0x08008584   0x08008584   0x00000004   Code   RO         2983    i.LCD_CmdWrite      if_port.o
    0x08008588   0x08008588   0x0000000a   Code   RO         2984    i.LCD_DataRead      if_port.o
    0x08008592   0x08008592   0x00000004   Code   RO         2985    i.LCD_DataWrite     if_port.o
    0x08008596   0x08008596   0x00000028   Code   RO          490    i.LCD_HSYNC_Pulse_Width  lt768.o
    0x080085be   0x080085be   0x00000028   Code   RO          491    i.LCD_HSYNC_Start_Position  lt768.o
    0x080085e6   0x080085e6   0x00000068   Code   RO          492    i.LCD_HorizontalWidth_VerticalHeight  lt768.o
    0x0800864e   0x0800864e   0x00000046   Code   RO          493    i.LCD_Horizontal_Non_Display  lt768.o
    0x08008694   0x08008694   0x00000012   Code   RO          495    i.LCD_RegisterWrite  lt768.o
    0x080086a6   0x080086a6   0x00000004   Code   RO         2987    i.LCD_StatusRead    if_port.o
    0x080086aa   0x080086aa   0x00000016   Code   RO          496    i.LCD_VSYNC_Pulse_Width  lt768.o
    0x080086c0   0x080086c0   0x00000016   Code   RO          497    i.LCD_VSYNC_Start_Position  lt768.o
    0x080086d6   0x080086d6   0x00000022   Code   RO          498    i.LCD_Vertical_Non_Display  lt768.o
    0x080086f8   0x080086f8   0x00000064   Code   RO         3088    i.LT768_DMA_24bit_Block  lt768_lib.o
    0x0800875c   0x0800875c   0x00000030   Code   RO         3120    i.LT768_DrawSquare_Fill  lt768_lib.o
    0x0800878c   0x0800878c   0x00000048   Code   RO         3129    i.LT768_HW_Reset    lt768_lib.o
    0x080087d4   0x080087d4   0x00000028   Code   RO         3130    i.LT768_Init        lt768_lib.o
    0x080087fc   0x080087fc   0x000000cc   Code   RO         3135    i.LT768_PLL_Initial  lt768_lib.o
    0x080088c8   0x080088c8   0x00000068   Code   RO         3139    i.LT768_PWM1_Init   lt768_lib.o
    0x08008930   0x08008930   0x0000004e   Code   RO         3147    i.LT768_SDRAM_initail  lt768_lib.o
    0x0800897e   0x0800897e   0x00000002   PAD
    0x08008980   0x08008980   0x0000001c   Code   RO         3162    i.LT768_initial     lt768_lib.o
    0x0800899c   0x0800899c   0x00000010   Code   RO         3881    i.LT_TpInit         rtp.o
    0x080089ac   0x080089ac   0x0000002c   Code   RO          522    i.Main_Image_Start_Address  lt768.o
    0x080089d8   0x080089d8   0x00000018   Code   RO          523    i.Main_Image_Width  lt768.o
    0x080089f0   0x080089f0   0x0000002a   Code   RO          524    i.Main_Window_Start_XY  lt768.o
    0x08008a1a   0x08008a1a   0x00000018   Code   RO          539    i.MemWrite_Left_Right_Top_Down  lt768.o
    0x08008a32   0x08008a32   0x0000001c   Code   RO          542    i.Memory_16bpp_Mode  lt768.o
    0x08008a4e   0x08008a4e   0x00000018   Code   RO          548    i.Memory_Select_SDRAM  lt768.o
    0x08008a66   0x08008a66   0x00000018   Code   RO          549    i.Memory_XY_Mode    lt768.o
    0x08008a7e   0x08008a7e   0x00000018   Code   RO          555    i.PCLK_Falling      lt768.o
    0x08008a96   0x08008a96   0x00000018   Code   RO          563    i.PDATA_Set_RGB     lt768.o
    0x08008aae   0x08008aae   0x00000004   Code   RO         2988    i.Parallel_Init     if_port.o
    0x08008ab2   0x08008ab2   0x00000002   PAD
    0x08008ab4   0x08008ab4   0x00000018   Code   RO         4351    i.RCC_APB1PeriphClockCmd  stm32f10x_rcc.o
    0x08008acc   0x08008acc   0x00000018   Code   RO         4353    i.RCC_APB2PeriphClockCmd  stm32f10x_rcc.o
    0x08008ae4   0x08008ae4   0x00000090   Code   RO         4361    i.RCC_GetClocksFreq  stm32f10x_rcc.o
    0x08008b74   0x08008b74   0x0000001c   Code   RO          576    i.RGB_16b_16bpp     lt768.o
    0x08008b90   0x08008b90   0x0000003a   Code   RO          601    i.SFI_DMA_Destination_Upper_Left_Corner  lt768.o
    0x08008bca   0x08008bca   0x0000003c   Code   RO          602    i.SFI_DMA_Source_Start_Address  lt768.o
    0x08008c06   0x08008c06   0x00000020   Code   RO          603    i.SFI_DMA_Source_Width  lt768.o
    0x08008c26   0x08008c26   0x0000003a   Code   RO          605    i.SFI_DMA_Transfer_Width_Height  lt768.o
    0x08008c60   0x08008c60   0x000000ac   Code   RO         2989    i.SPI2_Init_8       if_port.o
    0x08008d0c   0x08008d0c   0x00000040   Code   RO         2990    i.SPI2_ReadWriteByte  if_port.o
    0x08008d4c   0x08008d4c   0x00000014   Code   RO          606    i.SPI_Clock_Period  lt768.o
    0x08008d60   0x08008d60   0x00000014   Code   RO         4554    i.SPI_Cmd           stm32f10x_spi.o
    0x08008d74   0x08008d74   0x00000028   Code   RO         2991    i.SPI_CmdWrite_8    if_port.o
    0x08008d9c   0x08008d9c   0x00000028   Code   RO         2992    i.SPI_DataRead_8    if_port.o
    0x08008dc4   0x08008dc4   0x00000028   Code   RO         2993    i.SPI_DataWrite_8   if_port.o
    0x08008dec   0x08008dec   0x00000038   Code   RO         4567    i.SPI_Init          stm32f10x_spi.o
    0x08008e24   0x08008e24   0x00000028   Code   RO         2995    i.SPI_StatusRead_8  if_port.o
    0x08008e4c   0x08008e4c   0x0000001c   Code   RO          613    i.Select_Main_Window_16bpp  lt768.o
    0x08008e68   0x08008e68   0x0000001c   Code   RO          631    i.Select_PWM1       lt768.o
    0x08008e84   0x08008e84   0x00000018   Code   RO          632    i.Select_PWM1_Clock_Divided_By_1  lt768.o
    0x08008e9c   0x08008e9c   0x0000001c   Code   RO          633    i.Select_PWM1_Clock_Divided_By_2  lt768.o
    0x08008eb8   0x08008eb8   0x0000001c   Code   RO          634    i.Select_PWM1_Clock_Divided_By_4  lt768.o
    0x08008ed4   0x08008ed4   0x00000018   Code   RO          635    i.Select_PWM1_Clock_Divided_By_8  lt768.o
    0x08008eec   0x08008eec   0x00000018   Code   RO          639    i.Select_SFI_0      lt768.o
    0x08008f04   0x08008f04   0x00000018   Code   RO          641    i.Select_SFI_1      lt768.o
    0x08008f1c   0x08008f1c   0x00000018   Code   RO          647    i.Select_SFI_DMA_Mode  lt768.o
    0x08008f34   0x08008f34   0x000000a8   Code   RO         4029    i.SetSysClockTo72   system_stm32f10x.o
    0x08008fdc   0x08008fdc   0x00000014   Code   RO          660    i.Set_GPIO_A_In_Out  lt768.o
    0x08008ff0   0x08008ff0   0x00000072   Code   RO         3174    i.Set_LCD_Panel     lt768_lib.o
    0x08009062   0x08009062   0x00000014   Code   RO          668    i.Set_PWM_Prescaler_1_to_256  lt768.o
    0x08009076   0x08009076   0x00000020   Code   RO          672    i.Set_Timer1_Compare_Buffer  lt768.o
    0x08009096   0x08009096   0x00000020   Code   RO          673    i.Set_Timer1_Count_Buffer  lt768.o
    0x080090b6   0x080090b6   0x0000008c   Code   RO         3777    i.Show              lt768_demo.o
    0x08009142   0x08009142   0x0000003a   Code   RO          675    i.Square_End_XY     lt768.o
    0x0800917c   0x0800917c   0x0000003a   Code   RO          676    i.Square_Start_XY   lt768.o
    0x080091b6   0x080091b6   0x00000018   Code   RO          687    i.Start_PWM1        lt768.o
    0x080091ce   0x080091ce   0x00000018   Code   RO          692    i.Start_SFI_DMA     lt768.o
    0x080091e6   0x080091e6   0x00000016   Code   RO          694    i.Start_Square_Fill  lt768.o
    0x080091fc   0x080091fc   0x00000018   Code   RO          698    i.Stop_PWM1         lt768.o
    0x08009214   0x08009214   0x00000018   Code   RO         4083    i.SysTick_CLKSourceConfig  misc.o
    0x0800922c   0x0800922c   0x00000050   Code   RO         4031    i.SystemInit        system_stm32f10x.o
    0x0800927c   0x0800927c   0x00000050   Code   RO         3175    i.System_Check_Temp  lt768_lib.o
    0x080092cc   0x080092cc   0x0000001c   Code   RO          699    i.TFT_16bit         lt768.o
    0x080092e8   0x080092e8   0x00000038   Code   RO         3942    i.TP_io_init        rpio.o
    0x08009320   0x08009320   0x00000014   Code   RO         4697    i.USART_Cmd         stm32f10x_usart.o
    0x08009334   0x08009334   0x000000ac   Code   RO         4704    i.USART_Init        stm32f10x_usart.o
    0x080093e0   0x080093e0   0x00000018   Code   RO          711    i.VSCAN_T_to_B      lt768.o
    0x080093f8   0x080093f8   0x00000018   Code   RO          713    i.VSYNC_Low_Active  lt768.o
    0x08009410   0x08009410   0x00000020   Code   RO         5527    i.__0printf$5       mc_w.l(printf5.o)
    0x08009430   0x08009430   0x0000000e   Code   RO         5769    i.__scatterload_copy  mc_w.l(handlers.o)
    0x0800943e   0x0800943e   0x00000002   Code   RO         5770    i.__scatterload_null  mc_w.l(handlers.o)
    0x08009440   0x08009440   0x0000000e   Code   RO         5771    i.__scatterload_zeroinit  mc_w.l(handlers.o)
    0x0800944e   0x0800944e   0x00000002   PAD
    0x08009450   0x08009450   0x000002c0   Code   RO         5534    i._printf_core      mc_w.l(printf5.o)
    0x08009710   0x08009710   0x0000003c   Code   RO          107    i.delay_init        delay.o
    0x0800974c   0x0800974c   0x00000034   Code   RO          108    i.delay_ms          delay.o
    0x08009780   0x08009780   0x00000034   Code   RO          109    i.delay_us          delay.o
    0x080097b4   0x080097b4   0x00000018   Code   RO          216    i.fputc             usart.o
    0x080097cc   0x080097cc   0x00000098   Code   RO            1    i.main              main.o
    0x08009864   0x08009864   0x0000007c   Code   RO          217    i.uart_init         usart.o
    0x080098e0   0x080098e0   0x00000020   Data   RO         5767    Region$$Table       anon$$obj.o


    Execution Region RW_IRAM1 (Exec base: 0x20000000, Load base: 0x08009900, Size: 0x00001048, Max: 0x0000c000, ABSOLUTE)

    Exec Addr    Load Addr    Size         Type   Attr      Idx    E Section Name        Object

    0x20000000   0x08009900   0x00000004   Data   RW          110    .data               delay.o
    0x20000004   0x08009904   0x00000004   Data   RW          218    .data               usart.o
    0x20000008   0x08009908   0x00000011   Data   RW         3189    .data               lt768_lib.o
    0x20000019   0x08009919   0x00000001   PAD
    0x2000001a   0x0800991a   0x00000006   Data   RW         3978    .data               gt911.o
    0x20000020   0x08009920   0x00000014   Data   RW         4032    .data               system_stm32f10x.o
    0x20000034   0x08009934   0x00000014   Data   RW         4381    .data               stm32f10x_rcc.o
    0x20000048        -       0x00001000   Zero   RW         4071    STACK               stm32f10x.o


==============================================================================

Image component sizes


      Code (inc. data)   RO Data    RW Data    ZI Data      Debug   Object Name

       164         26          0          4          0     236699   delay.o
        40          6          0          6          0       2404   gt911.o
       422         34          0          0          0       6301   if_port.o
      1932          0          0          0          0      34796   lt768.o
       358          0          0          0          0       1229   lt768_demo.o
       868         26          0         17          0      10449   lt768_lib.o
       152         14          0          0          0     223431   main.o
        24          0          0          0          0        558   misc.o
        56          6          0          0          0        513   rpio.o
        16          0          0          0          0        472   rtp.o
        28          4        236          0       4096        816   stm32f10x.o
        44         10          0          0          0       1204   stm32f10x_exti.o
       170          0          0          0          0       3104   stm32f10x_gpio.o
       192         28          0         20          0       4682   stm32f10x_rcc.o
        76          0          0          0          0       2301   stm32f10x_spi.o
       192          6          0          0          0       3073   stm32f10x_usart.o
       248         24          0         20          0       1993   system_stm32f10x.o
       148         16          0          4          0       3098   usart.o

    ----------------------------------------------------------------------
      5142        200        268         72       4096     537123   Object Totals
         0          0         32          0          0          0   (incl. Generated)
        12          0          0          1          0          0   (incl. Padding)

    ----------------------------------------------------------------------

      Code (inc. data)   RO Data    RW Data    ZI Data      Debug   Library Member Name

         0          0          0          0          0          0   entry.o
         0          0          0          0          0          0   entry10a.o
         0          0          0          0          0          0   entry11a.o
         4          0          0          0          0          0   entry12b.o
         8          4          0          0          0          0   entry2.o
         4          0          0          0          0          0   entry5.o
         0          0          0          0          0          0   entry7b.o
         0          0          0          0          0          0   entry8b.o
         8          4          0          0          0          0   entry9a.o
        30          0          0          0          0          0   handlers.o
        36          8          0          0          0         68   init.o
        30          0          0          0          0         68   llshl.o
        32          0          0          0          0         68   llushr.o
       736         54          0          0          0        184   printf5.o
        98          0          0          0          0         92   uldiv.o

    ----------------------------------------------------------------------
       990         70          0          0          0        480   Library Totals
         4          0          0          0          0          0   (incl. Padding)

    ----------------------------------------------------------------------

      Code (inc. data)   RO Data    RW Data    ZI Data      Debug   Library Name

       986         70          0          0          0        480   mc_w.l

    ----------------------------------------------------------------------
       990         70          0          0          0        480   Library Totals

    ----------------------------------------------------------------------

==============================================================================


      Code (inc. data)   RO Data    RW Data    ZI Data      Debug   

      6132        270        268         72       4096     532087   Grand Totals
      6132        270        268         72       4096     532087   ELF Image Totals
      6132        270        268         72          0          0   ROM Totals

==============================================================================

    Total RO  Size (Code + RO Data)                 6400 (   6.25kB)
    Total RW  Size (RW Data + ZI Data)              4168 (   4.07kB)
    Total ROM Size (Code + RO Data + RW Data)       6472 (   6.32kB)

==============================================================================

