Component: ARM Compiler 5.06 update 6 (build 750) Tool: armlink [4d35ed]

==============================================================================

Section Cross References

    main.o(i.APP) refers to printf5.o(i.__0printf$5) for __2printf
    main.o(i.APP) refers to sys.o(i.INTX_DISABLE) for INTX_DISABLE
    main.o(i.APP) refers to main.o(.data) for .data
    main.o(i.Flash_find) refers to flash.o(i.W25QXX_ReadID) for W25QXX_ReadID
    main.o(i.Flash_find) refers to flash.o(i.W25N01GV_ReadID) for W25N01GV_ReadID
    main.o(i.Flash_find) refers to strcpy.o(.text) for strcpy
    main.o(i.Flash_find) refers to flash.o(i.W25QXX_Enter_4Byte_AddressMode) for W25QXX_Enter_4Byte_AddressMode
    main.o(i.Flash_find) refers to lt768_lib.o(i.LT768_DrawSquare_Fill) for LT768_DrawSquare_Fill
    main.o(i.Flash_find) refers to lt768_lib.o(i.LT768_Print_Internal_Font_String) for LT768_Print_Internal_Font_String
    main.o(i.Flash_find) refers to main.o(.data) for .data
    main.o(i.Flash_find) refers to flash.o(.data) for Flash_type
    main.o(i.Flash_find) refers to main.o(.bss) for .bss
    main.o(i.Flash_find) refers to flash.o(.data) for W25Q256
    main.o(i.GetCrc32) refers to main.o(.bss) for .bss
    main.o(i.Make_CRC32_Table) refers to main.o(.bss) for .bss
    main.o(i.main) refers to system_stm32f10x.o(i.SystemInit) for SystemInit
    main.o(i.main) refers to delay.o(i.delay_init) for delay_init
    main.o(i.main) refers to usart.o(i.uart_init) for uart_init
    main.o(i.main) refers to printf5.o(i.__0printf$5) for __2printf
    main.o(i.main) refers to main.o(i.Make_CRC32_Table) for Make_CRC32_Table
    main.o(i.main) refers to if_port.o(i.Parallel_Init) for Parallel_Init
    main.o(i.main) refers to lt768_lib.o(i.LT768_Init) for LT768_Init
    main.o(i.main) refers to lt768_lib.o(i.LT768_SPI_Init) for LT768_SPI_Init
    main.o(i.main) refers to lt768.o(i.Main_Image_Start_Address) for Main_Image_Start_Address
    main.o(i.main) refers to lt768.o(i.Main_Image_Width) for Main_Image_Width
    main.o(i.main) refers to lt768.o(i.Main_Window_Start_XY) for Main_Window_Start_XY
    main.o(i.main) refers to lt768.o(i.Canvas_Image_Start_address) for Canvas_Image_Start_address
    main.o(i.main) refers to lt768.o(i.Canvas_image_width) for Canvas_image_width
    main.o(i.main) refers to lt768.o(i.Active_Window_XY) for Active_Window_XY
    main.o(i.main) refers to lt768.o(i.Active_Window_WH) for Active_Window_WH
    main.o(i.main) refers to lt768_lib.o(i.LT768_DrawSquare_Fill) for LT768_DrawSquare_Fill
    main.o(i.main) refers to lt768_lib.o(i.LT768_Select_Internal_Font_Init) for LT768_Select_Internal_Font_Init
    main.o(i.main) refers to lt768_lib.o(i.LT768_PWM1_Init) for LT768_PWM1_Init
    main.o(i.main) refers to lt768.o(i.Display_ON) for Display_ON
    main.o(i.main) refers to lt768_lib.o(i.LT768_Print_Internal_Font_String) for LT768_Print_Internal_Font_String
    main.o(i.main) refers to main.o(i.Flash_find) for Flash_find
    main.o(i.main) refers to download.o(i.Flash_Updata) for Flash_Updata
    main.o(i.main) refers to strcpy.o(.text) for strcpy
    main.o(i.main) refers to printf5.o(i.__0sprintf$5) for __2sprintf
    main.o(i.main) refers to download.o(i.APP_Updata) for APP_Updata
    main.o(i.main) refers to delay.o(i.delay_ms) for delay_ms
    main.o(i.main) refers to main.o(i.APP) for APP
    main.o(i.main) refers to main.o(.bss) for .bss
    download.o(i.APP_Updata) refers to ff.o(i.f_mount) for f_mount
    download.o(i.APP_Updata) refers to ff.o(i.f_open) for f_open
    download.o(i.APP_Updata) refers to lt768_lib.o(i.LT768_Print_Internal_Font_String) for LT768_Print_Internal_Font_String
    download.o(i.APP_Updata) refers to ff.o(i.f_read) for f_read
    download.o(i.APP_Updata) refers to main.o(i.GetCrc32) for GetCrc32
    download.o(i.APP_Updata) refers to ff.o(i.f_lseek) for f_lseek
    download.o(i.APP_Updata) refers to download.o(i.num_to_char) for num_to_char
    download.o(i.APP_Updata) refers to stmflash.o(i.STMFLASH_Write) for STMFLASH_Write
    download.o(i.APP_Updata) refers to ff.o(i.f_close) for f_close
    download.o(i.APP_Updata) refers to download.o(.bss) for .bss
    download.o(i.Check_BadBlock) refers to flash.o(i.W25N01GV_Erase_Block) for W25N01GV_Erase_Block
    download.o(i.Check_BadBlock) refers to memseta.o(.text) for __aeabi_memset
    download.o(i.Check_BadBlock) refers to flash.o(i.W25N01GV_Write_NoCheck) for W25N01GV_Write_NoCheck
    download.o(i.Check_BadBlock) refers to flash.o(i.W25N01GV_Read_NoCheck) for W25N01GV_Read_NoCheck
    download.o(i.Check_BadBlock) refers to download.o(.bss) for .bss
    download.o(i.Flash_Updata) refers to ff.o(i.f_mount) for f_mount
    download.o(i.Flash_Updata) refers to ff.o(i.f_open) for f_open
    download.o(i.Flash_Updata) refers to lt768_lib.o(i.LT768_Print_Internal_Font_String) for LT768_Print_Internal_Font_String
    download.o(i.Flash_Updata) refers to ff.o(i.f_read) for f_read
[...]
    i.Set_Timer1_Compare_Buffer              0x0800376e   Section        0  lt768.o(i.Set_Timer1_Compare_Buffer)
    i.Set_Timer1_Count_Buffer                0x0800378e   Section        0  lt768.o(i.Set_Timer1_Count_Buffer)
    i.Show_String                            0x080037ae   Section        0  lt768.o(i.Show_String)
    i.Square_End_XY                          0x080037da   Section        0  lt768.o(i.Square_End_XY)
    i.Square_Start_XY                        0x08003814   Section        0  lt768.o(i.Square_Start_XY)
    i.Start_PWM1                             0x0800384e   Section        0  lt768.o(i.Start_PWM1)
    i.Start_Square_Fill                      0x08003866   Section        0  lt768.o(i.Start_Square_Fill)
    i.Stop_PWM1                              0x0800387c   Section        0  lt768.o(i.Stop_PWM1)
    i.SysTick_CLKSourceConfig                0x08003894   Section        0  misc.o(i.SysTick_CLKSourceConfig)
    i.SystemInit                             0x080038ac   Section        0  system_stm32f10x.o(i.SystemInit)
    i.System_Check_Temp                      0x080038fc   Section        0  lt768_lib.o(i.System_Check_Temp)
    i.TFT_16bit                              0x0800394c   Section        0  lt768.o(i.TFT_16bit)
    i.Text_Mode                              0x08003968   Section        0  lt768.o(i.Text_Mode)
    i.Tx_FIFO_Empty_Flag                     0x08003980   Section        0  lt768.o(i.Tx_FIFO_Empty_Flag)
    i.USART_Cmd                              0x08003998   Section        0  stm32f10x_usart.o(i.USART_Cmd)
    i.USART_Init                             0x080039ac   Section        0  stm32f10x_usart.o(i.USART_Init)
    i.VSCAN_T_to_B                           0x08003a58   Section        0  lt768.o(i.VSCAN_T_to_B)
    i.VSYNC_Low_Active                       0x08003a70   Section        0  lt768.o(i.VSYNC_Low_Active)
    i.W25N01GV_BBM                           0x08003a88   Section        0  download.o(i.W25N01GV_BBM)
    i.W25N01GV_Bad_Block_Replace             0x08003bf8   Section        0  flash.o(i.W25N01GV_Bad_Block_Replace)
    i.W25N01GV_Erase_Block                   0x08003c42   Section        0  flash.o(i.W25N01GV_Erase_Block)
    i.W25N01GV_ReadID                        0x08003c88   Section        0  flash.o(i.W25N01GV_ReadID)
    i.W25N01GV_ReadPageAddr_Data             0x08003cbe   Section        0  flash.o(i.W25N01GV_ReadPageAddr_Data)
    i.W25N01GV_ReadSR                        0x08003d4e   Section        0  flash.o(i.W25N01GV_ReadSR)
    i.W25N01GV_Read_BBM_LUT                  0x08003d72   Section        0  flash.o(i.W25N01GV_Read_BBM_LUT)
    i.W25N01GV_Read_NoCheck                  0x08003dce   Section        0  flash.o(i.W25N01GV_Read_NoCheck)
    i.W25N01GV_Wait_Busy                     0x08003e12   Section        0  flash.o(i.W25N01GV_Wait_Busy)
    i.W25N01GV_WritePageAddr_Data            0x08003e20   Section        0  flash.o(i.W25N01GV_WritePageAddr_Data)
    i.W25N01GV_Write_Disable                 0x08003ea6   Section        0  flash.o(i.W25N01GV_Write_Disable)
    i.W25N01GV_Write_Enable                  0x08003eba   Section        0  flash.o(i.W25N01GV_Write_Enable)
    i.W25N01GV_Write_NoCheck                 0x08003ece   Section        0  flash.o(i.W25N01GV_Write_NoCheck)
    i.W25N01GV_Write_SR                      0x08003f12   Section        0  flash.o(i.W25N01GV_Write_SR)
    i.W25QXX_BlockErase64KB                  0x08003f40   Section        0  flash.o(i.W25QXX_BlockErase64KB)
    i.W25QXX_Enter_4Byte_AddressMode         0x08003f88   Section        0  flash.o(i.W25QXX_Enter_4Byte_AddressMode)
    i.W25QXX_Read                            0x08003f9c   Section        0  flash.o(i.W25QXX_Read)
    i.W25QXX_ReadID                          0x08003ff0   Section        0  flash.o(i.W25QXX_ReadID)
    i.W25QXX_ReadSR                          0x0800402a   Section        0  flash.o(i.W25QXX_ReadSR)
    i.W25QXX_Wait_Busy                       0x08004048   Section        0  flash.o(i.W25QXX_Wait_Busy)
    i.W25QXX_Write_Enable                    0x08004056   Section        0  flash.o(i.W25QXX_Write_Enable)
    i.W25QXX_Write_NoCheck                   0x0800406a   Section        0  flash.o(i.W25QXX_Write_NoCheck)
    i.W25QXX_Write_Page                      0x080040a8   Section        0  flash.o(i.W25QXX_Write_Page)
    i.__0printf$5                            0x08004108   Section        0  printf5.o(i.__0printf$5)
    i.__0sprintf$5                           0x08004128   Section        0  printf5.o(i.__0sprintf$5)
    i.__scatterload_copy                     0x08004150   Section       14  handlers.o(i.__scatterload_copy)
    i.__scatterload_null                     0x0800415e   Section        2  handlers.o(i.__scatterload_null)
    i.__scatterload_zeroinit                 0x08004160   Section       14  handlers.o(i.__scatterload_zeroinit)
    i._printf_core                           0x08004170   Section        0  printf5.o(i._printf_core)
    _printf_core                             0x08004171   Thumb Code   658  printf5.o(i._printf_core)
    i._sputc                                 0x08004430   Section        0  printf5.o(i._sputc)
    _sputc                                   0x08004431   Thumb Code    10  printf5.o(i._sputc)
    i.check_fs                               0x0800443c   Section        0  ff.o(i.check_fs)
    check_fs                                 0x0800443d   Thumb Code    86  ff.o(i.check_fs)
    i.chk_chr                                0x08004498   Section        0  ff.o(i.chk_chr)
    chk_chr                                  0x08004499   Thumb Code    16  ff.o(i.chk_chr)
    i.clmt_clust                             0x080044a8   Section        0  ff.o(i.clmt_clust)
    clmt_clust                               0x080044a9   Thumb Code    36  ff.o(i.clmt_clust)
    i.clust2sect                             0x080044cc   Section        0  ff.o(i.clust2sect)
    i.cmp_lfn                                0x080044e4   Section        0  ff.o(i.cmp_lfn)
    cmp_lfn                                  0x080044e5   Thumb Code   116  ff.o(i.cmp_lfn)
    i.convert_from_bytes_to_power_of_two     0x0800455c   Section        0  sdio_sdcard.o(i.convert_from_bytes_to_power_of_two)
    i.create_chain                           0x0800456e   Section        0  ff.o(i.create_chain)
    create_chain                             0x0800456f   Thumb Code   158  ff.o(i.create_chain)
    i.create_name                            0x0800460c   Section        0  ff.o(i.create_name)
    create_name                              0x0800460d   Thumb Code   492  ff.o(i.create_name)
    i.delay_init                             0x08004810   Section        0  delay.o(i.delay_init)
    i.delay_ms                               0x0800484c   Section        0  delay.o(i.delay_ms)
    i.delay_us                               0x08004880   Section        0  delay.o(i.delay_us)
    i.dir_alloc                              0x080048b4   Section        0  ff.o(i.dir_alloc)
    dir_alloc                                0x080048b5   Thumb Code    66  ff.o(i.dir_alloc)
    i.dir_find                               0x080048f6   Section        0  ff.o(i.dir_find)
    dir_find                                 0x080048f7   Thumb Code   196  ff.o(i.dir_find)
    i.dir_next                               0x080049ba   Section        0  ff.o(i.dir_next)
    dir_next                                 0x080049bb   Thumb Code   230  ff.o(i.dir_next)
    i.dir_register                           0x08004aa0   Section        0  ff.o(i.dir_register)
    dir_register                             0x08004aa1   Thumb Code   362  ff.o(i.dir_register)
    i.dir_sdi                                0x08004c10   Section        0  ff.o(i.dir_sdi)
    dir_sdi                                  0x08004c11   Thumb Code   126  ff.o(i.dir_sdi)
    i.disk_initialize                        0x08004c8e   Section        0  diskio.o(i.disk_initialize)
    i.disk_ioctl                             0x08004ca0   Section        0  diskio.o(i.disk_ioctl)
    i.disk_read                              0x08004ce4   Section        0  diskio.o(i.disk_read)
    i.disk_status                            0x08004d40   Section        0  diskio.o(i.disk_status)
    i.disk_write                             0x08004d44   Section        0  diskio.o(i.disk_write)
    i.f_close                                0x08004da0   Section        0  ff.o(i.f_close)
    i.f_lseek                                0x08004dbc   Section        0  ff.o(i.f_lseek)
    i.f_mount                                0x08004fd4   Section        0  ff.o(i.f_mount)
    i.f_open                                 0x08005020   Section        0  ff.o(i.f_open)
    i.f_read                                 0x0800516a   Section        0  ff.o(i.f_read)
    i.f_sync                                 0x080052bc   Section        0  ff.o(i.f_sync)
    i.ff_convert                             0x08005354   Section        0  ccsbcs.o(i.ff_convert)
    i.ff_wtoupper                            0x0800538c   Section        0  ccsbcs.o(i.ff_wtoupper)
    i.find_volume                            0x080053dc   Section        0  ff.o(i.find_volume)
    find_volume                              0x080053dd   Thumb Code   554  ff.o(i.find_volume)
    i.follow_path                            0x08005614   Section        0  ff.o(i.follow_path)
    follow_path                              0x08005615   Thumb Code   102  ff.o(i.follow_path)
    i.fputc                                  0x0800567c   Section        0  usart.o(i.fputc)
    i.gen_numname                            0x08005694   Section        0  ff.o(i.gen_numname)
    gen_numname                              0x08005695   Thumb Code   122  ff.o(i.gen_numname)
    i.get_fat                                0x08005714   Section        0  ff.o(i.get_fat)
    i.get_fattime                            0x080057d2   Section        0  diskio.o(i.get_fattime)
    i.get_ldnumber                           0x080057d6   Section        0  ff.o(i.get_ldnumber)
    get_ldnumber                             0x080057d7   Thumb Code    60  ff.o(i.get_ldnumber)
    i.ld_clust                               0x08005812   Section        0  ff.o(i.ld_clust)
    ld_clust                                 0x08005813   Thumb Code    18  ff.o(i.ld_clust)
    i.main                                   0x08005824   Section        0  main.o(i.main)
    i.mem_cpy                                0x08005c30   Section        0  ff.o(i.mem_cpy)
    mem_cpy                                  0x08005c31   Thumb Code    18  ff.o(i.mem_cpy)
    i.mem_set                                0x08005c42   Section        0  ff.o(i.mem_set)
    mem_set                                  0x08005c43   Thumb Code    14  ff.o(i.mem_set)
    i.move_window                            0x08005c50   Section        0  ff.o(i.move_window)
    move_window                              0x08005c51   Thumb Code    50  ff.o(i.move_window)
    i.nSS_Active                             0x08005c82   Section        0  lt768.o(i.nSS_Active)
    i.nSS_Inactive                           0x08005c9a   Section        0  lt768.o(i.nSS_Inactive)
    i.num_to_char                            0x08005cb2   Section        0  download.o(i.num_to_char)
    i.put_fat                                0x08005cec   Section        0  ff.o(i.put_fat)
    i.remove_chain                           0x08005de0   Section        0  ff.o(i.remove_chain)
    remove_chain                             0x08005de1   Thumb Code    98  ff.o(i.remove_chain)
    i.st_clust                               0x08005e42   Section        0  ff.o(i.st_clust)
    st_clust                                 0x08005e43   Thumb Code    16  ff.o(i.st_clust)
    i.sum_sfn                                0x08005e52   Section        0  ff.o(i.sum_sfn)
    sum_sfn                                  0x08005e53   Thumb Code    26  ff.o(i.sum_sfn)
    i.sync_fs                                0x08005e6c   Section        0  ff.o(i.sync_fs)
    sync_fs                                  0x08005e6d   Thumb Code   176  ff.o(i.sync_fs)
    i.sync_window                            0x08005f1c   Section        0  ff.o(i.sync_window)
    sync_window                              0x08005f1d   Thumb Code    82  ff.o(i.sync_window)
    i.uart_init                              0x08005f70   Section        0  usart.o(i.uart_init)
    i.validate                               0x08005fec   Section        0  ff.o(i.validate)
    validate                                 0x08005fed   Thumb Code    34  ff.o(i.validate)
    .constdata                               0x0800600e   Section      186  ff.o(.constdata)
    ExCvt                                    0x0800600e   Data         128  ff.o(.constdata)
    LfnOfs                                   0x0800608e   Data          13  ff.o(.constdata)
    vst                                      0x0800609c   Data          22  ff.o(.constdata)
    cst                                      0x080060b2   Data          22  ff.o(.constdata)
    .constdata                               0x080060c8   Section     2232  ccsbcs.o(.constdata)
    Tbl                                      0x080060c8   Data         256  ccsbcs.o(.constdata)
    lower                                    0x080061c8   Data         988  ccsbcs.o(.constdata)
    upper                                    0x080065a4   Data         988  ccsbcs.o(.constdata)
    .data                                    0x20000000   Section        8  main.o(.data)
    .data                                    0x20000008   Section        4  delay.o(.data)
    fac_us                                   0x20000008   Data           1  delay.o(.data)
    fac_ms                                   0x2000000a   Data           2  delay.o(.data)
    .data                                    0x2000000c   Section        4  usart.o(.data)
    .data                                    0x20000010   Section        3  lt768_lib.o(.data)
    .data                                    0x20000013   Section        1  flash.o(.data)
    .data                                    0x20000014   Section        1  flash.o(.data)
    .data                                    0x20000018   Section       20  system_stm32f10x.o(.data)
    .data                                    0x2000002c   Section       20  stm32f10x_rcc.o(.data)
    ADCPrescTable                            0x2000002c   Data           4  stm32f10x_rcc.o(.data)
    APBAHBPrescTable                         0x20000030   Data          16  stm32f10x_rcc.o(.data)
    .data                                    0x20000040   Section       16  sdio_sdcard.o(.data)
    CardType                                 0x20000040   Data           1  sdio_sdcard.o(.data)
    DeviceMode                               0x20000041   Data           1  sdio_sdcard.o(.data)
    StopCondition                            0x20000042   Data           1  sdio_sdcard.o(.data)
    RCA                                      0x20000048   Data           4  sdio_sdcard.o(.data)
    .data                                    0x20000050   Section        8  ff.o(.data)
    Fsid                                     0x20000050   Data           2  ff.o(.data)
    FatFs                                    0x20000054   Data           4  ff.o(.data)
    .bss                                     0x20000058   Section     1036  main.o(.bss)
    .bss                                     0x20000464   Section     4096  download.o(.bss)
    .bss                                     0x20001464   Section     2048  stmflash.o(.bss)
    .bss                                     0x20001c68   Section      704  sdio_sdcard.o(.bss)
    CSD_Tab                                  0x20001cac   Data          16  sdio_sdcard.o(.bss)
    CID_Tab                                  0x20001cbc   Data          16  sdio_sdcard.o(.bss)
    STACK                                    0x20001f28   Section     4096  stm32f10x.o(STACK)

    Global Symbols

    Symbol Name                              Value     Ov Type        Size  Object(Section)

    BuildAttributes$$THM_ISAv4$P$D$K$B$S$PE$A:L22UL41UL21$X:L11$S22US41US21$IEEE1$IW$USESV6$~STKCKD$USESV7$~SHL$OSPACE$ROPI$EBA8$MICROLIB$REQ8$PRES8$EABIv2 0x00000000   Number         0  anon$$obj.o ABSOLUTE
    __ARM_use_no_argv                        0x00000000   Number         0  main.o ABSOLUTE
    __use_no_errno                           0x00000000   Number         0  useno.o ABSOLUTE
    __use_no_exception_handling              0x00000000   Number         0  useno.o ABSOLUTE
    __use_no_fp                              0x00000000   Number         0  useno.o ABSOLUTE
    __use_no_heap                            0x00000000   Number         0  useno.o ABSOLUTE
    __use_no_heap_region                     0x00000000   Number         0  useno.o ABSOLUTE
    __use_no_semihosting                     0x00000000   Number         0  useno.o ABSOLUTE
    __use_no_semihosting_swi                 0x00000000   Number         0  useno.o ABSOLUTE
    __use_no_signal_handling                 0x00000000   Number         0  useno.o ABSOLUTE
    _printf_a                                0x00000000   Number         0  stubs.o ABSOLUTE
    _printf_c                                0x00000000   Number         0  stubs.o ABSOLUTE
    _printf_charcount                        0x00000000   Number         0  stubs.o ABSOLUTE
    _printf_d                                0x00000000   Number         0  stubs.o ABSOLUTE
    _printf_e                                0x00000000   Number         0  stubs.o ABSOLUTE
    _printf_f                                0x00000000   Number         0  stubs.o ABSOLUTE
    _printf_flags                            0x00000000   Number         0  stubs.o ABSOLUTE
    _printf_fp_dec                           0x00000000   Number         0  stubs.o ABSOLUTE
    _printf_fp_hex                           0x00000000   Number         0  stubs.o ABSOLUTE
    _printf_g                                0x00000000   Number         0  stubs.o ABSOLUTE
    _printf_i                                0x00000000   Number         0  stubs.o ABSOLUTE
    _printf_int_dec                          0x00000000   Number         0  stubs.o ABSOLUTE
    _printf_l                                0x00000000   Number         0  stubs.o ABSOLUTE
    _printf_lc                               0x00000000   Number         0  stubs.o ABSOLUTE
    _printf_ll                               0x00000000   Number         0  stubs.o ABSOLUTE
    _printf_lld                              0x00000000   Number         0  stubs.o ABSOLUTE
    _printf_lli                              0x00000000   Number         0  stubs.o ABSOLUTE
    _printf_llo                              0x00000000   Number         0  stubs.o ABSOLUTE
    _printf_llu                              0x00000000   Number         0  stubs.o ABSOLUTE
    _printf_llx                              0x00000000   Number         0  stubs.o ABSOLUTE
    _printf_longlong_dec                     0x00000000   Number         0  stubs.o ABSOLUTE
    _printf_longlong_hex                     0x00000000   Number         0  stubs.o ABSOLUTE
    _printf_longlong_oct                     0x00000000   Number         0  stubs.o ABSOLUTE
    _printf_ls                               0x00000000   Number         0  stubs.o ABSOLUTE
    _printf_mbtowc                           0x00000000   Number         0  stubs.o ABSOLUTE
    _printf_n                                0x00000000   Number         0  stubs.o ABSOLUTE
    _printf_o                                0x00000000   Number         0  stubs.o ABSOLUTE
    _printf_p                                0x00000000   Number         0  stubs.o ABSOLUTE
    _printf_percent                          0x00000000   Number         0  stubs.o ABSOLUTE
    _printf_pre_padding                      0x00000000   Number         0  stubs.o ABSOLUTE
    _printf_return_value                     0x00000000   Number         0  stubs.o ABSOLUTE
    _printf_s                                0x00000000   Number         0  stubs.o ABSOLUTE
    _printf_sizespec                         0x00000000   Number         0  stubs.o ABSOLUTE
    _printf_str                              0x00000000   Number         0  stubs.o ABSOLUTE
    _printf_truncate_signed                  0x00000000   Number         0  stubs.o ABSOLUTE
    _printf_truncate_unsigned                0x00000000   Number         0  stubs.o ABSOLUTE
    _printf_u                                0x00000000   Number         0  stubs.o ABSOLUTE
    _printf_wc                               0x00000000   Number         0  stubs.o ABSOLUTE
    _printf_wctomb                           0x00000000   Number         0  stubs.o ABSOLUTE
    _printf_widthprec                        0x00000000   Number         0  stubs.o ABSOLUTE
    _printf_x                                0x00000000   Number         0  stubs.o ABSOLUTE
    __cpp_initialize__aeabi_                  - Undefined Weak Reference
    __cxa_finalize                            - Undefined Weak Reference
    __decompress                              - Undefined Weak Reference
    _clock_init                               - Undefined Weak Reference
    _microlib_exit                            - Undefined Weak Reference
    __Vectors                                0x08000000   Data           4  stm32f10x.o(RESET)
    __main                                   0x080000ed   Thumb Code     0  entry.o(.ARM.Collect$$$$00000000)
    _main_stk                                0x080000ed   Thumb Code     0  entry2.o(.ARM.Collect$$$$00000001)
    _main_scatterload                        0x080000f1   Thumb Code     0  entry5.o(.ARM.Collect$$$$00000004)
    __main_after_scatterload                 0x080000f5   Thumb Code     0  entry5.o(.ARM.Collect$$$$00000004)
    _main_clock                              0x080000f5   Thumb Code     0  entry7b.o(.ARM.Collect$$$$00000008)
    _main_cpp_init                           0x080000f5   Thumb Code     0  entry8b.o(.ARM.Collect$$$$0000000A)
    _main_init                               0x080000f5   Thumb Code     0  entry9a.o(.ARM.Collect$$$$0000000B)
    __rt_final_cpp                           0x080000fd   Thumb Code     0  entry10a.o(.ARM.Collect$$$$0000000D)
    __rt_final_exit                          0x080000fd   Thumb Code     0  entry11a.o(.ARM.Collect$$$$0000000F)
    Reset_Handler                            0x08000101   Thumb Code     4  stm32f10x.o(.text)
    NMI_Handler                              0x08000105   Thumb Code     2  stm32f10x.o(.text)
    HardFault_Handler                        0x08000107   Thumb Code     2  stm32f10x.o(.text)
    MemManage_Handler                        0x08000109   Thumb Code     2  stm32f10x.o(.text)
    BusFault_Handler                         0x0800010b   Thumb Code     2  stm32f10x.o(.text)
    UsageFault_Handler                       0x0800010d   Thumb Code     2  stm32f10x.o(.text)
    SVC_Handler                              0x0800010f   Thumb Code     2  stm32f10x.o(.text)
    DebugMon_Handler                         0x08000111   Thumb Code     2  stm32f10x.o(.text)
    PendSV_Handler                           0x08000113   Thumb Code     2  stm32f10x.o(.text)
    SysTick_Handler                          0x08000115   Thumb Code     2  stm32f10x.o(.text)
    ADC_IRQHandler                           0x08000117   Thumb Code     0  stm32f10x.o(.text)
    CAN_RX1_IRQHandler                       0x08000117   Thumb Code     0  stm32f10x.o(.text)
    CAN_SCE_IRQHandler                       0x08000117   Thumb Code     0  stm32f10x.o(.text)
    DMAChannel1_IRQHandler                   0x08000117   Thumb Code     0  stm32f10x.o(.text)
    DMAChannel2_IRQHandler                   0x08000117   Thumb Code     0  stm32f10x.o(.text)
    DMAChannel3_IRQHandler                   0x08000117   Thumb Code     0  stm32f10x.o(.text)
    DMAChannel4_IRQHandler                   0x08000117   Thumb Code     0  stm32f10x.o(.text)
    DMAChannel5_IRQHandler                   0x08000117   Thumb Code     0  stm32f10x.o(.text)
    DMAChannel6_IRQHandler                   0x08000117   Thumb Code     0  stm32f10x.o(.text)
    DMAChannel7_IRQHandler                   0x08000117   Thumb Code     0  stm32f10x.o(.text)
    EXTI0_IRQHandler                         0x08000117   Thumb Code     0  stm32f10x.o(.text)
    EXTI15_10_IRQHandler                     0x08000117   Thumb Code     0  stm32f10x.o(.text)
    EXTI1_IRQHandler                         0x08000117   Thumb Code     0  stm32f10x.o(.text)
    EXTI2_IRQHandler                         0x08000117   Thumb Code     0  stm32f10x.o(.text)
    EXTI3_IRQHandler                         0x08000117   Thumb Code     0  stm32f10x.o(.text)
    EXTI4_IRQHandler                         0x08000117   Thumb Code     0  stm32f10x.o(.text)
    EXTI9_5_IRQHandler                       0x08000117   Thumb Code     0  stm32f10x.o(.text)
    FLASH_IRQHandler                         0x08000117   Thumb Code     0  stm32f10x.o(.text)
    I2C1_ER_IRQHandler                       0x08000117   Thumb Code     0  stm32f10x.o(.text)
    I2C1_EV_IRQHandler                       0x08000117   Thumb Code     0  stm32f10x.o(.text)
    I2C2_ER_IRQHandler                       0x08000117   Thumb Code     0  stm32f10x.o(.text)
    I2C2_EV_IRQHandler                       0x08000117   Thumb Code     0  stm32f10x.o(.text)
    PVD_IRQHandler                           0x08000117   Thumb Code     0  stm32f10x.o(.text)
    RCC_IRQHandler                           0x08000117   Thumb Code     0  stm32f10x.o(.text)
    RTCAlarm_IRQHandler                      0x08000117   Thumb Code     0  stm32f10x.o(.text)
    RTC_IRQHandler                           0x08000117   Thumb Code     0  stm32f10x.o(.text)
    SPI1_IRQHandler                          0x08000117   Thumb Code     0  stm32f10x.o(.text)
    SPI2_IRQHandler                          0x08000117   Thumb Code     0  stm32f10x.o(.text)
    TAMPER_IRQHandler                        0x08000117   Thumb Code     0  stm32f10x.o(.text)
    TIM1_BRK_IRQHandler                      0x08000117   Thumb Code     0  stm32f10x.o(.text)
    TIM1_CC_IRQHandler                       0x08000117   Thumb Code     0  stm32f10x.o(.text)
    TIM1_TRG_COM_IRQHandler                  0x08000117   Thumb Code     0  stm32f10x.o(.text)
    TIM1_UP_IRQHandler                       0x08000117   Thumb Code     0  stm32f10x.o(.text)
    TIM2_IRQHandler                          0x08000117   Thumb Code     0  stm32f10x.o(.text)
    TIM3_IRQHandler                          0x08000117   Thumb Code     0  stm32f10x.o(.text)
    TIM4_IRQHandler                          0x08000117   Thumb Code     0  stm32f10x.o(.text)
    USART1_IRQHandler                        0x08000117   Thumb Code     0  stm32f10x.o(.text)
    USART2_IRQHandler                        0x08000117   Thumb Code     0  stm32f10x.o(.text)
    USART3_IRQHandler                        0x08000117   Thumb Code     0  stm32f10x.o(.text)
    USBWakeUp_IRQHandler                     0x08000117   Thumb Code     0  stm32f10x.o(.text)
    USB_HP_CAN_TX_IRQHandler                 0x08000117   Thumb Code     0  stm32f10x.o(.text)
    USB_LP_CAN_RX0_IRQHandler                0x08000117   Thumb Code     0  stm32f10x.o(.text)
    WWDG_IRQHandler                          0x08000117   Thumb Code     0  stm32f10x.o(.text)
    __aeabi_ldivmod                          0x0800011d   Thumb Code    98  ldiv.o(.text)
    __aeabi_memcpy                           0x0800017f   Thumb Code    36  memcpya.o(.text)
    __aeabi_memcpy4                          0x0800017f   Thumb Code     0  memcpya.o(.text)
    __aeabi_memcpy8                          0x0800017f   Thumb Code     0  memcpya.o(.text)
    __aeabi_memset                           0x080001a3   Thumb Code    14  memseta.o(.text)
    __aeabi_memset4                          0x080001a3   Thumb Code     0  memseta.o(.text)
    __aeabi_memset8                          0x080001a3   Thumb Code     0  memseta.o(.text)
    __aeabi_memclr                           0x080001b1   Thumb Code     4  memseta.o(.text)
    __aeabi_memclr4                          0x080001b1   Thumb Code     0  memseta.o(.text)
    __aeabi_memclr8                          0x080001b1   Thumb Code     0  memseta.o(.text)
    _memset$wrapper                          0x080001b5   Thumb Code    18  memseta.o(.text)
    strcpy                                   0x080001c7   Thumb Code    18  strcpy.o(.text)
    __aeabi_dmul                             0x080001d9   Thumb Code   228  dmul.o(.text)
    __aeabi_ddiv                             0x080002bd   Thumb Code   222  ddiv.o(.text)
    __aeabi_ui2d                             0x0800039b   Thumb Code    26  dfltui.o(.text)
    __aeabi_ul2d                             0x080003b5   Thumb Code    24  dfltul.o(.text)
    __aeabi_d2uiz                            0x080003cd   Thumb Code    50  dfixui.o(.text)
    __aeabi_uldivmod                         0x080003ff   Thumb Code    98  uldiv.o(.text)
    __aeabi_llsr                             0x08000461   Thumb Code    32  llushr.o(.text)
    _ll_ushift_r                             0x08000461   Thumb Code     0  llushr.o(.text)
    __I$use$fp                               0x08000481   Thumb Code     0  iusefp.o(.text)
    _double_round                            0x08000481   Thumb Code    30  depilogue.o(.text)
    _double_epilogue                         0x0800049f   Thumb Code   156  depilogue.o(.text)
    __scatterload                            0x0800053d   Thumb Code    28  init.o(.text)
    __scatterload_rt2                        0x0800053d   Thumb Code     0  init.o(.text)
    __aeabi_llsl                             0x08000561   Thumb Code    30  llshl.o(.text)
    _ll_shift_l                              0x08000561   Thumb Code     0  llshl.o(.text)
    APP                                      0x08000581   Thumb Code    40  main.o(i.APP)
    APP_Updata                               0x080005c5   Thumb Code   542  download.o(i.APP_Updata)
    Active_Window_WH                         0x080007fd   Thumb Code    42  lt768.o(i.Active_Window_WH)
    Active_Window_XY                         0x08000827   Thumb Code    42  lt768.o(i.Active_Window_XY)
    Background_color_65k                     0x08000851   Thumb Code    48  lt768.o(i.Background_color_65k)
    CGROM_Select_Internal_CGROM              0x08000881   Thumb Code    24  lt768.o(i.CGROM_Select_Internal_CGROM)
    Canvas_Image_Start_address               0x08000899   Thumb Code    44  lt768.o(i.Canvas_Image_Start_address)
    Canvas_image_width                       0x080008c5   Thumb Code    24  lt768.o(i.Canvas_image_width)
    Check_2D_Busy                            0x080008dd   Thumb Code    14  lt768.o(i.Check_2D_Busy)
    Check_BadBlock                           0x080008ed   Thumb Code   286  download.o(i.Check_BadBlock)
    Check_Busy_Draw                          0x08000a11   Thumb Code    14  lt768.o(i.Check_Busy_Draw)
    Check_Mem_WR_FIFO_not_Full               0x08000a21   Thumb Code    14  lt768.o(i.Check_Mem_WR_FIFO_not_Full)
    Check_SDRAM_Ready                        0x08000a31   Thumb Code    14  lt768.o(i.Check_SDRAM_Ready)
    CmdError                                 0x08000a3f   Thumb Code    42  sdio_sdcard.o(i.CmdError)
    CmdResp1Error                            0x08000a69   Thumb Code    74  sdio_sdcard.o(i.CmdResp1Error)
    CmdResp2Error                            0x08000ab9   Thumb Code    66  sdio_sdcard.o(i.CmdResp2Error)
    CmdResp3Error                            0x08000b01   Thumb Code    42  sdio_sdcard.o(i.CmdResp3Error)
    CmdResp6Error                            0x08000b31   Thumb Code   114  sdio_sdcard.o(i.CmdResp6Error)
    CmdResp7Error                            0x08000ba9   Thumb Code    54  sdio_sdcard.o(i.CmdResp7Error)
    DE_High_Active                           0x08000be5   Thumb Code    24  lt768.o(i.DE_High_Active)
    DMA_Cmd                                  0x08000bfd   Thumb Code    22  stm32f10x_dma.o(i.DMA_Cmd)
    DMA_DeInit                               0x08000c15   Thumb Code   218  stm32f10x_dma.o(i.DMA_DeInit)
    DMA_Init                                 0x08000cf9   Thumb Code    58  stm32f10x_dma.o(i.DMA_Init)
    DataPin_In                               0x08000d35   Thumb Code    18  if_port.o(i.DataPin_In)
    Datain                                   0x08000d4d   Thumb Code     8  if_port.o(i.Datain)
    Disable_Font_Alignment                   0x08000d59   Thumb Code    24  lt768.o(i.Disable_Font_Alignment)
    Display_ON                               0x08000d71   Thumb Code    24  lt768.o(i.Display_ON)
    Enable_Font_Alignment                    0x08000d89   Thumb Code    24  lt768.o(i.Enable_Font_Alignment)
    Enable_SFlash_SPI                        0x08000da1   Thumb Code    24  lt768.o(i.Enable_SFlash_SPI)
    FLASH_ErasePage                          0x08000db9   Thumb Code    56  stm32f10x_flash.o(i.FLASH_ErasePage)
    FLASH_GetBank1Status                     0x08000df5   Thumb Code    34  stm32f10x_flash.o(i.FLASH_GetBank1Status)
    FLASH_Lock                               0x08000e1d   Thumb Code    12  stm32f10x_flash.o(i.FLASH_Lock)
    FLASH_ProgramHalfWord                    0x08000e2d   Thumb Code    48  stm32f10x_flash.o(i.FLASH_ProgramHalfWord)
    FLASH_Unlock                             0x08000e61   Thumb Code    12  stm32f10x_flash.o(i.FLASH_Unlock)
    FLASH_WaitForLastOperation               0x08000e79   Thumb Code    36  stm32f10x_flash.o(i.FLASH_WaitForLastOperation)
    FindSCR                                  0x08000e9d   Thumb Code   298  sdio_sdcard.o(i.FindSCR)
    Flash_Updata                             0x08000fd5   Thumb Code   724  download.o(i.Flash_Updata)
    Flash_find                               0x080012c5   Thumb Code   264  main.o(i.Flash_find)
    Font_Background_select_Color             0x08001445   Thumb Code    24  lt768.o(i.Font_Background_select_Color)
    Font_Background_select_Transparency      0x0800145d   Thumb Code    24  lt768.o(i.Font_Background_select_Transparency)
    Font_Height_X1                           0x08001475   Thumb Code    24  lt768.o(i.Font_Height_X1)
    Font_Height_X2                           0x0800148d   Thumb Code    28  lt768.o(i.Font_Height_X2)
    Font_Height_X3                           0x080014a9   Thumb Code    28  lt768.o(i.Font_Height_X3)
    Font_Height_X4                           0x080014c5   Thumb Code    24  lt768.o(i.Font_Height_X4)
    Font_Select_12x24_24x24                  0x080014dd   Thumb Code    28  lt768.o(i.Font_Select_12x24_24x24)
    Font_Select_16x32_32x32                  0x080014f9   Thumb Code    28  lt768.o(i.Font_Select_16x32_32x32)
    Font_Select_8x16_16x16                   0x08001515   Thumb Code    24  lt768.o(i.Font_Select_8x16_16x16)
    Font_Width_X1                            0x0800152d   Thumb Code    24  lt768.o(i.Font_Width_X1)
    Font_Width_X2                            0x08001545   Thumb Code    28  lt768.o(i.Font_Width_X2)
    Font_Width_X3                            0x08001561   Thumb Code    28  lt768.o(i.Font_Width_X3)
    Font_Width_X4                            0x0800157d   Thumb Code    24  lt768.o(i.Font_Width_X4)
    Foreground_color_65k                     0x08001595   Thumb Code    48  lt768.o(i.Foreground_color_65k)
    GPIO_Init                                0x080015c5   Thumb Code   162  stm32f10x_gpio.o(i.GPIO_Init)
    GPIO_PinRemapConfig                      0x08001669   Thumb Code    82  stm32f10x_gpio.o(i.GPIO_PinRemapConfig)
    GPIO_ResetBits                           0x080016c1   Thumb Code     4  stm32f10x_gpio.o(i.GPIO_ResetBits)
    GPIO_SetBits                             0x080016c5   Thumb Code     4  stm32f10x_gpio.o(i.GPIO_SetBits)
    GetCrc32                                 0x080016c9   Thumb Code    34  main.o(i.GetCrc32)
    Goto_Text_XY                             0x080016f1   Thumb Code    42  lt768.o(i.Goto_Text_XY)
    Graphic_Mode                             0x0800171b   Thumb Code    24  lt768.o(i.Graphic_Mode)
    HSYNC_Low_Active                         0x08001733   Thumb Code    24  lt768.o(i.HSYNC_Low_Active)
    Host_Bus_8bit                            0x0800174b   Thumb Code    24  lt768.o(i.Host_Bus_8bit)
    INTX_DISABLE                             0x08001763   Thumb Code     4  sys.o(i.INTX_DISABLE)
    INTX_ENABLE                              0x08001767   Thumb Code     4  sys.o(i.INTX_ENABLE)
    Init_S8080                               0x0800176d   Thumb Code   112  if_port.o(i.Init_S8080)
    IsCardProgramming                        0x080017ed   Thumb Code   118  sdio_sdcard.o(i.IsCardProgramming)
    LCD_CmdWrite                             0x08001871   Thumb Code     4  if_port.o(i.LCD_CmdWrite)
    LCD_DataRead                             0x08001875   Thumb Code     4  if_port.o(i.LCD_DataRead)
    LCD_DataWrite                            0x08001879   Thumb Code     4  if_port.o(i.LCD_DataWrite)
    LCD_HSYNC_Pulse_Width                    0x0800187d   Thumb Code    40  lt768.o(i.LCD_HSYNC_Pulse_Width)
    LCD_HSYNC_Start_Position                 0x080018a5   Thumb Code    40  lt768.o(i.LCD_HSYNC_Start_Position)
    LCD_HorizontalWidth_VerticalHeight       0x080018cd   Thumb Code   104  lt768.o(i.LCD_HorizontalWidth_VerticalHeight)
    LCD_Horizontal_Non_Display               0x08001935   Thumb Code    70  lt768.o(i.LCD_Horizontal_Non_Display)
    LCD_RegisterWrite                        0x0800197b   Thumb Code    18  lt768.o(i.LCD_RegisterWrite)
    LCD_StatusRead                           0x0800198d   Thumb Code     4  if_port.o(i.LCD_StatusRead)
    LCD_VSYNC_Pulse_Width                    0x08001991   Thumb Code    22  lt768.o(i.LCD_VSYNC_Pulse_Width)
    LCD_VSYNC_Start_Position                 0x080019a7   Thumb Code    22  lt768.o(i.LCD_VSYNC_Start_Position)
    LCD_Vertical_Non_Display                 0x080019bd   Thumb Code    34  lt768.o(i.LCD_Vertical_Non_Display)
    LT768_DrawSquare_Fill                    0x080019df   Thumb Code    48  lt768_lib.o(i.LT768_DrawSquare_Fill)
    LT768_HW_Reset                           0x08001a11   Thumb Code    68  lt768_lib.o(i.LT768_HW_Reset)
    LT768_Init                               0x08001a59   Thumb Code    40  lt768_lib.o(i.LT768_Init)
    LT768_PLL_Initial                        0x08001a81   Thumb Code   188  lt768_lib.o(i.LT768_PLL_Initial)
    LT768_PWM1_Init                          0x08001b4d   Thumb Code   104  lt768_lib.o(i.LT768_PWM1_Init)
    LT768_Print_Internal_Font_String         0x08001bb5   Thumb Code    52  lt768_lib.o(i.LT768_Print_Internal_Font_String)
    LT768_SDRAM_initail                      0x08001be9   Thumb Code    78  lt768_lib.o(i.LT768_SDRAM_initail)
    LT768_SPI_Init                           0x08001c37   Thumb Code    38  lt768_lib.o(i.LT768_SPI_Init)
    LT768_Select_Internal_Font_Init          0x08001c5d   Thumb Code   166  lt768_lib.o(i.LT768_Select_Internal_Font_Init)
    LT768_initial                            0x08001d05   Thumb Code    22  lt768_lib.o(i.LT768_initial)
    Main_Image_Start_Address                 0x08001d21   Thumb Code    44  lt768.o(i.Main_Image_Start_Address)
    Main_Image_Width                         0x08001d4d   Thumb Code    24  lt768.o(i.Main_Image_Width)
    Main_Window_Start_XY                     0x08001d65   Thumb Code    42  lt768.o(i.Main_Window_Start_XY)
    Make_CRC32_Table                         0x08001d91   Thumb Code    42  main.o(i.Make_CRC32_Table)
    MemWrite_Left_Right_Top_Down             0x08001dc5   Thumb Code    24  lt768.o(i.MemWrite_Left_Right_Top_Down)
    Memory_16bpp_Mode                        0x08001ddd   Thumb Code    28  lt768.o(i.Memory_16bpp_Mode)
    Memory_Select_SDRAM                      0x08001df9   Thumb Code    24  lt768.o(i.Memory_Select_SDRAM)
    Memory_XY_Mode                           0x08001e11   Thumb Code    24  lt768.o(i.Memory_XY_Mode)
    NVIC_Init                                0x08001e29   Thumb Code    94  misc.o(i.NVIC_Init)
    PCLK_Falling                             0x08001e8d   Thumb Code    24  lt768.o(i.PCLK_Falling)
    PDATA_Set_RGB                            0x08001ea5   Thumb Code    24  lt768.o(i.PDATA_Set_RGB)
    Parallel_Init                            0x08001ebd   Thumb Code     4  if_port.o(i.Parallel_Init)
    RCC_AHBPeriphClockCmd                    0x08001ec1   Thumb Code    18  stm32f10x_rcc.o(i.RCC_AHBPeriphClockCmd)
    RCC_APB2PeriphClockCmd                   0x08001ed9   Thumb Code    18  stm32f10x_rcc.o(i.RCC_APB2PeriphClockCmd)
    RCC_GetClocksFreq                        0x08001ef1   Thumb Code   128  stm32f10x_rcc.o(i.RCC_GetClocksFreq)
    RGB_16b_16bpp                            0x08001f81   Thumb Code    28  lt768.o(i.RGB_16b_16bpp)
    Rx_FIFO_Empty_Flag                       0x08001f9d   Thumb Code    24  lt768.o(i.Rx_FIFO_Empty_Flag)
    S8080_CmdWrite                           0x08001fb5   Thumb Code    52  if_port.o(i.S8080_CmdWrite)
    S8080_DataRead                           0x08001ff5   Thumb Code    62  if_port.o(i.S8080_DataRead)
    S8080_DataWrite                          0x0800203d   Thumb Code    52  if_port.o(i.S8080_DataWrite)
    S8080_StatusRead                         0x0800207d   Thumb Code    72  if_port.o(i.S8080_StatusRead)
    SDEnWideBus                              0x080020cd   Thumb Code   126  sdio_sdcard.o(i.SDEnWideBus)
    SDIO_ClearFlag                           0x08002159   Thumb Code     6  stm32f10x_sdio.o(i.SDIO_ClearFlag)
    SDIO_ClockCmd                            0x08002165   Thumb Code     8  stm32f10x_sdio.o(i.SDIO_ClockCmd)
    SDIO_Clock_Set                           0x08002171   Thumb Code    14  sdio_sdcard.o(i.SDIO_Clock_Set)
    SDIO_DMACmd                              0x08002185   Thumb Code     6  stm32f10x_sdio.o(i.SDIO_DMACmd)
    SDIO_DataConfig                          0x08002191   Thumb Code    38  stm32f10x_sdio.o(i.SDIO_DataConfig)
    SDIO_DeInit                              0x080021bd   Thumb Code    26  stm32f10x_sdio.o(i.SDIO_DeInit)
    SDIO_GetFlagStatus                       0x080021e1   Thumb Code    16  stm32f10x_sdio.o(i.SDIO_GetFlagStatus)
    SDIO_GetPowerState                       0x080021f5   Thumb Code    10  stm32f10x_sdio.o(i.SDIO_GetPowerState)
    SDIO_Init                                0x08002205   Thumb Code    40  stm32f10x_sdio.o(i.SDIO_Init)
    SDIO_ReadData                            0x08002231   Thumb Code     8  stm32f10x_sdio.o(i.SDIO_ReadData)
    SDIO_SendCommand                         0x0800223d   Thumb Code    34  stm32f10x_sdio.o(i.SDIO_SendCommand)
    SDIO_SetPowerState                       0x08002265   Thumb Code    18  stm32f10x_sdio.o(i.SDIO_SetPowerState)
    SDIO_WriteData                           0x0800227d   Thumb Code     8  stm32f10x_sdio.o(i.SDIO_WriteData)
    SD_DMA_Config                            0x08002289   Thumb Code    90  sdio_sdcard.o(i.SD_DMA_Config)
    SD_EnableWideBusOperation                0x080022ed   Thumb Code    68  sdio_sdcard.o(i.SD_EnableWideBusOperation)
    SD_GetCardInfo                           0x08002339   Thumb Code   520  sdio_sdcard.o(i.SD_GetCardInfo)
    SD_Init                                  0x08002549   Thumb Code   180  sdio_sdcard.o(i.SD_Init)
    SD_InitializeCards                       0x0800260d   Thumb Code   262  sdio_sdcard.o(i.SD_InitializeCards)
    SD_PowerON                               0x08002721   Thumb Code   364  sdio_sdcard.o(i.SD_PowerON)
    SD_ReadBlock                             0x080028a1   Thumb Code   482  sdio_sdcard.o(i.SD_ReadBlock)
    SD_ReadDisk                              0x08002a99   Thumb Code   114  sdio_sdcard.o(i.SD_ReadDisk)
    SD_ReadMultiBlocks                       0x08002b11   Thumb Code   588  sdio_sdcard.o(i.SD_ReadMultiBlocks)
    SD_SelectDeselect                        0x08002d71   Thumb Code    40  sdio_sdcard.o(i.SD_SelectDeselect)
    SD_SetDeviceMode                         0x08002d9d   Thumb Code    20  sdio_sdcard.o(i.SD_SetDeviceMode)
    SD_WriteBlock                            0x08002db5   Thumb Code   708  sdio_sdcard.o(i.SD_WriteBlock)
    SD_WriteDisk                             0x08003089   Thumb Code   108  sdio_sdcard.o(i.SD_WriteDisk)
    SD_WriteMultiBlocks                      0x080030f9   Thumb Code   734  sdio_sdcard.o(i.SD_WriteMultiBlocks)
    SPI_Clock_Period                         0x080033e9   Thumb Code    20  lt768.o(i.SPI_Clock_Period)
    SPI_Master_FIFO_Data_Get                 0x080033fd   Thumb Code    26  lt768.o(i.SPI_Master_FIFO_Data_Get)
    SPI_Master_FIFO_Data_Put                 0x08003417   Thumb Code    32  lt768.o(i.SPI_Master_FIFO_Data_Put)
    STMFLASH_Read                            0x08003439   Thumb Code    26  stmflash.o(i.STMFLASH_Read)
    STMFLASH_Write                           0x08003455   Thumb Code   190  stmflash.o(i.STMFLASH_Write)
    STMFLASH_Write_NoCheck                   0x08003519   Thumb Code    40  stmflash.o(i.STMFLASH_Write_NoCheck)
    Select_Main_Window_16bpp                 0x08003541   Thumb Code    28  lt768.o(i.Select_Main_Window_16bpp)
    Select_PWM1                              0x0800355d   Thumb Code    28  lt768.o(i.Select_PWM1)
    Select_PWM1_Clock_Divided_By_1           0x08003579   Thumb Code    24  lt768.o(i.Select_PWM1_Clock_Divided_By_1)
    Select_PWM1_Clock_Divided_By_2           0x08003591   Thumb Code    28  lt768.o(i.Select_PWM1_Clock_Divided_By_2)
    Select_PWM1_Clock_Divided_By_4           0x080035ad   Thumb Code    28  lt768.o(i.Select_PWM1_Clock_Divided_By_4)
    Select_PWM1_Clock_Divided_By_8           0x080035c9   Thumb Code    24  lt768.o(i.Select_PWM1_Clock_Divided_By_8)
    Select_SFI_0                             0x080035e1   Thumb Code    24  lt768.o(i.Select_SFI_0)
    Select_SFI_1                             0x080035f9   Thumb Code    24  lt768.o(i.Select_SFI_1)
    Select_nSS_drive_on_xnsfcs0              0x08003611   Thumb Code    24  lt768.o(i.Select_nSS_drive_on_xnsfcs0)
    Select_nSS_drive_on_xnsfcs1              0x08003629   Thumb Code    24  lt768.o(i.Select_nSS_drive_on_xnsfcs1)
    Set_LCD_Panel                            0x080036e9   Thumb Code   114  lt768_lib.o(i.Set_LCD_Panel)
    Set_PWM_Prescaler_1_to_256               0x0800375b   Thumb Code    20  lt768.o(i.Set_PWM_Prescaler_1_to_256)
    Set_Timer1_Compare_Buffer                0x0800376f   Thumb Code    32  lt768.o(i.Set_Timer1_Compare_Buffer)
    Set_Timer1_Count_Buffer                  0x0800378f   Thumb Code    32  lt768.o(i.Set_Timer1_Count_Buffer)
    Show_String                              0x080037af   Thumb Code    44  lt768.o(i.Show_String)
    Square_End_XY                            0x080037db   Thumb Code    58  lt768.o(i.Square_End_XY)
    Square_Start_XY                          0x08003815   Thumb Code    58  lt768.o(i.Square_Start_XY)
    Start_PWM1                               0x0800384f   Thumb Code    24  lt768.o(i.Start_PWM1)
    Start_Square_Fill                        0x08003867   Thumb Code    22  lt768.o(i.Start_Square_Fill)
    Stop_PWM1                                0x0800387d   Thumb Code    24  lt768.o(i.Stop_PWM1)
    SysTick_CLKSourceConfig                  0x08003895   Thumb Code    24  misc.o(i.SysTick_CLKSourceConfig)
    SystemInit                               0x080038ad   Thumb Code    64  system_stm32f10x.o(i.SystemInit)
    System_Check_Temp                        0x080038fd   Thumb Code    80  lt768_lib.o(i.System_Check_Temp)
    TFT_16bit                                0x0800394d   Thumb Code    28  lt768.o(i.TFT_16bit)
    Text_Mode                                0x08003969   Thumb Code    24  lt768.o(i.Text_Mode)
    Tx_FIFO_Empty_Flag                       0x08003981   Thumb Code    24  lt768.o(i.Tx_FIFO_Empty_Flag)
    USART_Cmd                                0x08003999   Thumb Code    20  stm32f10x_usart.o(i.USART_Cmd)
    USART_Init                               0x080039ad   Thumb Code   166  stm32f10x_usart.o(i.USART_Init)
    VSCAN_T_to_B                             0x08003a59   Thumb Code    24  lt768.o(i.VSCAN_T_to_B)
    VSYNC_Low_Active                         0x08003a71   Thumb Code    24  lt768.o(i.VSYNC_Low_Active)
    W25N01GV_BBM                             0x08003a89   Thumb Code   306  download.o(i.W25N01GV_BBM)
    W25N01GV_Bad_Block_Replace               0x08003bf9   Thumb Code    74  flash.o(i.W25N01GV_Bad_Block_Replace)
    W25N01GV_Erase_Block                     0x08003c43   Thumb Code    70  flash.o(i.W25N01GV_Erase_Block)
    W25N01GV_ReadID                          0x08003c89   Thumb Code    54  flash.o(i.W25N01GV_ReadID)
    W25N01GV_ReadPageAddr_Data               0x08003cbf   Thumb Code   144  flash.o(i.W25N01GV_ReadPageAddr_Data)
    W25N01GV_ReadSR                          0x08003d4f   Thumb Code    36  flash.o(i.W25N01GV_ReadSR)
    W25N01GV_Read_BBM_LUT                    0x08003d73   Thumb Code    92  flash.o(i.W25N01GV_Read_BBM_LUT)
    W25N01GV_Read_NoCheck                    0x08003dcf   Thumb Code    68  flash.o(i.W25N01GV_Read_NoCheck)
    W25N01GV_Wait_Busy                       0x08003e13   Thumb Code    14  flash.o(i.W25N01GV_Wait_Busy)
    W25N01GV_WritePageAddr_Data              0x08003e21   Thumb Code   134  flash.o(i.W25N01GV_WritePageAddr_Data)
    W25N01GV_Write_Disable                   0x08003ea7   Thumb Code    20  flash.o(i.W25N01GV_Write_Disable)
    W25N01GV_Write_Enable                    0x08003ebb   Thumb Code    20  flash.o(i.W25N01GV_Write_Enable)
    W25N01GV_Write_NoCheck                   0x08003ecf   Thumb Code    68  flash.o(i.W25N01GV_Write_NoCheck)
    W25N01GV_Write_SR                        0x08003f13   Thumb Code    44  flash.o(i.W25N01GV_Write_SR)
    W25QXX_BlockErase64KB                    0x08003f41   Thumb Code    68  flash.o(i.W25QXX_BlockErase64KB)
    W25QXX_Enter_4Byte_AddressMode           0x08003f89   Thumb Code    20  flash.o(i.W25QXX_Enter_4Byte_AddressMode)
    W25QXX_Read                              0x08003f9d   Thumb Code    80  flash.o(i.W25QXX_Read)
    W25QXX_ReadID                            0x08003ff1   Thumb Code    58  flash.o(i.W25QXX_ReadID)
    W25QXX_ReadSR                            0x0800402b   Thumb Code    28  flash.o(i.W25QXX_ReadSR)
    W25QXX_Wait_Busy                         0x08004049   Thumb Code    14  flash.o(i.W25QXX_Wait_Busy)
    W25QXX_Write_Enable                      0x08004057   Thumb Code    20  flash.o(i.W25QXX_Write_Enable)
    W25QXX_Write_NoCheck                     0x0800406b   Thumb Code    62  flash.o(i.W25QXX_Write_NoCheck)
    W25QXX_Write_Page                        0x080040a9   Thumb Code    92  flash.o(i.W25QXX_Write_Page)
    __0printf$5                              0x08004109   Thumb Code    22  printf5.o(i.__0printf$5)
    __1printf$5                              0x08004109   Thumb Code     0  printf5.o(i.__0printf$5)
    __2printf                                0x08004109   Thumb Code     0  printf5.o(i.__0printf$5)
    __0sprintf$5                             0x08004129   Thumb Code    34  printf5.o(i.__0sprintf$5)
    __1sprintf$5                             0x08004129   Thumb Code     0  printf5.o(i.__0sprintf$5)
    __2sprintf                               0x08004129   Thumb Code     0  printf5.o(i.__0sprintf$5)
    __scatterload_copy                       0x08004151   Thumb Code    14  handlers.o(i.__scatterload_copy)
    __scatterload_null                       0x0800415f   Thumb Code     2  handlers.o(i.__scatterload_null)
    __scatterload_zeroinit                   0x08004161   Thumb Code    14  handlers.o(i.__scatterload_zeroinit)
    clust2sect                               0x080044cd   Thumb Code    24  ff.o(i.clust2sect)
    convert_from_bytes_to_power_of_two       0x0800455d   Thumb Code    18  sdio_sdcard.o(i.convert_from_bytes_to_power_of_two)
    delay_init                               0x08004811   Thumb Code    46  delay.o(i.delay_init)
    delay_ms                                 0x0800484d   Thumb Code    46  delay.o(i.delay_ms)
    delay_us                                 0x08004881   Thumb Code    46  delay.o(i.delay_us)
    disk_initialize                          0x08004c8f   Thumb Code    18  diskio.o(i.disk_initialize)
    disk_ioctl                               0x08004ca1   Thumb Code    64  diskio.o(i.disk_ioctl)
    disk_read                                0x08004ce5   Thumb Code    72  diskio.o(i.disk_read)
    disk_status                              0x08004d41   Thumb Code     4  diskio.o(i.disk_status)
    disk_write                               0x08004d45   Thumb Code    72  diskio.o(i.disk_write)
    f_close                                  0x08004da1   Thumb Code    28  ff.o(i.f_close)
    f_lseek                                  0x08004dbd   Thumb Code   534  ff.o(i.f_lseek)
    f_mount                                  0x08004fd5   Thumb Code    72  ff.o(i.f_mount)
    f_open                                   0x08005021   Thumb Code   330  ff.o(i.f_open)
    f_read                                   0x0800516b   Thumb Code   338  ff.o(i.f_read)
    f_sync                                   0x080052bd   Thumb Code   152  ff.o(i.f_sync)
    ff_convert                               0x08005355   Thumb Code    52  ccsbcs.o(i.ff_convert)
    ff_wtoupper                              0x0800538d   Thumb Code    70  ccsbcs.o(i.ff_wtoupper)
    fputc                                    0x0800567d   Thumb Code    18  usart.o(i.fputc)
    get_fat                                  0x08005715   Thumb Code   190  ff.o(i.get_fat)
    get_fattime                              0x080057d3   Thumb Code     4  diskio.o(i.get_fattime)
    main                                     0x08005825   Thumb Code   794  main.o(i.main)
    nSS_Active                               0x08005c83   Thumb Code    24  lt768.o(i.nSS_Active)
    nSS_Inactive                             0x08005c9b   Thumb Code    24  lt768.o(i.nSS_Inactive)
    num_to_char                              0x08005cb3   Thumb Code    58  download.o(i.num_to_char)
    put_fat                                  0x08005ced   Thumb Code   244  ff.o(i.put_fat)
    uart_init                                0x08005f71   Thumb Code   114  usart.o(i.uart_init)
    Region$$Table$$Base                      0x08006980   Number         0  anon$$obj.o(Region$$Table)
    Region$$Table$$Limit                     0x080069a0   Number         0  anon$$obj.o(Region$$Table)
    Flash_ID                                 0x20000000   Data           4  main.o(.data)
    jump2app                                 0x20000004   Data           4  main.o(.data)
    __stdout                                 0x2000000c   Data           4  usart.o(.data)
    CCLK                                     0x20000010   Data           1  lt768_lib.o(.data)
    MCLK                                     0x20000011   Data           1  lt768_lib.o(.data)
    SCLK                                     0x20000012   Data           1  lt768_lib.o(.data)
    W25Q256                                  0x20000013   Data           1  flash.o(.data)
    Flash_type                               0x20000014   Data           1  flash.o(.data)
    SystemCoreClock                          0x20000018   Data           4  system_stm32f10x.o(.data)
    AHBPrescTable                            0x2000001c   Data          16  system_stm32f10x.o(.data)
    TransferError                            0x20000043   Data           1  sdio_sdcard.o(.data)
    TransferEnd                              0x20000044   Data           1  sdio_sdcard.o(.data)
    tempbuff                                 0x2000004c   Data           4  sdio_sdcard.o(.data)
    showbuff                                 0x20000058   Data           9  main.o(.bss)
    CRC32_Table                              0x20000064   Data        1024  main.o(.bss)
    buff                                     0x20000464   Data        4096  download.o(.bss)
    STMFLASH_BUF                             0x20001464   Data        2048  stmflash.o(.bss)
    SDIO_InitStructure                       0x20001c68   Data          24  sdio_sdcard.o(.bss)
    SDIO_CmdInitStructure                    0x20001c80   Data          20  sdio_sdcard.o(.bss)
    SDIO_DataInitStructure                   0x20001c94   Data          24  sdio_sdcard.o(.bss)
    SDCardInfo                               0x20001cd0   Data          88  sdio_sdcard.o(.bss)
    SDIO_DATA_BUFFER                         0x20001d28   Data         512  sdio_sdcard.o(.bss)
    __initial_sp                             0x20002f28   Data           0  stm32f10x.o(STACK)



==============================================================================

Memory Map of the image

  Image Entry point : 0x080000ed

  Load Region LR_IROM1 (Base: 0x08000000, Size: 0x000069f8, Max: 0x00008000, ABSOLUTE)

    Execution Region ER_IROM1 (Exec base: 0x08000000, Load base: 0x08000000, Size: 0x000069a0, Max: 0x00008000, ABSOLUTE)

    Exec Addr    Load Addr    Size         Type   Attr      Idx    E Section Name        Object

    0x08000000   0x08000000   0x000000ec   Data   RO         3950    RESET               stm32f10x.o
    0x080000ec   0x080000ec   0x00000000   Code   RO         5792  * .ARM.Collect$$$$00000000  mc_w.l(entry.o)
    0x080000ec   0x080000ec   0x00000004   Code   RO         6076    .ARM.Collect$$$$00000001  mc_w.l(entry2.o)
    0x080000f0   0x080000f0   0x00000004   Code   RO         6079    .ARM.Collect$$$$00000004  mc_w.l(entry5.o)
    0x080000f4   0x080000f4   0x00000000   Code   RO         6081    .ARM.Collect$$$$00000008  mc_w.l(entry7b.o)
    0x080000f4   0x080000f4   0x00000000   Code   RO         6083    .ARM.Collect$$$$0000000A  mc_w.l(entry8b.o)
    0x080000f4   0x080000f4   0x00000008   Code   RO         6084    .ARM.Collect$$$$0000000B  mc_w.l(entry9a.o)
    0x080000fc   0x080000fc   0x00000000   Code   RO         6086    .ARM.Collect$$$$0000000D  mc_w.l(entry10a.o)
    0x080000fc   0x080000fc   0x00000000   Code   RO         6088    .ARM.Collect$$$$0000000F  mc_w.l(entry11a.o)
    0x080000fc   0x080000fc   0x00000004   Code   RO         6077    .ARM.Collect$$$$00002712  mc_w.l(entry2.o)
    0x08000100   0x08000100   0x0000001c   Code   RO         3951    .text               stm32f10x.o
    0x0800011c   0x0800011c   0x00000062   Code   RO         5795    .text               mc_w.l(ldiv.o)
    0x0800017e   0x0800017e   0x00000024   Code   RO         5797    .text               mc_w.l(memcpya.o)
    0x080001a2   0x080001a2   0x00000024   Code   RO         5799    .text               mc_w.l(memseta.o)
    0x080001c6   0x080001c6   0x00000012   Code   RO         5801    .text               mc_w.l(strcpy.o)
    0x080001d8   0x080001d8   0x000000e4   Code   RO         6066    .text               mf_w.l(dmul.o)
    0x080002bc   0x080002bc   0x000000de   Code   RO         6068    .text               mf_w.l(ddiv.o)
    0x0800039a   0x0800039a   0x0000001a   Code   RO         6070    .text               mf_w.l(dfltui.o)
    0x080003b4   0x080003b4   0x00000018   Code   RO         6072    .text               mf_w.l(dfltul.o)
    0x080003cc   0x080003cc   0x00000032   Code   RO         6074    .text               mf_w.l(dfixui.o)
    0x080003fe   0x080003fe   0x00000062   Code   RO         6092    .text               mc_w.l(uldiv.o)
    0x08000460   0x08000460   0x00000020   Code   RO         6094    .text               mc_w.l(llushr.o)
    0x08000480   0x08000480   0x00000000   Code   RO         6096    .text               mc_w.l(iusefp.o)
    0x08000480   0x08000480   0x000000ba   Code   RO         6097    .text               mf_w.l(depilogue.o)
    0x0800053a   0x0800053a   0x00000002   PAD
    0x0800053c   0x0800053c   0x00000024   Code   RO         6105    .text               mc_w.l(init.o)
    0x08000560   0x08000560   0x0000001e   Code   RO         6107    .text               mc_w.l(llshl.o)
    0x0800057e   0x0800057e   0x00000002   PAD
    0x08000580   0x08000580   0x00000044   Code   RO            1    i.APP               main.o
    0x080005c4   0x080005c4   0x00000238   Code   RO          144    i.APP_Updata        download.o
    0x080007fc   0x080007fc   0x0000002a   Code   RO          324    i.Active_Window_WH  lt768.o
    0x08000826   0x08000826   0x0000002a   Code   RO          325    i.Active_Window_XY  lt768.o
    0x08000850   0x08000850   0x00000030   Code   RO          358    i.Background_color_65k  lt768.o
    0x08000880   0x08000880   0x00000018   Code   RO          362    i.CGROM_Select_Internal_CGROM  lt768.o
    0x08000898   0x08000898   0x0000002c   Code   RO          363    i.Canvas_Image_Start_address  lt768.o
    0x080008c4   0x080008c4   0x00000018   Code   RO          364    i.Canvas_image_width  lt768.o
    0x080008dc   0x080008dc   0x0000000e   Code   RO          365    i.Check_2D_Busy     lt768.o
    0x080008ea   0x080008ea   0x00000002   PAD
    0x080008ec   0x080008ec   0x00000124   Code   RO          145    i.Check_BadBlock    download.o
    0x08000a10   0x08000a10   0x0000000e   Code   RO          367    i.Check_Busy_Draw   lt768.o
    0x08000a1e   0x08000a1e   0x00000002   PAD
    0x08000a20   0x08000a20   0x0000000e   Code   RO          373    i.Check_Mem_WR_FIFO_not_Full  lt768.o
    0x08000a2e   0x08000a2e   0x00000002   PAD
    0x08000a30   0x08000a30   0x0000000e   Code   RO          377    i.Check_SDRAM_Ready  lt768.o
    0x08000a3e   0x08000a3e   0x0000002a   Code   RO         5180    i.CmdError          sdio_sdcard.o
    0x08000a68   0x08000a68   0x00000050   Code   RO         5181    i.CmdResp1Error     sdio_sdcard.o
    0x08000ab8   0x08000ab8   0x00000048   Code   RO         5182    i.CmdResp2Error     sdio_sdcard.o
    0x08000b00   0x08000b00   0x00000030   Code   RO         5183    i.CmdResp3Error     sdio_sdcard.o
    0x08000b30   0x08000b30   0x00000078   Code   RO         5184    i.CmdResp6Error     sdio_sdcard.o
    0x08000ba8   0x08000ba8   0x0000003c   Code   RO         5185    i.CmdResp7Error     sdio_sdcard.o
    0x08000be4   0x08000be4   0x00000018   Code   RO          393    i.DE_High_Active    lt768.o
    0x08000bfc   0x08000bfc   0x00000016   Code   RO         4938    i.DMA_Cmd           stm32f10x_dma.o
    0x08000c12   0x08000c12   0x00000002   PAD
    0x08000c14   0x08000c14   0x000000e4   Code   RO         4939    i.DMA_DeInit        stm32f10x_dma.o
    0x08000cf8   0x08000cf8   0x0000003a   Code   RO         4944    i.DMA_Init          stm32f10x_dma.o
    0x08000d32   0x08000d32   0x00000002   PAD
    0x08000d34   0x08000d34   0x00000018   Code   RO         3017    i.DataPin_In        if_port.o
    0x08000d4c   0x08000d4c   0x0000000c   Code   RO         3019    i.Datain            if_port.o
    0x08000d58   0x08000d58   0x00000018   Code   RO          397    i.Disable_Font_Alignment  lt768.o
    0x08000d70   0x08000d70   0x00000018   Code   RO          420    i.Display_ON        lt768.o
    0x08000d88   0x08000d88   0x00000018   Code   RO          429    i.Enable_Font_Alignment  lt768.o
    0x08000da0   0x08000da0   0x00000018   Code   RO          451    i.Enable_SFlash_SPI  lt768.o
    0x08000db8   0x08000db8   0x0000003c   Code   RO         5013    i.FLASH_ErasePage   stm32f10x_flash.o
    0x08000df4   0x08000df4   0x00000028   Code   RO         5014    i.FLASH_GetBank1Status  stm32f10x_flash.o
    0x08000e1c   0x08000e1c   0x00000010   Code   RO         5023    i.FLASH_Lock        stm32f10x_flash.o
    0x08000e2c   0x08000e2c   0x00000034   Code   RO         5026    i.FLASH_ProgramHalfWord  stm32f10x_flash.o
    0x08000e60   0x08000e60   0x00000018   Code   RO         5031    i.FLASH_Unlock      stm32f10x_flash.o
    0x08000e78   0x08000e78   0x00000024   Code   RO         5035    i.FLASH_WaitForLastOperation  stm32f10x_flash.o
    0x08000e9c   0x08000e9c   0x00000138   Code   RO         5186    i.FindSCR           sdio_sdcard.o
    0x08000fd4   0x08000fd4   0x000002f0   Code   RO          146    i.Flash_Updata      download.o
    0x080012c4   0x080012c4   0x00000180   Code   RO            2    i.Flash_find        main.o
    0x08001444   0x08001444   0x00000018   Code   RO          466    i.Font_Background_select_Color  lt768.o
    0x0800145c   0x0800145c   0x00000018   Code   RO          467    i.Font_Background_select_Transparency  lt768.o
    0x08001474   0x08001474   0x00000018   Code   RO          468    i.Font_Height_X1    lt768.o
    0x0800148c   0x0800148c   0x0000001c   Code   RO          469    i.Font_Height_X2    lt768.o
    0x080014a8   0x080014a8   0x0000001c   Code   RO          470    i.Font_Height_X3    lt768.o
    0x080014c4   0x080014c4   0x00000018   Code   RO          471    i.Font_Height_X4    lt768.o
    0x080014dc   0x080014dc   0x0000001c   Code   RO          473    i.Font_Select_12x24_24x24  lt768.o
    0x080014f8   0x080014f8   0x0000001c   Code   RO          474    i.Font_Select_16x32_32x32  lt768.o
    0x08001514   0x08001514   0x00000018   Code   RO          475    i.Font_Select_8x16_16x16  lt768.o
    0x0800152c   0x0800152c   0x00000018   Code   RO          477    i.Font_Width_X1     lt768.o
    0x08001544   0x08001544   0x0000001c   Code   RO          478    i.Font_Width_X2     lt768.o
    0x08001560   0x08001560   0x0000001c   Code   RO          479    i.Font_Width_X3     lt768.o
    0x0800157c   0x0800157c   0x00000018   Code   RO          480    i.Font_Width_X4     lt768.o
    0x08001594   0x08001594   0x00000030   Code   RO          484    i.Foreground_color_65k  lt768.o
    0x080015c4   0x080015c4   0x000000a2   Code   RO         4118    i.GPIO_Init         stm32f10x_gpio.o
    0x08001666   0x08001666   0x00000002   PAD
    0x08001668   0x08001668   0x00000058   Code   RO         4120    i.GPIO_PinRemapConfig  stm32f10x_gpio.o
    0x080016c0   0x080016c0   0x00000004   Code   RO         4125    i.GPIO_ResetBits    stm32f10x_gpio.o
    0x080016c4   0x080016c4   0x00000004   Code   RO         4126    i.GPIO_SetBits      stm32f10x_gpio.o
    0x080016c8   0x080016c8   0x00000028   Code   RO            3    i.GetCrc32          main.o
    0x080016f0   0x080016f0   0x0000002a   Code   RO          495    i.Goto_Text_XY      lt768.o
    0x0800171a   0x0800171a   0x00000018   Code   RO          497    i.Graphic_Mode      lt768.o
    0x08001732   0x08001732   0x00000018   Code   RO          501    i.HSYNC_Low_Active  lt768.o
    0x0800174a   0x0800174a   0x00000018   Code   RO          503    i.Host_Bus_8bit     lt768.o
    0x08001762   0x08001762   0x00000004   Code   RO          224    i.INTX_DISABLE      sys.o
    0x08001766   0x08001766   0x00000004   Code   RO          225    i.INTX_ENABLE       sys.o
    0x0800176a   0x0800176a   0x00000002   PAD
    0x0800176c   0x0800176c   0x00000080   Code   RO         3021    i.Init_S8080        if_port.o
    0x080017ec   0x080017ec   0x00000084   Code   RO         5187    i.IsCardProgramming  sdio_sdcard.o
    0x08001870   0x08001870   0x00000004   Code   RO         3022    i.LCD_CmdWrite      if_port.o
    0x08001874   0x08001874   0x00000004   Code   RO         3023    i.LCD_DataRead      if_port.o
    0x08001878   0x08001878   0x00000004   Code   RO         3024    i.LCD_DataWrite     if_port.o
    0x0800187c   0x0800187c   0x00000028   Code   RO          524    i.LCD_HSYNC_Pulse_Width  lt768.o
    0x080018a4   0x080018a4   0x00000028   Code   RO          525    i.LCD_HSYNC_Start_Position  lt768.o
    0x080018cc   0x080018cc   0x00000068   Code   RO          526    i.LCD_HorizontalWidth_VerticalHeight  lt768.o
    0x08001934   0x08001934   0x00000046   Code   RO          527    i.LCD_Horizontal_Non_Display  lt768.o
    0x0800197a   0x0800197a   0x00000012   Code   RO          529    i.LCD_RegisterWrite  lt768.o
    0x0800198c   0x0800198c   0x00000004   Code   RO         3026    i.LCD_StatusRead    if_port.o
    0x08001990   0x08001990   0x00000016   Code   RO          530    i.LCD_VSYNC_Pulse_Width  lt768.o
    0x080019a6   0x080019a6   0x00000016   Code   RO          531    i.LCD_VSYNC_Start_Position  lt768.o
    0x080019bc   0x080019bc   0x00000022   Code   RO          532    i.LCD_Vertical_Non_Display  lt768.o
    0x080019de   0x080019de   0x00000030   Code   RO         3169    i.LT768_DrawSquare_Fill  lt768_lib.o
    0x08001a0e   0x08001a0e   0x00000002   PAD
    0x08001a10   0x08001a10   0x00000048   Code   RO         3177    i.LT768_HW_Reset    lt768_lib.o
    0x08001a58   0x08001a58   0x00000028   Code   RO         3178    i.LT768_Init        lt768_lib.o
    0x08001a80   0x08001a80   0x000000cc   Code   RO         3181    i.LT768_PLL_Initial  lt768_lib.o
    0x08001b4c   0x08001b4c   0x00000068   Code   RO         3185    i.LT768_PWM1_Init   lt768_lib.o
    0x08001bb4   0x08001bb4   0x00000034   Code   RO         3186    i.LT768_Print_Internal_Font_String  lt768_lib.o
    0x08001be8   0x08001be8   0x0000004e   Code   RO         3190    i.LT768_SDRAM_initail  lt768_lib.o
    0x08001c36   0x08001c36   0x00000026   Code   RO         3191    i.LT768_SPI_Init    lt768_lib.o
    0x08001c5c   0x08001c5c   0x000000a6   Code   RO         3194    i.LT768_Select_Internal_Font_Init  lt768_lib.o
    0x08001d02   0x08001d02   0x00000002   PAD
    0x08001d04   0x08001d04   0x0000001c   Code   RO         3205    i.LT768_initial     lt768_lib.o
    0x08001d20   0x08001d20   0x0000002c   Code   RO          556    i.Main_Image_Start_Address  lt768.o
    0x08001d4c   0x08001d4c   0x00000018   Code   RO          557    i.Main_Image_Width  lt768.o
    0x08001d64   0x08001d64   0x0000002a   Code   RO          558    i.Main_Window_Start_XY  lt768.o
    0x08001d8e   0x08001d8e   0x00000002   PAD
    0x08001d90   0x08001d90   0x00000034   Code   RO            4    i.Make_CRC32_Table  main.o
    0x08001dc4   0x08001dc4   0x00000018   Code   RO          573    i.MemWrite_Left_Right_Top_Down  lt768.o
    0x08001ddc   0x08001ddc   0x0000001c   Code   RO          576    i.Memory_16bpp_Mode  lt768.o
    0x08001df8   0x08001df8   0x00000018   Code   RO          582    i.Memory_Select_SDRAM  lt768.o
    0x08001e10   0x08001e10   0x00000018   Code   RO          583    i.Memory_XY_Mode    lt768.o
    0x08001e28   0x08001e28   0x00000064   Code   RO         3956    i.NVIC_Init         misc.o
    0x08001e8c   0x08001e8c   0x00000018   Code   RO          589    i.PCLK_Falling      lt768.o
    0x08001ea4   0x08001ea4   0x00000018   Code   RO          597    i.PDATA_Set_RGB     lt768.o
    0x08001ebc   0x08001ebc   0x00000004   Code   RO         3027    i.Parallel_Init     if_port.o
    0x08001ec0   0x08001ec0   0x00000018   Code   RO         4227    i.RCC_AHBPeriphClockCmd  stm32f10x_rcc.o
    0x08001ed8   0x08001ed8   0x00000018   Code   RO         4230    i.RCC_APB2PeriphClockCmd  stm32f10x_rcc.o
    0x08001ef0   0x08001ef0   0x00000090   Code   RO         4238    i.RCC_GetClocksFreq  stm32f10x_rcc.o
    0x08001f80   0x08001f80   0x0000001c   Code   RO          610    i.RGB_16b_16bpp     lt768.o
    0x08001f9c   0x08001f9c   0x00000018   Code   RO          629    i.Rx_FIFO_Empty_Flag  lt768.o
    0x08001fb4   0x08001fb4   0x00000040   Code   RO         3028    i.S8080_CmdWrite    if_port.o
    0x08001ff4   0x08001ff4   0x00000048   Code   RO         3029    i.S8080_DataRead    if_port.o
    0x0800203c   0x0800203c   0x00000040   Code   RO         3030    i.S8080_DataWrite   if_port.o
    0x0800207c   0x0800207c   0x00000050   Code   RO         3032    i.S8080_StatusRead  if_port.o
    0x080020cc   0x080020cc   0x0000008c   Code   RO         5188    i.SDEnWideBus       sdio_sdcard.o
    0x08002158   0x08002158   0x0000000c   Code   RO         4751    i.SDIO_ClearFlag    stm32f10x_sdio.o
    0x08002164   0x08002164   0x0000000c   Code   RO         4753    i.SDIO_ClockCmd     stm32f10x_sdio.o
    0x08002170   0x08002170   0x00000014   Code   RO         5189    i.SDIO_Clock_Set    sdio_sdcard.o
    0x08002184   0x08002184   0x0000000c   Code   RO         4756    i.SDIO_DMACmd       stm32f10x_sdio.o
    0x08002190   0x08002190   0x0000002c   Code   RO         4757    i.SDIO_DataConfig   stm32f10x_sdio.o
    0x080021bc   0x080021bc   0x00000024   Code   RO         4759    i.SDIO_DeInit       stm32f10x_sdio.o
    0x080021e0   0x080021e0   0x00000014   Code   RO         4763    i.SDIO_GetFlagStatus  stm32f10x_sdio.o
    0x080021f4   0x080021f4   0x00000010   Code   RO         4765    i.SDIO_GetPowerState  stm32f10x_sdio.o
    0x08002204   0x08002204   0x0000002c   Code   RO         4768    i.SDIO_Init         stm32f10x_sdio.o
    0x08002230   0x08002230   0x0000000c   Code   RO         4769    i.SDIO_ReadData     stm32f10x_sdio.o
    0x0800223c   0x0800223c   0x00000028   Code   RO         4771    i.SDIO_SendCommand  stm32f10x_sdio.o
    0x08002264   0x08002264   0x00000018   Code   RO         4773    i.SDIO_SetPowerState  stm32f10x_sdio.o
    0x0800227c   0x0800227c   0x0000000c   Code   RO         4779    i.SDIO_WriteData    stm32f10x_sdio.o
    0x08002288   0x08002288   0x00000064   Code   RO         5191    i.SD_DMA_Config     sdio_sdcard.o
    0x080022ec   0x080022ec   0x0000004c   Code   RO         5192    i.SD_EnableWideBusOperation  sdio_sdcard.o
    0x08002338   0x08002338   0x00000210   Code   RO         5193    i.SD_GetCardInfo    sdio_sdcard.o
    0x08002548   0x08002548   0x000000c4   Code   RO         5195    i.SD_Init           sdio_sdcard.o
    0x0800260c   0x0800260c   0x00000114   Code   RO         5196    i.SD_InitializeCards  sdio_sdcard.o
    0x08002720   0x08002720   0x00000180   Code   RO         5198    i.SD_PowerON        sdio_sdcard.o
    0x080028a0   0x080028a0   0x000001f8   Code   RO         5200    i.SD_ReadBlock      sdio_sdcard.o
    0x08002a98   0x08002a98   0x00000078   Code   RO         5201    i.SD_ReadDisk       sdio_sdcard.o
    0x08002b10   0x08002b10   0x00000260   Code   RO         5202    i.SD_ReadMultiBlocks  sdio_sdcard.o
    0x08002d70   0x08002d70   0x0000002c   Code   RO         5203    i.SD_SelectDeselect  sdio_sdcard.o
    0x08002d9c   0x08002d9c   0x00000018   Code   RO         5205    i.SD_SetDeviceMode  sdio_sdcard.o
    0x08002db4   0x08002db4   0x000002d4   Code   RO         5206    i.SD_WriteBlock     sdio_sdcard.o
    0x08003088   0x08003088   0x00000070   Code   RO         5207    i.SD_WriteDisk      sdio_sdcard.o
    0x080030f8   0x080030f8   0x000002f0   Code   RO         5208    i.SD_WriteMultiBlocks  sdio_sdcard.o
    0x080033e8   0x080033e8   0x00000014   Code   RO          640    i.SPI_Clock_Period  lt768.o
    0x080033fc   0x080033fc   0x0000001a   Code   RO          641    i.SPI_Master_FIFO_Data_Get  lt768.o
    0x08003416   0x08003416   0x00000020   Code   RO          642    i.SPI_Master_FIFO_Data_Put  lt768.o
    0x08003436   0x08003436   0x00000002   PAD
    0x08003438   0x08003438   0x0000001a   Code   RO         3862    i.STMFLASH_Read     stmflash.o
    0x08003452   0x08003452   0x00000002   PAD
    0x08003454   0x08003454   0x000000c4   Code   RO         3864    i.STMFLASH_Write    stmflash.o
    0x08003518   0x08003518   0x00000028   Code   RO         3865    i.STMFLASH_Write_NoCheck  stmflash.o
    0x08003540   0x08003540   0x0000001c   Code   RO          647    i.Select_Main_Window_16bpp  lt768.o
    0x0800355c   0x0800355c   0x0000001c   Code   RO          665    i.Select_PWM1       lt768.o
    0x08003578   0x08003578   0x00000018   Code   RO          666    i.Select_PWM1_Clock_Divided_By_1  lt768.o
    0x08003590   0x08003590   0x0000001c   Code   RO          667    i.Select_PWM1_Clock_Divided_By_2  lt768.o
    0x080035ac   0x080035ac   0x0000001c   Code   RO          668    i.Select_PWM1_Clock_Divided_By_4  lt768.o
    0x080035c8   0x080035c8   0x00000018   Code   RO          669    i.Select_PWM1_Clock_Divided_By_8  lt768.o
    0x080035e0   0x080035e0   0x00000018   Code   RO          673    i.Select_SFI_0      lt768.o
    0x080035f8   0x080035f8   0x00000018   Code   RO          675    i.Select_SFI_1      lt768.o
    0x08003610   0x08003610   0x00000018   Code   RO          689    i.Select_nSS_drive_on_xnsfcs0  lt768.o
    0x08003628   0x08003628   0x00000018   Code   RO          690    i.Select_nSS_drive_on_xnsfcs1  lt768.o
    0x08003640   0x08003640   0x000000a8   Code   RO         3906    i.SetSysClockTo72   system_stm32f10x.o
    0x080036e8   0x080036e8   0x00000072   Code   RO         3212    i.Set_LCD_Panel     lt768_lib.o
    0x0800375a   0x0800375a   0x00000014   Code   RO          702    i.Set_PWM_Prescaler_1_to_256  lt768.o
    0x0800376e   0x0800376e   0x00000020   Code   RO          706    i.Set_Timer1_Compare_Buffer  lt768.o
    0x0800378e   0x0800378e   0x00000020   Code   RO          707    i.Set_Timer1_Count_Buffer  lt768.o
    0x080037ae   0x080037ae   0x0000002c   Code   RO          708    i.Show_String       lt768.o
    0x080037da   0x080037da   0x0000003a   Code   RO          709    i.Square_End_XY     lt768.o
    0x08003814   0x08003814   0x0000003a   Code   RO          710    i.Square_Start_XY   lt768.o
    0x0800384e   0x0800384e   0x00000018   Code   RO          721    i.Start_PWM1        lt768.o
    0x08003866   0x08003866   0x00000016   Code   RO          728    i.Start_Square_Fill  lt768.o
    0x0800387c   0x0800387c   0x00000018   Code   RO          732    i.Stop_PWM1         lt768.o
    0x08003894   0x08003894   0x00000018   Code   RO         3960    i.SysTick_CLKSourceConfig  misc.o
    0x080038ac   0x080038ac   0x00000050   Code   RO         3908    i.SystemInit        system_stm32f10x.o
    0x080038fc   0x080038fc   0x00000050   Code   RO         3213    i.System_Check_Temp  lt768_lib.o
    0x0800394c   0x0800394c   0x0000001c   Code   RO          733    i.TFT_16bit         lt768.o
    0x08003968   0x08003968   0x00000018   Code   RO          738    i.Text_Mode         lt768.o
    0x08003980   0x08003980   0x00000018   Code   RO          742    i.Tx_FIFO_Empty_Flag  lt768.o
    0x08003998   0x08003998   0x00000014   Code   RO         4574    i.USART_Cmd         stm32f10x_usart.o
    0x080039ac   0x080039ac   0x000000ac   Code   RO         4581    i.USART_Init        stm32f10x_usart.o
    0x08003a58   0x08003a58   0x00000018   Code   RO          745    i.VSCAN_T_to_B      lt768.o
    0x08003a70   0x08003a70   0x00000018   Code   RO          747    i.VSYNC_Low_Active  lt768.o
    0x08003a88   0x08003a88   0x00000170   Code   RO          147    i.W25N01GV_BBM      download.o
    0x08003bf8   0x08003bf8   0x0000004a   Code   RO         3696    i.W25N01GV_Bad_Block_Replace  flash.o
    0x08003c42   0x08003c42   0x00000046   Code   RO         3698    i.W25N01GV_Erase_Block  flash.o
    0x08003c88   0x08003c88   0x00000036   Code   RO         3699    i.W25N01GV_ReadID   flash.o
    0x08003cbe   0x08003cbe   0x00000090   Code   RO         3700    i.W25N01GV_ReadPageAddr_Data  flash.o
    0x08003d4e   0x08003d4e   0x00000024   Code   RO         3701    i.W25N01GV_ReadSR   flash.o
    0x08003d72   0x08003d72   0x0000005c   Code   RO         3702    i.W25N01GV_Read_BBM_LUT  flash.o
    0x08003dce   0x08003dce   0x00000044   Code   RO         3703    i.W25N01GV_Read_NoCheck  flash.o
    0x08003e12   0x08003e12   0x0000000e   Code   RO         3704    i.W25N01GV_Wait_Busy  flash.o
    0x08003e20   0x08003e20   0x00000086   Code   RO         3705    i.W25N01GV_WritePageAddr_Data  flash.o
    0x08003ea6   0x08003ea6   0x00000014   Code   RO         3706    i.W25N01GV_Write_Disable  flash.o
    0x08003eba   0x08003eba   0x00000014   Code   RO         3707    i.W25N01GV_Write_Enable  flash.o
    0x08003ece   0x08003ece   0x00000044   Code   RO         3708    i.W25N01GV_Write_NoCheck  flash.o
    0x08003f12   0x08003f12   0x0000002c   Code   RO         3709    i.W25N01GV_Write_SR  flash.o
    0x08003f3e   0x08003f3e   0x00000002   PAD
    0x08003f40   0x08003f40   0x00000048   Code   RO         3710    i.W25QXX_BlockErase64KB  flash.o
    0x08003f88   0x08003f88   0x00000014   Code   RO         3711    i.W25QXX_Enter_4Byte_AddressMode  flash.o
    0x08003f9c   0x08003f9c   0x00000054   Code   RO         3713    i.W25QXX_Read       flash.o
    0x08003ff0   0x08003ff0   0x0000003a   Code   RO         3714    i.W25QXX_ReadID     flash.o
    0x0800402a   0x0800402a   0x0000001c   Code   RO         3715    i.W25QXX_ReadSR     flash.o
    0x08004046   0x08004046   0x00000002   PAD
    0x08004048   0x08004048   0x0000000e   Code   RO         3717    i.W25QXX_Wait_Busy  flash.o
    0x08004056   0x08004056   0x00000014   Code   RO         3719    i.W25QXX_Write_Enable  flash.o
    0x0800406a   0x0800406a   0x0000003e   Code   RO         3720    i.W25QXX_Write_NoCheck  flash.o
    0x080040a8   0x080040a8   0x00000060   Code   RO         3721    i.W25QXX_Write_Page  flash.o
    0x08004108   0x08004108   0x00000020   Code   RO         5938    i.__0printf$5       mc_w.l(printf5.o)
    0x08004128   0x08004128   0x00000028   Code   RO         5940    i.__0sprintf$5      mc_w.l(printf5.o)
    0x08004150   0x08004150   0x0000000e   Code   RO         6113    i.__scatterload_copy  mc_w.l(handlers.o)
    0x0800415e   0x0800415e   0x00000002   Code   RO         6114    i.__scatterload_null  mc_w.l(handlers.o)
    0x08004160   0x08004160   0x0000000e   Code   RO         6115    i.__scatterload_zeroinit  mc_w.l(handlers.o)
    0x0800416e   0x0800416e   0x00000002   PAD
    0x08004170   0x08004170   0x000002c0   Code   RO         5945    i._printf_core      mc_w.l(printf5.o)
    0x08004430   0x08004430   0x0000000a   Code   RO         5947    i._sputc            mc_w.l(printf5.o)
    0x0800443a   0x0800443a   0x00000002   PAD
    0x0800443c   0x0800443c   0x0000005c   Code   RO         5432    i.check_fs          ff.o
    0x08004498   0x08004498   0x00000010   Code   RO         5433    i.chk_chr           ff.o
    0x080044a8   0x080044a8   0x00000024   Code   RO         5434    i.clmt_clust        ff.o
    0x080044cc   0x080044cc   0x00000018   Code   RO         5435    i.clust2sect        ff.o
    0x080044e4   0x080044e4   0x00000078   Code   RO         5436    i.cmp_lfn           ff.o
    0x0800455c   0x0800455c   0x00000012   Code   RO         5209    i.convert_from_bytes_to_power_of_two  sdio_sdcard.o
    0x0800456e   0x0800456e   0x0000009e   Code   RO         5437    i.create_chain      ff.o
    0x0800460c   0x0800460c   0x00000204   Code   RO         5438    i.create_name       ff.o
    0x08004810   0x08004810   0x0000003c   Code   RO          191    i.delay_init        delay.o
    0x0800484c   0x0800484c   0x00000034   Code   RO          192    i.delay_ms          delay.o
    0x08004880   0x08004880   0x00000034   Code   RO          193    i.delay_us          delay.o
    0x080048b4   0x080048b4   0x00000042   Code   RO         5439    i.dir_alloc         ff.o
    0x080048f6   0x080048f6   0x000000c4   Code   RO         5440    i.dir_find          ff.o
    0x080049ba   0x080049ba   0x000000e6   Code   RO         5441    i.dir_next          ff.o
    0x08004aa0   0x08004aa0   0x00000170   Code   RO         5443    i.dir_register      ff.o
    0x08004c10   0x08004c10   0x0000007e   Code   RO         5445    i.dir_sdi           ff.o
    0x08004c8e   0x08004c8e   0x00000012   Code   RO         5376    i.disk_initialize   diskio.o
    0x08004ca0   0x08004ca0   0x00000044   Code   RO         5377    i.disk_ioctl        diskio.o
    0x08004ce4   0x08004ce4   0x0000005c   Code   RO         5378    i.disk_read         diskio.o
    0x08004d40   0x08004d40   0x00000004   Code   RO         5379    i.disk_status       diskio.o
    0x08004d44   0x08004d44   0x0000005c   Code   RO         5380    i.disk_write        diskio.o
    0x08004da0   0x08004da0   0x0000001c   Code   RO         5447    i.f_close           ff.o
    0x08004dbc   0x08004dbc   0x00000216   Code   RO         5452    i.f_lseek           ff.o
    0x08004fd2   0x08004fd2   0x00000002   PAD
    0x08004fd4   0x08004fd4   0x0000004c   Code   RO         5455    i.f_mount           ff.o
    0x08005020   0x08005020   0x0000014a   Code   RO         5456    i.f_open            ff.o
    0x0800516a   0x0800516a   0x00000152   Code   RO         5461    i.f_read            ff.o
    0x080052bc   0x080052bc   0x00000098   Code   RO         5466    i.f_sync            ff.o
    0x08005354   0x08005354   0x00000038   Code   RO         5763    i.ff_convert        ccsbcs.o
    0x0800538c   0x0800538c   0x00000050   Code   RO         5764    i.ff_wtoupper       ccsbcs.o
    0x080053dc   0x080053dc   0x00000238   Code   RO         5471    i.find_volume       ff.o
    0x08005614   0x08005614   0x00000066   Code   RO         5472    i.follow_path       ff.o
    0x0800567a   0x0800567a   0x00000002   PAD
    0x0800567c   0x0800567c   0x00000018   Code   RO          250    i.fputc             usart.o
    0x08005694   0x08005694   0x00000080   Code   RO         5473    i.gen_numname       ff.o
    0x08005714   0x08005714   0x000000be   Code   RO         5474    i.get_fat           ff.o
    0x080057d2   0x080057d2   0x00000004   Code   RO         5381    i.get_fattime       diskio.o
    0x080057d6   0x080057d6   0x0000003c   Code   RO         5476    i.get_ldnumber      ff.o
    0x08005812   0x08005812   0x00000012   Code   RO         5477    i.ld_clust          ff.o
    0x08005824   0x08005824   0x0000040c   Code   RO            5    i.main              main.o
    0x08005c30   0x08005c30   0x00000012   Code   RO         5478    i.mem_cpy           ff.o
    0x08005c42   0x08005c42   0x0000000e   Code   RO         5479    i.mem_set           ff.o
    0x08005c50   0x08005c50   0x00000032   Code   RO         5480    i.move_window       ff.o
    0x08005c82   0x08005c82   0x00000018   Code   RO          770    i.nSS_Active        lt768.o
    0x08005c9a   0x08005c9a   0x00000018   Code   RO          771    i.nSS_Inactive      lt768.o
    0x08005cb2   0x08005cb2   0x0000003a   Code   RO          148    i.num_to_char       download.o
    0x08005cec   0x08005cec   0x000000f4   Code   RO         5481    i.put_fat           ff.o
    0x08005de0   0x08005de0   0x00000062   Code   RO         5483    i.remove_chain      ff.o
    0x08005e42   0x08005e42   0x00000010   Code   RO         5484    i.st_clust          ff.o
    0x08005e52   0x08005e52   0x0000001a   Code   RO         5485    i.sum_sfn           ff.o
    0x08005e6c   0x08005e6c   0x000000b0   Code   RO         5486    i.sync_fs           ff.o
    0x08005f1c   0x08005f1c   0x00000052   Code   RO         5487    i.sync_window       ff.o
    0x08005f6e   0x08005f6e   0x00000002   PAD
    0x08005f70   0x08005f70   0x0000007c   Code   RO          251    i.uart_init         usart.o
    0x08005fec   0x08005fec   0x00000022   Code   RO         5488    i.validate          ff.o
    0x0800600e   0x0800600e   0x000000ba   Data   RO         5489    .constdata          ff.o
    0x080060c8   0x080060c8   0x000008b8   Data   RO         5765    .constdata          ccsbcs.o
    0x08006980   0x08006980   0x00000020   Data   RO         6111    Region$$Table       anon$$obj.o


    Execution Region RW_IRAM1 (Exec base: 0x20000000, Load base: 0x080069a0, Size: 0x00002f28, Max: 0x0000c000, ABSOLUTE)

    Exec Addr    Load Addr    Size         Type   Attr      Idx    E Section Name        Object

    0x20000000   0x080069a0   0x00000008   Data   RW            7    .data               main.o
    0x20000008   0x080069a8   0x00000004   Data   RW          194    .data               delay.o
    0x2000000c   0x080069ac   0x00000004   Data   RW          252    .data               usart.o
    0x20000010   0x080069b0   0x00000003   Data   RW         3214    .data               lt768_lib.o
    0x20000013   0x080069b3   0x00000001   Data   RW         3722    .data               flash.o
    0x20000014   0x080069b4   0x00000001   Data   RW         3723    .data               flash.o
    0x20000015   0x080069b5   0x00000003   PAD
    0x20000018   0x080069b8   0x00000014   Data   RW         3909    .data               system_stm32f10x.o
    0x2000002c   0x080069cc   0x00000014   Data   RW         4258    .data               stm32f10x_rcc.o
    0x20000040   0x080069e0   0x00000010   Data   RW         5211    .data               sdio_sdcard.o
    0x20000050   0x080069f0   0x00000008   Data   RW         5490    .data               ff.o
    0x20000058        -       0x0000040c   Zero   RW            6    .bss                main.o
    0x20000464        -       0x00001000   Zero   RW          149    .bss                download.o
    0x20001464        -       0x00000800   Zero   RW         3867    .bss                stmflash.o
    0x20001c64   0x080069f8   0x00000004   PAD
    0x20001c68        -       0x000002c0   Zero   RW         5210    .bss                sdio_sdcard.o
    0x20001f28        -       0x00001000   Zero   RW         3948    STACK               stm32f10x.o


==============================================================================

Image component sizes


      Code (inc. data)   RO Data    RW Data    ZI Data      Debug   Object Name

       136         14       2232          0          0       2707   ccsbcs.o
       164         26          0          4          0       1703   delay.o
       278         44          0          0          0       5628   diskio.o
      2038        122          0          0       4096       7978   download.o
      5230         64        186          8          0      38039   ff.o
      1292         12          0          2          0      15472   flash.o
       464         68          0          0          0       6541   if_port.o
      2378          0          0          0          0      44434   lt768.o
      1024         26          0          3          0      10546   lt768_lib.o
      1580        406          0          8       1036     266414   main.o
       124          6          0          0          0       1646   misc.o
      5492        248          0         16        704      32301   sdio_sdcard.o
        28          4        236          0       4096        800   stm32f10x.o
       308         10          0          0          0       3698   stm32f10x_dma.o
       228         30          0          0          0       5387   stm32f10x_flash.o
       258          6          0          0          0       3814   stm32f10x_gpio.o
       192         28          0         20          0       4609   stm32f10x_rcc.o
       284         66          0          0          0       8162   stm32f10x_sdio.o
       192          6          0          0          0       3033   stm32f10x_usart.o
       262          6          0          0       2048       3301   stmflash.o
         8          0          0          0          0        825   sys.o
       248         24          0         20          0       1933   system_stm32f10x.o
       148         16          0          4          0       3058   usart.o

    ----------------------------------------------------------------------
     22390       1232       2686         88      11984     472029   Object Totals
         0          0         32          0          0          0   (incl. Generated)
        34          0          0          3          4          0   (incl. Padding)

    ----------------------------------------------------------------------

      Code (inc. data)   RO Data    RW Data    ZI Data      Debug   Library Member Name

         0          0          0          0          0          0   entry.o
         0          0          0          0          0          0   entry10a.o
         0          0          0          0          0          0   entry11a.o
         8          4          0          0          0          0   entry2.o
         4          0          0          0          0          0   entry5.o
         0          0          0          0          0          0   entry7b.o
         0          0          0          0          0          0   entry8b.o
         8          4          0          0          0          0   entry9a.o
        30          0          0          0          0          0   handlers.o
        36          8          0          0          0         68   init.o
         0          0          0          0          0          0   iusefp.o
        98          0          0          0          0         84   ldiv.o
        30          0          0          0          0         68   llshl.o
        32          0          0          0          0         68   llushr.o
        36          0          0          0          0         68   memcpya.o
        36          0          0          0          0        108   memseta.o
       786         62          0          0          0        336   printf5.o
        18          0          0          0          0         68   strcpy.o
        98          0          0          0          0         92   uldiv.o
       222          0          0          0          0        100   ddiv.o
       186          0          0          0          0        176   depilogue.o
        50          0          0          0          0         76   dfixui.o
        26          0          0          0          0         76   dfltui.o
        24          0          0          0          0         76   dfltul.o
       228          0          0          0          0         96   dmul.o

    ----------------------------------------------------------------------
      1964         78          0          0          0       1560   Library Totals
         8          0          0          0          0          0   (incl. Padding)

    ----------------------------------------------------------------------

      Code (inc. data)   RO Data    RW Data    ZI Data      Debug   Library Name

      1220         78          0          0          0        960   mc_w.l
       736          0          0          0          0        600   mf_w.l

    ----------------------------------------------------------------------
      1964         78          0          0          0       1560   Library Totals

    ----------------------------------------------------------------------

==============================================================================


      Code (inc. data)   RO Data    RW Data    ZI Data      Debug   

     24354       1310       2686         88      11984     460273   Grand Totals
     24354       1310       2686         88      11984     460273   ELF Image Totals
     24354       1310       2686         88          0          0   ROM Totals

==============================================================================

    Total RO  Size (Code + RO Data)                27040 (  26.41kB)
    Total RW  Size (RW Data + ZI Data)             12072 (  11.79kB)
    Total ROM Size (Code + RO Data + RW Data)      27128 (  26.49kB)

==============================================================================

