Component: ARM Compiler 5.06 update 7 (build 960) Tool: armlink [4d3601]

==============================================================================

Section Cross References

    main.o(i.main) refers to system_stm32f10x.o(i.SystemInit) for SystemInit
    main.o(i.main) refers to delay.o(i.delay_init) for delay_init
    main.o(i.main) refers to usart.o(i.uart_init) for uart_init
    main.o(i.main) refers to if_port.o(i.Parallel_Init) for Parallel_Init
    main.o(i.main) refers to lt768_lib.o(i.LT768_Init) for LT768_Init
    main.o(i.main) refers to gt911.o(i.CTP_io_Init) for CTP_io_Init
    main.o(i.main) refers to delay.o(i.delay_ms) for delay_ms
    main.o(i.main) refers to lt768.o(i.Select_SFI_Dual_Mode0) for Select_SFI_Dual_Mode0
    main.o(i.main) refers to lt768_lib.o(i.LT768_PWM1_Init) for LT768_PWM1_Init
    main.o(i.main) refers to lt768.o(i.Display_ON) for Display_ON
    main.o(i.main) refers to lt768_demo.o(i.StartUp_picture) for StartUp_picture
    main.o(i.main) refers to lt768_demo.o(i.Main_GUI) for Main_GUI
    main.o(i.main) refers to lt768_demo.o(i.Select_Function) for Select_Function
    delay.o(i.delay_init) refers to misc.o(i.SysTick_CLKSourceConfig) for SysTick_CLKSourceConfig
    delay.o(i.delay_init) refers to system_stm32f10x.o(.data) for SystemCoreClock
    delay.o(i.delay_init) refers to delay.o(.data) for fac_us
    delay.o(i.delay_ms) refers to delay.o(.data) for fac_ms
    delay.o(i.delay_us) refers to delay.o(.data) for fac_us
    usart.o(i.uart_init) refers to stm32f10x_rcc.o(i.RCC_APB2PeriphClockCmd) for RCC_APB2PeriphClockCmd
    usart.o(i.uart_init) refers to stm32f10x_gpio.o(i.GPIO_Init) for GPIO_Init
    usart.o(i.uart_init) refers to stm32f10x_usart.o(i.USART_Init) for USART_Init
    usart.o(i.uart_init) refers to stm32f10x_usart.o(i.USART_Cmd) for USART_Cmd
    key.o(i.KEY_Init) refers to stm32f10x_rcc.o(i.RCC_APB2PeriphClockCmd) for RCC_APB2PeriphClockCmd
    key.o(i.KEY_Init) refers to stm32f10x_gpio.o(i.GPIO_Init) for GPIO_Init
    key.o(i.Scan_FunctionKey) refers to delay.o(i.delay_ms) for delay_ms
    key.o(i.Scan_FunctionKey) refers to key.o(i.Scan_Key) for Scan_Key
    key.o(i.Scan_Key) refers to delay.o(i.delay_ms) for delay_ms
    key.o(i.Scan_Key) refers to key.o(.data) for key_up
    key.o(i.Scan_Key_delay) refers to delay.o(i.delay_ms) for delay_ms
    key.o(i.Scan_Key_delay) refers to key.o(i.Scan_Key) for Scan_Key
    key.o(i.Waiting_Key) refers to key.o(i.Scan_Key) for Scan_Key
    lt768.o(i.Active_Window_WH) refers to lt768.o(i.LCD_RegisterWrite) for LCD_RegisterWrite
    lt768.o(i.Active_Window_XY) refers to lt768.o(i.LCD_RegisterWrite) for LCD_RegisterWrite
    lt768.o(i.Auto_Reload_PWM0) refers to if_port.o(i.LCD_CmdWrite) for LCD_CmdWrite
    lt768.o(i.Auto_Reload_PWM0) refers to if_port.o(i.LCD_DataRead) for LCD_DataRead
    lt768.o(i.Auto_Reload_PWM0) refers to if_port.o(i.LCD_DataWrite) for LCD_DataWrite
    lt768.o(i.Auto_Reload_PWM1) refers to if_port.o(i.LCD_CmdWrite) for LCD_CmdWrite
    lt768.o(i.Auto_Reload_PWM1) refers to if_port.o(i.LCD_DataRead) for LCD_DataRead
    lt768.o(i.Auto_Reload_PWM1) refers to if_port.o(i.LCD_DataWrite) for LCD_DataWrite
    lt768.o(i.BTE_Alpha_Blending_Effect) refers to if_port.o(i.LCD_CmdWrite) for LCD_CmdWrite
    lt768.o(i.BTE_Alpha_Blending_Effect) refers to if_port.o(i.LCD_DataWrite) for LCD_DataWrite
    lt768.o(i.BTE_Destination_Color_16bpp) refers to if_port.o(i.LCD_CmdWrite) for LCD_CmdWrite
    lt768.o(i.BTE_Destination_Color_16bpp) refers to if_port.o(i.LCD_DataRead) for LCD_DataRead
    lt768.o(i.BTE_Destination_Color_16bpp) refers to if_port.o(i.LCD_DataWrite) for LCD_DataWrite
    lt768.o(i.BTE_Destination_Color_24bpp) refers to if_port.o(i.LCD_CmdWrite) for LCD_CmdWrite
    lt768.o(i.BTE_Destination_Color_24bpp) refers to if_port.o(i.LCD_DataRead) for LCD_DataRead
    lt768.o(i.BTE_Destination_Color_24bpp) refers to if_port.o(i.LCD_DataWrite) for LCD_DataWrite
    lt768.o(i.BTE_Destination_Color_8bpp) refers to if_port.o(i.LCD_CmdWrite) for LCD_CmdWrite
    lt768.o(i.BTE_Destination_Color_8bpp) refers to if_port.o(i.LCD_DataRead) for LCD_DataRead
    lt768.o(i.BTE_Destination_Color_8bpp) refers to if_port.o(i.LCD_DataWrite) for LCD_DataWrite
    lt768.o(i.BTE_Destination_Image_Width) refers to lt768.o(i.LCD_RegisterWrite) for LCD_RegisterWrite
    lt768.o(i.BTE_Destination_Memory_Start_Address) refers to lt768.o(i.LCD_RegisterWrite) for LCD_RegisterWrite
    lt768.o(i.BTE_Destination_Window_Start_XY) refers to lt768.o(i.LCD_RegisterWrite) for LCD_RegisterWrite
    lt768.o(i.BTE_Disable) refers to if_port.o(i.LCD_CmdWrite) for LCD_CmdWrite
    lt768.o(i.BTE_Disable) refers to if_port.o(i.LCD_DataRead) for LCD_DataRead
    lt768.o(i.BTE_Disable) refers to if_port.o(i.LCD_DataWrite) for LCD_DataWrite
    lt768.o(i.BTE_Enable) refers to if_port.o(i.LCD_CmdWrite) for LCD_CmdWrite
    lt768.o(i.BTE_Enable) refers to if_port.o(i.LCD_DataRead) for LCD_DataRead
[...]
    BTE_S0_Color_8bpp                        0x08009519   Thumb Code    30  lt768.o(i.BTE_S0_Color_8bpp)
    BTE_S0_Image_Width                       0x08009537   Thumb Code    22  lt768.o(i.BTE_S0_Image_Width)
    BTE_S0_Memory_Start_Address              0x0800954d   Thumb Code    42  lt768.o(i.BTE_S0_Memory_Start_Address)
    BTE_S0_Window_Start_XY                   0x08009577   Thumb Code    40  lt768.o(i.BTE_S0_Window_Start_XY)
    BTE_S1_Color_16bpp                       0x0800959f   Thumb Code    34  lt768.o(i.BTE_S1_Color_16bpp)
    BTE_S1_Image_Width                       0x080095c1   Thumb Code    22  lt768.o(i.BTE_S1_Image_Width)
    BTE_S1_Memory_Start_Address              0x080095d7   Thumb Code    42  lt768.o(i.BTE_S1_Memory_Start_Address)
    BTE_S1_Window_Start_XY                   0x08009601   Thumb Code    40  lt768.o(i.BTE_S1_Window_Start_XY)
    BTE_Solid_Fill                           0x08009629   Thumb Code    76  lt768_lib.o(i.BTE_Solid_Fill)
    BTE_Window_Size                          0x08009675   Thumb Code    40  lt768.o(i.BTE_Window_Size)
    Background_color_65k                     0x0800969d   Thumb Code    46  lt768.o(i.Background_color_65k)
    Backlight_Control                        0x080096cd   Thumb Code   658  lt768_demo.o(i.Backlight_Control)
    Blinking_Time_Frames                     0x080099a5   Thumb Code    18  lt768.o(i.Blinking_Time_Frames)
    Button_ON_OFF                            0x080099b9   Thumb Code   156  lt768_demo.o(i.Button_ON_OFF)
    CGRAM_Start_address                      0x08009a5d   Thumb Code    58  lt768.o(i.CGRAM_Start_address)
    CGROM_Select_Internal_CGROM              0x08009a97   Thumb Code    30  lt768.o(i.CGROM_Select_Internal_CGROM)
    CTP_io_Init                              0x08009ab5   Thumb Code   854  gt911.o(i.CTP_io_Init)
    Canvas_Image_Start_address               0x08009e79   Thumb Code    42  lt768.o(i.Canvas_Image_Start_address)
    Canvas_image_width                       0x08009ea3   Thumb Code    22  lt768.o(i.Canvas_image_width)
    Cartoon_Show                             0x08009eb9   Thumb Code   456  lt768_demo.o(i.Cartoon_Show)
    Check_2D_Busy                            0x0800a091   Thumb Code    18  lt768.o(i.Check_2D_Busy)
    Check_BTE_Busy                           0x0800a0a3   Thumb Code    18  lt768.o(i.Check_BTE_Busy)
    Check_Busy_Draw                          0x0800a0b5   Thumb Code    18  lt768.o(i.Check_Busy_Draw)
    Check_Busy_SFI_DMA                       0x0800a0c7   Thumb Code    24  lt768.o(i.Check_Busy_SFI_DMA)
    Check_Mem_WR_FIFO_not_Full               0x0800a0df   Thumb Code    18  lt768.o(i.Check_Mem_WR_FIFO_not_Full)
    Check_SDRAM_Ready                        0x0800a0f1   Thumb Code    18  lt768.o(i.Check_SDRAM_Ready)
    Circle_Center_XY                         0x0800a103   Thumb Code    56  lt768.o(i.Circle_Center_XY)
    Circle_Radius_R                          0x0800a13b   Thumb Code    54  lt768.o(i.Circle_Radius_R)
    Circle_Square_Radius_RxRy                0x0800a171   Thumb Code    56  lt768.o(i.Circle_Square_Radius_RxRy)
    Clear_Icon                               0x0800a1a9   Thumb Code   234  lt768_demo.o(i.Clear_Icon)
    Clear_Vsync_Interrupt_Flag               0x0800a29d   Thumb Code    26  lt768.o(i.Clear_Vsync_Interrupt_Flag)
    Controller_Demo                          0x0800a2b9   Thumb Code   512  lt768_demo.o(i.Controller_Demo)
    Copy_AllPicture_To_Display               0x0800a4d1   Thumb Code   204  lt768_demo.o(i.Copy_AllPicture_To_Display)
    Copy_Picture_To_Display                  0x0800a59d   Thumb Code   128  lt768_demo.o(i.Copy_Picture_To_Display)
    DE_High_Active                           0x0800a635   Thumb Code    26  lt768.o(i.DE_High_Active)
    DMA_Demo                                 0x0800a651   Thumb Code   260  lt768_demo.o(i.DMA_Demo)
    Disable_Font_Alignment                   0x0800a761   Thumb Code    26  lt768.o(i.Disable_Font_Alignment)
    Disable_Graphic_Cursor                   0x0800a77b   Thumb Code    26  lt768.o(i.Disable_Graphic_Cursor)
    Disable_PIP1                             0x0800a795   Thumb Code    26  lt768.o(i.Disable_PIP1)
    Disable_PIP2                             0x0800a7af   Thumb Code    26  lt768.o(i.Disable_PIP2)
    Disable_Text_Cursor                      0x0800a7c9   Thumb Code    26  lt768.o(i.Disable_Text_Cursor)
    Disable_Text_Cursor_Blinking             0x0800a7e3   Thumb Code    26  lt768.o(i.Disable_Text_Cursor_Blinking)
    Display_Levetop                          0x0800a7fd   Thumb Code   116  lt768_demo.o(i.Display_Levetop)
    Display_ON                               0x0800a875   Thumb Code    26  lt768.o(i.Display_ON)
    Draw_Circle_Ellipse                      0x0800a891   Thumb Code   712  lt768_demo.o(i.Draw_Circle_Ellipse)
    Draw_Line_Curve                          0x0800ab5d   Thumb Code  1016  lt768_demo.o(i.Draw_Line_Curve)
    Draw_Pillar_Demo                         0x0800af55   Thumb Code  2084  lt768_demo.o(i.Draw_Pillar_Demo)
    Draw_Polygon                             0x0800b77d   Thumb Code  1274  lt768_demo.o(i.Draw_Polygon)
    Draw_Rectangle                           0x0800bc79   Thumb Code   922  lt768_demo.o(i.Draw_Rectangle)
    Draw_Table                               0x0800c019   Thumb Code  1330  lt768_demo.o(i.Draw_Table)
    Drawing_SineWaveDate                     0x0800c559   Thumb Code    70  lt768_demo.o(i.Drawing_SineWaveDate)
    Drawing_TriangleWave                     0x0800c5a5   Thumb Code    70  lt768_demo.o(i.Drawing_TriangleWave)
    EXTI9_5_IRQHandler                       0x0800c5f1   Thumb Code    26  gt911.o(i.EXTI9_5_IRQHandler)
    EXTI_ClearITPendingBit                   0x0800c611   Thumb Code     6  stm32f10x_exti.o(i.EXTI_ClearITPendingBit)
    EXTI_GetITStatus                         0x0800c61d   Thumb Code    34  stm32f10x_exti.o(i.EXTI_GetITStatus)
    EXTI_Init                                0x0800c645   Thumb Code   142  stm32f10x_exti.o(i.EXTI_Init)
    Ellipse_Center_XY                        0x0800c6d9   Thumb Code    56  lt768.o(i.Ellipse_Center_XY)
    Ellipse_Radius_RxRy                      0x0800c711   Thumb Code    56  lt768.o(i.Ellipse_Radius_RxRy)
    Enable_Font_Alignment                    0x0800c749   Thumb Code    26  lt768.o(i.Enable_Font_Alignment)
    Enable_Graphic_Cursor                    0x0800c763   Thumb Code    26  lt768.o(i.Enable_Graphic_Cursor)
    Enable_PIP1                              0x0800c77d   Thumb Code    26  lt768.o(i.Enable_PIP1)
    Enable_PIP2                              0x0800c797   Thumb Code    26  lt768.o(i.Enable_PIP2)
    Enable_SFlash_SPI                        0x0800c7b1   Thumb Code    26  lt768.o(i.Enable_SFlash_SPI)
    Enable_Text_Cursor                       0x0800c7cb   Thumb Code    26  lt768.o(i.Enable_Text_Cursor)
    Enable_Text_Cursor_Blinking              0x0800c7e5   Thumb Code    26  lt768.o(i.Enable_Text_Cursor_Blinking)
    Enable_Vsync_Interrupt                   0x0800c7ff   Thumb Code    26  lt768.o(i.Enable_Vsync_Interrupt)
    Flash_To_Sdram                           0x0800c819   Thumb Code   112  lt768_demo.o(i.Flash_To_Sdram)
    Font_0_degree                            0x0800c88d   Thumb Code    26  lt768.o(i.Font_0_degree)
    Font_Background_select_Color             0x0800c8a7   Thumb Code    26  lt768.o(i.Font_Background_select_Color)
    Font_Background_select_Transparency      0x0800c8c1   Thumb Code    26  lt768.o(i.Font_Background_select_Transparency)
    Font_Height_X1                           0x0800c8db   Thumb Code    30  lt768.o(i.Font_Height_X1)
    Font_Height_X2                           0x0800c8f9   Thumb Code    30  lt768.o(i.Font_Height_X2)
    Font_Height_X3                           0x0800c917   Thumb Code    30  lt768.o(i.Font_Height_X3)
    Font_Height_X4                           0x0800c935   Thumb Code    30  lt768.o(i.Font_Height_X4)
    Font_Select_12x24_24x24                  0x0800c953   Thumb Code    30  lt768.o(i.Font_Select_12x24_24x24)
    Font_Select_16x32_32x32                  0x0800c971   Thumb Code    30  lt768.o(i.Font_Select_16x32_32x32)
    Font_Select_8x16_16x16                   0x0800c98f   Thumb Code    30  lt768.o(i.Font_Select_8x16_16x16)
    Font_Select_UserDefine_Mode              0x0800c9ad   Thumb Code    30  lt768.o(i.Font_Select_UserDefine_Mode)
    Font_Width_X1                            0x0800c9cb   Thumb Code    30  lt768.o(i.Font_Width_X1)
    Font_Width_X2                            0x0800c9e9   Thumb Code    30  lt768.o(i.Font_Width_X2)
    Font_Width_X3                            0x0800ca07   Thumb Code    30  lt768.o(i.Font_Width_X3)
    Font_Width_X4                            0x0800ca25   Thumb Code    30  lt768.o(i.Font_Width_X4)
    Foreground_color_65k                     0x0800ca43   Thumb Code    46  lt768.o(i.Foreground_color_65k)
    GPIO_EXTILineConfig                      0x0800ca71   Thumb Code    60  stm32f10x_gpio.o(i.GPIO_EXTILineConfig)
    GPIO_Init                                0x0800cab1   Thumb Code   278  stm32f10x_gpio.o(i.GPIO_Init)
    GPIO_ReadInputDataBit                    0x0800cbc7   Thumb Code    18  stm32f10x_gpio.o(i.GPIO_ReadInputDataBit)
    GPIO_ReadOutputDataBit                   0x0800cbd9   Thumb Code    18  stm32f10x_gpio.o(i.GPIO_ReadOutputDataBit)
    GPIO_ResetBits                           0x0800cbeb   Thumb Code     4  stm32f10x_gpio.o(i.GPIO_ResetBits)
    GPIO_SetBits                             0x0800cbef   Thumb Code     4  stm32f10x_gpio.o(i.GPIO_SetBits)
    GUI_Init                                 0x0800cbf5   Thumb Code  1044  lt768_demo.o(i.GUI_Init)
    Goto_Pixel_XY                            0x0800d1d5   Thumb Code    40  lt768.o(i.Goto_Pixel_XY)
    Goto_Text_XY                             0x0800d1fd   Thumb Code    40  lt768.o(i.Goto_Text_XY)
    Graphic_Cursor_XY                        0x0800d225   Thumb Code    40  lt768.o(i.Graphic_Cursor_XY)
    Graphic_Mode                             0x0800d24d   Thumb Code    26  lt768.o(i.Graphic_Mode)
    HSYNC_Low_Active                         0x0800d267   Thumb Code    26  lt768.o(i.HSYNC_Low_Active)
    Host_Bus_16bit                           0x0800d281   Thumb Code    26  lt768.o(i.Host_Bus_16bit)
    INTX_ENABLE                              0x0800d29b   Thumb Code     4  sys.o(i.INTX_ENABLE)
    Judge_Pos                                0x0800d2a1   Thumb Code   896  lt768_demo.o(i.Judge_Pos)
    LCD_CmdWrite                             0x0800d629   Thumb Code    12  if_port.o(i.LCD_CmdWrite)
    LCD_DataRead                             0x0800d635   Thumb Code    14  if_port.o(i.LCD_DataRead)
    LCD_DataWrite                            0x0800d643   Thumb Code    12  if_port.o(i.LCD_DataWrite)
    LCD_HSYNC_Pulse_Width                    0x0800d64f   Thumb Code    50  lt768.o(i.LCD_HSYNC_Pulse_Width)
    LCD_HSYNC_Start_Position                 0x0800d681   Thumb Code    50  lt768.o(i.LCD_HSYNC_Start_Position)
    LCD_HorizontalWidth_VerticalHeight       0x0800d6b3   Thumb Code   160  lt768.o(i.LCD_HorizontalWidth_VerticalHeight)
    LCD_Horizontal_Non_Display               0x0800d753   Thumb Code    90  lt768.o(i.LCD_Horizontal_Non_Display)
    LCD_RegisterWrite                        0x0800d7ad   Thumb Code    20  lt768.o(i.LCD_RegisterWrite)
    LCD_StatusRead                           0x0800d7c1   Thumb Code    14  if_port.o(i.LCD_StatusRead)
    LCD_VSYNC_Pulse_Width                    0x0800d7cf   Thumb Code    22  lt768.o(i.LCD_VSYNC_Pulse_Width)
    LCD_VSYNC_Start_Position                 0x0800d7e5   Thumb Code    22  lt768.o(i.LCD_VSYNC_Start_Position)
    LCD_Vertical_Non_Display                 0x0800d7fb   Thumb Code    34  lt768.o(i.LCD_Vertical_Non_Display)
    LT768_BTE_Memory_Copy                    0x0800d81d   Thumb Code   130  lt768_lib.o(i.LT768_BTE_Memory_Copy)
    LT768_BTE_Memory_Copy_ColorExpansion_8   0x0800d89f   Thumb Code   120  lt768_lib.o(i.LT768_BTE_Memory_Copy_ColorExpansion_8)
    LT768_BTE_Memory_Copy_ColorExpansion_Chroma_key_8 0x0800d917   Thumb Code   112  lt768_lib.o(i.LT768_BTE_Memory_Copy_ColorExpansion_Chroma_key_8)
    LT768_DMA_24bit_Block                    0x0800d987   Thumb Code    96  lt768_lib.o(i.LT768_DMA_24bit_Block)
    LT768_DMA_24bit_Linear                   0x0800d9e7   Thumb Code    86  lt768_lib.o(i.LT768_DMA_24bit_Linear)
    LT768_Disable_Graphic_Cursor             0x0800da3d   Thumb Code     8  lt768_lib.o(i.LT768_Disable_Graphic_Cursor)
    LT768_Disable_Text_Cursor                0x0800da45   Thumb Code     8  lt768_lib.o(i.LT768_Disable_Text_Cursor)
    LT768_DrawCircle                         0x0800da4d   Thumb Code    44  lt768_lib.o(i.LT768_DrawCircle)
    LT768_DrawCircleSquare                   0x0800da79   Thumb Code    64  lt768_lib.o(i.LT768_DrawCircleSquare)
    LT768_DrawCircleSquare_Fill              0x0800dab9   Thumb Code    64  lt768_lib.o(i.LT768_DrawCircleSquare_Fill)
    LT768_DrawCircle_Fill                    0x0800daf9   Thumb Code    44  lt768_lib.o(i.LT768_DrawCircle_Fill)
    LT768_DrawCylinder                       0x0800db25   Thumb Code   166  lt768_lib.o(i.LT768_DrawCylinder)
    LT768_DrawEllipse                        0x0800dbcb   Thumb Code    52  lt768_lib.o(i.LT768_DrawEllipse)
    LT768_DrawEllipse_Fill                   0x0800dbff   Thumb Code    52  lt768_lib.o(i.LT768_DrawEllipse_Fill)
    LT768_DrawLeftDownCurve                  0x0800dc33   Thumb Code    54  lt768_lib.o(i.LT768_DrawLeftDownCurve)
    LT768_DrawLeftDownCurve_Fill             0x0800dc69   Thumb Code    52  lt768_lib.o(i.LT768_DrawLeftDownCurve_Fill)
    LT768_DrawLeftUpCurve                    0x0800dc9d   Thumb Code    52  lt768_lib.o(i.LT768_DrawLeftUpCurve)
    LT768_DrawLeftUpCurve_Fill               0x0800dcd1   Thumb Code    52  lt768_lib.o(i.LT768_DrawLeftUpCurve_Fill)
    LT768_DrawLine                           0x0800dd05   Thumb Code    52  lt768_lib.o(i.LT768_DrawLine)
    LT768_DrawLine1                          0x0800dd39   Thumb Code    40  lt768_demo.o(i.LT768_DrawLine1)
    LT768_DrawLine_Width                     0x0800dd61   Thumb Code   208  lt768_lib.o(i.LT768_DrawLine_Width)
    LT768_DrawPentagon                       0x0800de39   Thumb Code    92  lt768_lib.o(i.LT768_DrawPentagon)
    LT768_DrawPentagon_Fill                  0x0800de95   Thumb Code    92  lt768_lib.o(i.LT768_DrawPentagon_Fill)
    LT768_DrawQuadrangular                   0x0800def1   Thumb Code   130  lt768_lib.o(i.LT768_DrawQuadrangular)
    LT768_DrawQuadrilateral                  0x0800df73   Thumb Code    88  lt768_lib.o(i.LT768_DrawQuadrilateral)
    LT768_DrawQuadrilateral_Fill             0x0800dfcb   Thumb Code    88  lt768_lib.o(i.LT768_DrawQuadrilateral_Fill)
    LT768_DrawRightDownCurve                 0x0800e023   Thumb Code    52  lt768_lib.o(i.LT768_DrawRightDownCurve)
    LT768_DrawRightDownCurve_Fill            0x0800e057   Thumb Code    52  lt768_lib.o(i.LT768_DrawRightDownCurve_Fill)
    LT768_DrawRightUpCurve                   0x0800e08b   Thumb Code    52  lt768_lib.o(i.LT768_DrawRightUpCurve)
    LT768_DrawRightUpCurve_Fill              0x0800e0bf   Thumb Code    52  lt768_lib.o(i.LT768_DrawRightUpCurve_Fill)
    LT768_DrawSquare                         0x0800e0f3   Thumb Code    52  lt768_lib.o(i.LT768_DrawSquare)
    LT768_DrawSquare_Fill                    0x0800e127   Thumb Code    52  lt768_lib.o(i.LT768_DrawSquare_Fill)
    LT768_DrawSquare_Width                   0x0800e15b   Thumb Code    78  lt768_lib.o(i.LT768_DrawSquare_Width)
    LT768_DrawTriangle                       0x0800e1a9   Thumb Code    64  lt768_lib.o(i.LT768_DrawTriangle)
    LT768_DrawTriangle_Fill                  0x0800e1e9   Thumb Code    64  lt768_lib.o(i.LT768_DrawTriangle_Fill)
    LT768_Graphic_cursor_Init                0x0800e229   Thumb Code   126  lt768_lib.o(i.LT768_Graphic_cursor_Init)
    LT768_HW_Reset                           0x0800e2a9   Thumb Code    66  lt768_lib.o(i.LT768_HW_Reset)
    LT768_I2CM_Bus_Busy                      0x0800e2f1   Thumb Code    30  lt768.o(i.LT768_I2CM_Bus_Busy)
    LT768_I2CM_Check_Slave_ACK               0x0800e30f   Thumb Code    30  lt768.o(i.LT768_I2CM_Check_Slave_ACK)
    LT768_I2CM_Clock_Prescale                0x0800e32d   Thumb Code    30  lt768.o(i.LT768_I2CM_Clock_Prescale)
    LT768_I2CM_Enable                        0x0800e34b   Thumb Code    26  lt768.o(i.LT768_I2CM_Enable)
    LT768_I2CM_Read_With_Ack                 0x0800e365   Thumb Code    16  lt768.o(i.LT768_I2CM_Read_With_Ack)
    LT768_I2CM_Read_With_Nack                0x0800e375   Thumb Code    16  lt768.o(i.LT768_I2CM_Read_With_Nack)
    LT768_I2CM_Receiver_Data                 0x0800e385   Thumb Code    18  lt768.o(i.LT768_I2CM_Receiver_Data)
    LT768_I2CM_Stop                          0x0800e397   Thumb Code    16  lt768.o(i.LT768_I2CM_Stop)
    LT768_I2CM_Transmit_Data                 0x0800e3a7   Thumb Code    18  lt768.o(i.LT768_I2CM_Transmit_Data)
    LT768_I2CM_Write                         0x0800e3b9   Thumb Code    16  lt768.o(i.LT768_I2CM_Write)
    LT768_I2CM_Write_With_Start              0x0800e3c9   Thumb Code    16  lt768.o(i.LT768_I2CM_Write_With_Start)
    LT768_I2CM_transmit_Progress             0x0800e3d9   Thumb Code    30  lt768.o(i.LT768_I2CM_transmit_Progress)
    LT768_Init                               0x0800e3f7   Thumb Code    42  lt768_lib.o(i.LT768_Init)
    LT768_MakeTable                          0x0800e421   Thumb Code   194  lt768_lib.o(i.LT768_MakeTable)
    LT768_PIP_Init                           0x0800e4e3   Thumb Code   124  lt768_lib.o(i.LT768_PIP_Init)
    LT768_PLL_Initial                        0x0800e561   Thumb Code   282  lt768_lib.o(i.LT768_PLL_Initial)
    LT768_PWM1_Init                          0x0800e695   Thumb Code    86  lt768_lib.o(i.LT768_PWM1_Init)
    LT768_Print_Internal_Font_String         0x0800e6eb   Thumb Code    54  lt768_lib.o(i.LT768_Print_Internal_Font_String)
    LT768_Print_Outside_Font_GB2312_48_72    0x0800e721   Thumb Code   460  lt768_lib.o(i.LT768_Print_Outside_Font_GB2312_48_72)
    LT768_Print_Outside_Font_String          0x0800e8ed   Thumb Code   166  lt768_lib.o(i.LT768_Print_Outside_Font_String)
    LT768_SDRAM_initail                      0x0800e993   Thumb Code    78  lt768_lib.o(i.LT768_SDRAM_initail)
    LT768_SelectDrawCurve                    0x0800e9e1   Thumb Code   114  lt768_lib.o(i.LT768_SelectDrawCurve)
    LT768_SelectDrawCurve_Fill               0x0800ea53   Thumb Code   114  lt768_lib.o(i.LT768_SelectDrawCurve_Fill)
    LT768_Select_Internal_Font_Init          0x0800eac5   Thumb Code   142  lt768_lib.o(i.LT768_Select_Internal_Font_Init)
    LT768_Select_Outside_Font_Init           0x0800eb53   Thumb Code   176  lt768_lib.o(i.LT768_Select_Outside_Font_Init)
    LT768_Set_DisWindowPos                   0x0800ec03   Thumb Code    78  lt768_lib.o(i.LT768_Set_DisWindowPos)
    LT768_Set_Graphic_cursor_Pos             0x0800ec51   Thumb Code    64  lt768_lib.o(i.LT768_Set_Graphic_cursor_Pos)
    LT768_Text_cursor_Init                   0x0800ec91   Thumb Code    48  lt768_lib.o(i.LT768_Text_cursor_Init)
    LT768_initial                            0x0800ecc1   Thumb Code    20  lt768_lib.o(i.LT768_initial)
    LT_I2C_Read_NByte                        0x0800ecd9   Thumb Code   460  gt911.o(i.LT_I2C_Read_NByte)
    Line_End_XY                              0x0800eea5   Thumb Code    56  lt768.o(i.Line_End_XY)
    Line_Start_XY                            0x0800eedd   Thumb Code    56  lt768.o(i.Line_Start_XY)
    Load_SineWaveDate                        0x0800ef15   Thumb Code   196  lt768_demo.o(i.Load_SineWaveDate)
    Load_TriangleWaveDate                    0x0800eff1   Thumb Code    58  lt768_demo.o(i.Load_TriangleWaveDate)
    Main_GUI                                 0x0800f031   Thumb Code  1596  lt768_demo.o(i.Main_GUI)
    Main_Image_Start_Address                 0x0800f71d   Thumb Code    42  lt768.o(i.Main_Image_Start_Address)
    Main_Image_Width                         0x0800f747   Thumb Code    22  lt768.o(i.Main_Image_Width)
    Main_Window_Start_XY                     0x0800f75d   Thumb Code    40  lt768.o(i.Main_Window_Start_XY)
    MemWrite_Left_Right_Top_Down             0x0800f785   Thumb Code    30  lt768.o(i.MemWrite_Left_Right_Top_Down)
    Memory_16bpp_Mode                        0x0800f7a3   Thumb Code    30  lt768.o(i.Memory_16bpp_Mode)
    Memory_8bpp_Mode                         0x0800f7c1   Thumb Code    30  lt768.o(i.Memory_8bpp_Mode)
    Memory_Linear_Mode                       0x0800f7df   Thumb Code    26  lt768.o(i.Memory_Linear_Mode)
    Memory_Select_Graphic_Cursor_RAM         0x0800f7f9   Thumb Code    30  lt768.o(i.Memory_Select_Graphic_Cursor_RAM)
    Memory_Select_SDRAM                      0x0800f817   Thumb Code    30  lt768.o(i.Memory_Select_SDRAM)
    Memory_XY_Mode                           0x0800f835   Thumb Code    26  lt768.o(i.Memory_XY_Mode)
    Move_WaveDate                            0x0800f851   Thumb Code   224  lt768_demo.o(i.Move_WaveDate)
    NVIC_Init                                0x0800f945   Thumb Code   100  misc.o(i.NVIC_Init)
    NVIC_PriorityGroupConfig                 0x0800f9b5   Thumb Code    10  misc.o(i.NVIC_PriorityGroupConfig)
    NVIC_SetVectorTable                      0x0800f9c9   Thumb Code    12  misc.o(i.NVIC_SetVectorTable)
    Outside_Font                             0x0800f9dd   Thumb Code   922  lt768_demo.o(i.Outside_Font)
    PCLK_Falling                             0x0800fef1   Thumb Code    26  lt768.o(i.PCLK_Falling)
    PDATA_Set_RGB                            0x0800ff0b   Thumb Code    26  lt768.o(i.PDATA_Set_RGB)
    PIP_Demo                                 0x0800ff25   Thumb Code  1672  lt768_demo.o(i.PIP_Demo)
    PIP_Display_Start_XY                     0x080105b1   Thumb Code    40  lt768.o(i.PIP_Display_Start_XY)
    PIP_Image_Start_Address                  0x080105d9   Thumb Code    42  lt768.o(i.PIP_Image_Start_Address)
    PIP_Image_Width                          0x08010603   Thumb Code    22  lt768.o(i.PIP_Image_Width)
    PIP_Window_Image_Start_XY                0x08010619   Thumb Code    40  lt768.o(i.PIP_Window_Image_Start_XY)
    PIP_Window_Width_Height                  0x08010641   Thumb Code    40  lt768.o(i.PIP_Window_Width_Height)
    Parallel_Init                            0x08010669   Thumb Code     8  if_port.o(i.Parallel_Init)
    Pointer1_Turn                            0x08010671   Thumb Code   304  lt768_demo.o(i.Pointer1_Turn)
    Pointer2_Turn                            0x080107cd   Thumb Code   152  lt768_demo.o(i.Pointer2_Turn)
    Pointer3_Turn                            0x08010871   Thumb Code   154  lt768_demo.o(i.Pointer3_Turn)
    Pointer4_Turn                            0x08010919   Thumb Code   154  lt768_demo.o(i.Pointer4_Turn)
    Pointer_Show                             0x080109c1   Thumb Code   258  lt768_demo.o(i.Pointer_Show)
    RCC_APB1PeriphClockCmd                   0x08010ad1   Thumb Code    26  stm32f10x_rcc.o(i.RCC_APB1PeriphClockCmd)
    RCC_APB2PeriphClockCmd                   0x08010af1   Thumb Code    26  stm32f10x_rcc.o(i.RCC_APB2PeriphClockCmd)
    RCC_GetClocksFreq                        0x08010b11   Thumb Code   192  stm32f10x_rcc.o(i.RCC_GetClocksFreq)
    RGB_16b_16bpp                            0x08010be5   Thumb Code    30  lt768.o(i.RGB_16b_16bpp)
    Read_GPIO_A_7_0                          0x08010c03   Thumb Code    18  lt768.o(i.Read_GPIO_A_7_0)
    Read_Interrupt_status                    0x08010c15   Thumb Code    18  lt768.o(i.Read_Interrupt_status)
    SFI_DMA_Destination_Start_Address        0x08010c27   Thumb Code    58  lt768.o(i.SFI_DMA_Destination_Start_Address)
    SFI_DMA_Destination_Upper_Left_Corner    0x08010c61   Thumb Code    56  lt768.o(i.SFI_DMA_Destination_Upper_Left_Corner)
    SFI_DMA_Source_Start_Address             0x08010c99   Thumb Code    58  lt768.o(i.SFI_DMA_Source_Start_Address)
    SFI_DMA_Source_Width                     0x08010cd3   Thumb Code    30  lt768.o(i.SFI_DMA_Source_Width)
    SFI_DMA_Transfer_Number                  0x08010cf1   Thumb Code    58  lt768.o(i.SFI_DMA_Transfer_Number)
    SFI_DMA_Transfer_Width_Height            0x08010d2b   Thumb Code    56  lt768.o(i.SFI_DMA_Transfer_Width_Height)
    SPI2_Init_8                              0x08010d65   Thumb Code   170  if_port.o(i.SPI2_Init_8)
    SPI2_ReadWriteByte                       0x08010e19   Thumb Code    80  if_port.o(i.SPI2_ReadWriteByte)
    SPI_Clock_Period                         0x08010e6d   Thumb Code    18  lt768.o(i.SPI_Clock_Period)
    SPI_Cmd                                  0x08010e7f   Thumb Code    24  stm32f10x_spi.o(i.SPI_Cmd)
    SPI_CmdWrite_8                           0x08010e99   Thumb Code    42  if_port.o(i.SPI_CmdWrite_8)
    SPI_DataRead_8                           0x08010ec9   Thumb Code    46  if_port.o(i.SPI_DataRead_8)
    SPI_DataWrite_8                          0x08010efd   Thumb Code    42  if_port.o(i.SPI_DataWrite_8)
    SPI_Init                                 0x08010f2d   Thumb Code    60  stm32f10x_spi.o(i.SPI_Init)
    SPI_StatusRead_8                         0x08010f69   Thumb Code    46  if_port.o(i.SPI_StatusRead_8)
    Scan_Key                                 0x08010f9d   Thumb Code    82  key.o(i.Scan_Key)
    Scan_Key_delay                           0x08010ff9   Thumb Code    48  key.o(i.Scan_Key_delay)
    Scan_Screen_Delay_1ms                    0x08011029   Thumb Code    60  lt768_demo.o(i.Scan_Screen_Delay_1ms)
    Screen_delay_Count                       0x0801106d   Thumb Code    28  lt768_demo.o(i.Screen_delay_Count)
    Select_Function                          0x08011089   Thumb Code  1886  lt768_demo.o(i.Select_Function)
    Select_Graphic_Cursor_1                  0x08011881   Thumb Code    30  lt768.o(i.Select_Graphic_Cursor_1)
    Select_Graphic_Cursor_2                  0x0801189f   Thumb Code    30  lt768.o(i.Select_Graphic_Cursor_2)
    Select_Graphic_Cursor_3                  0x080118bd   Thumb Code    30  lt768.o(i.Select_Graphic_Cursor_3)
    Select_Graphic_Cursor_4                  0x080118db   Thumb Code    30  lt768.o(i.Select_Graphic_Cursor_4)
    Select_Main_Window_16bpp                 0x080118f9   Thumb Code    30  lt768.o(i.Select_Main_Window_16bpp)
    Select_PIP1_Parameter                    0x08011917   Thumb Code    26  lt768.o(i.Select_PIP1_Parameter)
    Select_PIP1_Window_16bpp                 0x08011931   Thumb Code    30  lt768.o(i.Select_PIP1_Window_16bpp)
    Select_PIP2_Parameter                    0x0801194f   Thumb Code    26  lt768.o(i.Select_PIP2_Parameter)
    Select_PWM1                              0x08011969   Thumb Code    30  lt768.o(i.Select_PWM1)
    Select_PWM1_Clock_Divided_By_1           0x08011987   Thumb Code    30  lt768.o(i.Select_PWM1_Clock_Divided_By_1)
    Select_PWM1_Clock_Divided_By_2           0x080119a5   Thumb Code    30  lt768.o(i.Select_PWM1_Clock_Divided_By_2)
    Select_PWM1_Clock_Divided_By_4           0x080119c3   Thumb Code    30  lt768.o(i.Select_PWM1_Clock_Divided_By_4)
    Select_PWM1_Clock_Divided_By_8           0x080119e1   Thumb Code    30  lt768.o(i.Select_PWM1_Clock_Divided_By_8)
    Select_SFI_0                             0x080119ff   Thumb Code    26  lt768.o(i.Select_SFI_0)
    Select_SFI_1                             0x08011a19   Thumb Code    26  lt768.o(i.Select_SFI_1)
    Select_SFI_DMA_Mode                      0x08011a33   Thumb Code    26  lt768.o(i.Select_SFI_DMA_Mode)
    Select_SFI_Dual_Mode0                    0x08011a4d   Thumb Code    30  lt768.o(i.Select_SFI_Dual_Mode0)
    Set_GPIO_A_In_Out                        0x08011b55   Thumb Code    18  lt768.o(i.Set_GPIO_A_In_Out)
    Set_Graphic_Cursor_Color_1               0x08011b67   Thumb Code    14  lt768.o(i.Set_Graphic_Cursor_Color_1)
    Set_Graphic_Cursor_Color_2               0x08011b75   Thumb Code    14  lt768.o(i.Set_Graphic_Cursor_Color_2)
    Set_LCD_Panel                            0x08011b83   Thumb Code   112  lt768_lib.o(i.Set_LCD_Panel)
    Set_PWM_Prescaler_1_to_256               0x08011bf3   Thumb Code    22  lt768.o(i.Set_PWM_Prescaler_1_to_256)
    Set_Timer1_Compare_Buffer                0x08011c09   Thumb Code    30  lt768.o(i.Set_Timer1_Compare_Buffer)
    Set_Timer1_Count_Buffer                  0x08011c27   Thumb Code    30  lt768.o(i.Set_Timer1_Count_Buffer)
    Show_Gears                               0x08011c45   Thumb Code   160  lt768_demo.o(i.Show_Gears)
    Show_Icon                                0x08011ced   Thumb Code   270  lt768_demo.o(i.Show_Icon)
    Show_Panel                               0x08011dfd   Thumb Code   418  lt768_demo.o(i.Show_Panel)
    Show_Pointer1_Turn                       0x08011fb1   Thumb Code   184  lt768_demo.o(i.Show_Pointer1_Turn)
    Show_Pointer2_Turn                       0x08012075   Thumb Code   184  lt768_demo.o(i.Show_Pointer2_Turn)
    Show_Pointer3_Turn                       0x08012139   Thumb Code    84  lt768_demo.o(i.Show_Pointer3_Turn)
    Show_Pointer4_Turn                       0x08012195   Thumb Code    84  lt768_demo.o(i.Show_Pointer4_Turn)
    Show_Progress1                           0x080121f1   Thumb Code   102  lt768_demo.o(i.Show_Progress1)
    Show_Progress2                           0x08012257   Thumb Code   102  lt768_demo.o(i.Show_Progress2)
    Show_String                              0x080122bd   Thumb Code    44  lt768.o(i.Show_String)
    Show_Temperature                         0x080122e9   Thumb Code   118  lt768_demo.o(i.Show_Temperature)
    Show_Text                                0x08012361   Thumb Code   142  lt768_demo.o(i.Show_Text)
    Show_Total                               0x080124a5   Thumb Code   166  lt768_demo.o(i.Show_Total)
    Show_temperature                         0x0801255d   Thumb Code   132  lt768_demo.o(i.Show_temperature)
    Square_End_XY                            0x080125ed   Thumb Code    56  lt768.o(i.Square_End_XY)
    Square_Start_XY                          0x08012625   Thumb Code    56  lt768.o(i.Square_Start_XY)
    StartUp_picture                          0x0801265d   Thumb Code   116  lt768_demo.o(i.StartUp_picture)
    Start_Circle_Square                      0x080126d1   Thumb Code    20  lt768.o(i.Start_Circle_Square)
    Start_Circle_Square_Fill                 0x080126e5   Thumb Code    20  lt768.o(i.Start_Circle_Square_Fill)
    Start_Circle_or_Ellipse                  0x080126f9   Thumb Code    20  lt768.o(i.Start_Circle_or_Ellipse)
    Start_Circle_or_Ellipse_Fill             0x0801270d   Thumb Code    20  lt768.o(i.Start_Circle_or_Ellipse_Fill)
    Start_Left_Down_Curve                    0x08012721   Thumb Code    20  lt768.o(i.Start_Left_Down_Curve)
    Start_Left_Down_Curve_Fill               0x08012735   Thumb Code    20  lt768.o(i.Start_Left_Down_Curve_Fill)
    Start_Left_Up_Curve                      0x08012749   Thumb Code    20  lt768.o(i.Start_Left_Up_Curve)
    Start_Left_Up_Curve_Fill                 0x0801275d   Thumb Code    20  lt768.o(i.Start_Left_Up_Curve_Fill)
    Start_Line                               0x08012771   Thumb Code    20  lt768.o(i.Start_Line)
    Start_PWM1                               0x08012785   Thumb Code    26  lt768.o(i.Start_PWM1)
    Start_Right_Down_Curve                   0x0801279f   Thumb Code    20  lt768.o(i.Start_Right_Down_Curve)
    Start_Right_Down_Curve_Fill              0x080127b3   Thumb Code    20  lt768.o(i.Start_Right_Down_Curve_Fill)
    Start_Right_Up_Curve                     0x080127c7   Thumb Code    20  lt768.o(i.Start_Right_Up_Curve)
    Start_Right_Up_Curve_Fill                0x080127db   Thumb Code    20  lt768.o(i.Start_Right_Up_Curve_Fill)
    Start_SFI_DMA                            0x080127ef   Thumb Code    26  lt768.o(i.Start_SFI_DMA)
    Start_Square                             0x08012809   Thumb Code    20  lt768.o(i.Start_Square)
    Start_Square_Fill                        0x0801281d   Thumb Code    20  lt768.o(i.Start_Square_Fill)
    Start_Triangle                           0x08012831   Thumb Code    20  lt768.o(i.Start_Triangle)
    Start_Triangle_Fill                      0x08012845   Thumb Code    20  lt768.o(i.Start_Triangle_Fill)
    Stop_PWM1                                0x08012859   Thumb Code    26  lt768.o(i.Stop_PWM1)
    SysTick_CLKSourceConfig                  0x08012873   Thumb Code    40  misc.o(i.SysTick_CLKSourceConfig)
    SystemInit                               0x0801289d   Thumb Code    78  system_stm32f10x.o(i.SystemInit)
    System_Check_Temp                        0x080128fd   Thumb Code   134  lt768_lib.o(i.System_Check_Temp)
    TEST_DoubleTriangle                      0x08012999   Thumb Code  1744  lt768_demo.o(i.TEST_DoubleTriangle)
    TFT_16bit                                0x08013071   Thumb Code    30  lt768.o(i.TFT_16bit)
    TP_read_XY                               0x08013091   Thumb Code   486  gt911.o(i.TP_read_XY)
    Text_Cursor_H_V                          0x0801329d   Thumb Code    32  lt768.o(i.Text_Cursor_H_V)
    Text_Demo                                0x080132bd   Thumb Code  1760  lt768_demo.o(i.Text_Demo)
    Text_Mode                                0x080139b9   Thumb Code    26  lt768.o(i.Text_Mode)
    Triangle_Point1_XY                       0x080139d3   Thumb Code    56  lt768.o(i.Triangle_Point1_XY)
    Triangle_Point2_XY                       0x08013a0b   Thumb Code    56  lt768.o(i.Triangle_Point2_XY)
    Triangle_Point3_XY                       0x08013a43   Thumb Code    56  lt768.o(i.Triangle_Point3_XY)
    USART_Cmd                                0x08013a7b   Thumb Code    24  stm32f10x_usart.o(i.USART_Cmd)
    USART_Init                               0x08013a95   Thumb Code   210  stm32f10x_usart.o(i.USART_Init)
    VSCAN_T_to_B                             0x08013b6d   Thumb Code    26  lt768.o(i.VSCAN_T_to_B)
    VSYNC_Low_Active                         0x08013b87   Thumb Code    26  lt768.o(i.VSYNC_Low_Active)
    Waiting_ClickScreen                      0x08013ba1   Thumb Code    40  lt768_demo.o(i.Waiting_ClickScreen)
    Waveform_Demo                            0x08013bcd   Thumb Code  1264  lt768_demo.o(i.Waveform_Demo)
    Write_GPIO_A_7_0                         0x080140cd   Thumb Code    18  lt768.o(i.Write_GPIO_A_7_0)
    __0printf$8                              0x080140e1   Thumb Code    22  printf8.o(i.__0printf$8)
    __1printf$8                              0x080140e1   Thumb Code     0  printf8.o(i.__0printf$8)
    __2printf                                0x080140e1   Thumb Code     0  printf8.o(i.__0printf$8)
    __0sprintf$8                             0x08014101   Thumb Code    34  printf8.o(i.__0sprintf$8)
    __1sprintf$8                             0x08014101   Thumb Code     0  printf8.o(i.__0sprintf$8)
    __2sprintf                               0x08014101   Thumb Code     0  printf8.o(i.__0sprintf$8)
    __ARM_fpclassify                         0x08014129   Thumb Code    40  fpclassify.o(i.__ARM_fpclassify)
    __ieee754_rem_pio2                       0x08014151   Thumb Code   828  rred.o(i.__ieee754_rem_pio2)
    __kernel_cos                             0x080144d9   Thumb Code   230  cos_i.o(i.__kernel_cos)
    __kernel_poly                            0x080145d5   Thumb Code   170  poly.o(i.__kernel_poly)
    __kernel_sin                             0x08014681   Thumb Code   224  sin_i.o(i.__kernel_sin)
    __mathlib_dbl_infnan                     0x0801476d   Thumb Code     6  dunder.o(i.__mathlib_dbl_infnan)
    __mathlib_dbl_invalid                    0x08014773   Thumb Code    12  dunder.o(i.__mathlib_dbl_invalid)
    __mathlib_dbl_underflow                  0x08014781   Thumb Code    10  dunder.o(i.__mathlib_dbl_underflow)
    __scatterload_copy                       0x08014791   Thumb Code    14  handlers.o(i.__scatterload_copy)
    __scatterload_null                       0x0801479f   Thumb Code     2  handlers.o(i.__scatterload_null)
    __scatterload_zeroinit                   0x080147a1   Thumb Code    14  handlers.o(i.__scatterload_zeroinit)
    __set_errno                              0x080147b1   Thumb Code     6  errno.o(i.__set_errno)
    abs1                                     0x08014c1d   Thumb Code    12  lt768_demo.o(i.abs1)
    cos                                      0x08014c29   Thumb Code   148  cos.o(i.cos)
    delay_init                               0x08014cc5   Thumb Code    50  delay.o(i.delay_init)
    delay_ms                                 0x08014d09   Thumb Code    72  delay.o(i.delay_ms)
    delay_us                                 0x08014d55   Thumb Code    72  delay.o(i.delay_us)
    fputc                                    0x08014da1   Thumb Code    24  usart.o(i.fputc)
    gt911_Scan                               0x08014dbd   Thumb Code    28  gt911.o(i.gt911_Scan)
    main                                     0x08014ddd   Thumb Code    76  main.o(i.main)
    sin                                      0x08014e29   Thumb Code   150  sin.o(i.sin)
    uart_init                                0x08014ec9   Thumb Code   112  usart.o(i.uart_init)
    gImage_pen_il                            0x08014f40   Data         256  lt768_demo.o(.constdata)
    gImage_arrow_il                          0x08015040   Data         256  lt768_demo.o(.constdata)
    gImage_busy_im                           0x08015140   Data         256  lt768_demo.o(.constdata)
    gImage_no_im                             0x08015240   Data         256  lt768_demo.o(.constdata)
    Region$$Table$$Base                      0x08015608   Number         0  anon$$obj.o(Region$$Table)
    Region$$Table$$Limit                     0x08015628   Number         0  anon$$obj.o(Region$$Table)
    __stdout                                 0x20000004   Data           4  usart.o(.data)
    CCLK                                     0x20000009   Data           1  lt768_lib.o(.data)
    MCLK                                     0x2000000a   Data           1  lt768_lib.o(.data)
    SCLK                                     0x2000000b   Data           1  lt768_lib.o(.data)
    cSetb                                    0x2000000c   Data           8  lt768_lib.o(.data)
    cSetb_2bit                               0x20000014   Data           4  lt768_lib.o(.data)
    cSetb_4bit                               0x20000018   Data           2  lt768_lib.o(.data)
    ctp_active_index                         0x2000001a   Data           1  gt911.o(.data)
    touch_flag                               0x2000001b   Data           1  gt911.o(.data)
    first                                    0x2000001c   Data           1  gt911.o(.data)
    X_Pos                                    0x2000001e   Data           2  gt911.o(.data)
    Y_Pos                                    0x20000020   Data           2  gt911.o(.data)
    num_flag                                 0x20000022   Data           1  gt911.o(.data)
    Scan_Count                               0x20000024   Data           4  lt768_demo.o(.data)
    Scan_State                               0x20000028   Data           1  lt768_demo.o(.data)
    NUM                                      0x20000029   Data          60  lt768_demo.o(.data)
    PwmControl                               0x20000065   Data           1  lt768_demo.o(.data)
    PictureInfo                              0x20000068   Data         204  lt768_demo.o(.data)
    a1                                       0x20000134   Data           2  lt768_demo.o(.data)
    a2                                       0x20000136   Data           2  lt768_demo.o(.data)
    a3                                       0x20000138   Data           2  lt768_demo.o(.data)
    a4                                       0x2000013a   Data           2  lt768_demo.o(.data)
    state1                                   0x2000013c   Data           1  lt768_demo.o(.data)
    state2                                   0x2000013d   Data           1  lt768_demo.o(.data)
    flag1                                    0x2000013e   Data           1  lt768_demo.o(.data)
    flag2                                    0x2000013f   Data           1  lt768_demo.o(.data)
    flag3                                    0x20000140   Data           1  lt768_demo.o(.data)
    flag4                                    0x20000141   Data           1  lt768_demo.o(.data)
    num_sleep                                0x20000142   Data           5  lt768_demo.o(.data)
    sleep                                    0x20000148   Data           4  lt768_demo.o(.data)
    num_total                                0x2000014c   Data           6  lt768_demo.o(.data)
    num_temperature                          0x20000152   Data           5  lt768_demo.o(.data)
    temperature                              0x20000158   Data           2  lt768_demo.o(.data)
    gOffset                                  0x2000015a   Data           1  lt768_demo.o(.data)
    Point                                    0x2000015b   Data           1  lt768_demo.o(.data)
    SystemCoreClock                          0x2000015c   Data           4  system_stm32f10x.o(.data)
    AHBPrescTable                            0x20000160   Data          16  system_stm32f10x.o(.data)
    gTpInfo                                  0x2000018c   Data          16  gt911.o(.bss)
    READ_BUFF                                0x2000019c   Data          16  gt911.o(.bss)
    gY_TriangleBuff                          0x200001ac   Data        2240  lt768_demo.o(.bss)
    gY_TriangleTemp                          0x20000a6c   Data          40  lt768_demo.o(.bss)
    gY_SinBuff_Sin                           0x20000a94   Data        2344  lt768_demo.o(.bss)
    gY_SinTemp                               0x200013bc   Data          40  lt768_demo.o(.bss)
    __initial_sp                             0x200023e8   Data           0  stm32f10x.o(STACK)



==============================================================================

Memory Map of the image

  Image Entry point : 0x080080ed

  Load Region LR_IROM1 (Base: 0x08008000, Size: 0x0000d7b4, Max: 0x00038000, ABSOLUTE, COMPRESSED[0x0000d730])

    Execution Region ER_IROM1 (Exec base: 0x08008000, Load base: 0x08008000, Size: 0x0000d628, Max: 0x00038000, ABSOLUTE)

    Exec Addr    Load Addr    Size         Type   Attr      Idx    E Section Name        Object

    0x08008000   0x08008000   0x000000ec   Data   RO         4363    RESET               stm32f10x.o
    0x080080ec   0x080080ec   0x00000000   Code   RO         5668  * .ARM.Collect$$$$00000000  mc_w.l(entry.o)
    0x080080ec   0x080080ec   0x00000004   Code   RO         5993    .ARM.Collect$$$$00000001  mc_w.l(entry2.o)
    0x080080f0   0x080080f0   0x00000004   Code   RO         5996    .ARM.Collect$$$$00000004  mc_w.l(entry5.o)
    0x080080f4   0x080080f4   0x00000000   Code   RO         5998    .ARM.Collect$$$$00000008  mc_w.l(entry7b.o)
    0x080080f4   0x080080f4   0x00000000   Code   RO         6000    .ARM.Collect$$$$0000000A  mc_w.l(entry8b.o)
    0x080080f4   0x080080f4   0x00000008   Code   RO         6001    .ARM.Collect$$$$0000000B  mc_w.l(entry9a.o)
    0x080080fc   0x080080fc   0x00000004   Code   RO         6008    .ARM.Collect$$$$0000000E  mc_w.l(entry12b.o)
    0x08008100   0x08008100   0x00000000   Code   RO         6003    .ARM.Collect$$$$0000000F  mc_w.l(entry10a.o)
    0x08008100   0x08008100   0x00000000   Code   RO         6005    .ARM.Collect$$$$00000011  mc_w.l(entry11a.o)
    0x08008100   0x08008100   0x00000004   Code   RO         5994    .ARM.Collect$$$$00002712  mc_w.l(entry2.o)
    0x08008104   0x08008104   0x0000001c   Code   RO         4364    .text               stm32f10x.o
    0x08008120   0x08008120   0x00000024   Code   RO         5671    .text               mc_w.l(rand.o)
    0x08008144   0x08008144   0x000000b0   Code   RO         5935    .text               mf_w.l(fadd.o)
    0x080081f4   0x080081f4   0x00000064   Code   RO         5937    .text               mf_w.l(fmul.o)
    0x08008258   0x08008258   0x0000014e   Code   RO         5939    .text               mf_w.l(dadd.o)
    0x080083a6   0x080083a6   0x000000e4   Code   RO         5941    .text               mf_w.l(dmul.o)
    0x0800848a   0x0800848a   0x000000de   Code   RO         5943    .text               mf_w.l(ddiv.o)
    0x08008568   0x08008568   0x0000000a   Code   RO         5945    .text               mf_w.l(ffltui.o)
    0x08008572   0x08008572   0x00000022   Code   RO         5947    .text               mf_w.l(dflti.o)
    0x08008594   0x08008594   0x0000001a   Code   RO         5949    .text               mf_w.l(dfltui.o)
    0x080085ae   0x080085ae   0x00000028   Code   RO         5951    .text               mf_w.l(ffixui.o)
    0x080085d6   0x080085d6   0x00000032   Code   RO         5953    .text               mf_w.l(dfixui.o)
    0x08008608   0x08008608   0x00000026   Code   RO         5955    .text               mf_w.l(f2d.o)
    0x0800862e   0x0800862e   0x00000002   PAD
    0x08008630   0x08008630   0x00000030   Code   RO         5957    .text               mf_w.l(cdcmple.o)
    0x08008660   0x08008660   0x00000030   Code   RO         5959    .text               mf_w.l(cdrcmple.o)
    0x08008690   0x08008690   0x00000038   Code   RO         5961    .text               mf_w.l(d2f.o)
    0x080086c8   0x080086c8   0x00000014   Code   RO         5963    .text               mf_w.l(cfcmple.o)
    0x080086dc   0x080086dc   0x00000062   Code   RO         6011    .text               mc_w.l(uldiv.o)
    0x0800873e   0x0800873e   0x0000001e   Code   RO         6013    .text               mc_w.l(llshl.o)
    0x0800875c   0x0800875c   0x00000020   Code   RO         6015    .text               mc_w.l(llushr.o)
    0x0800877c   0x0800877c   0x00000024   Code   RO         6017    .text               mc_w.l(llsshr.o)
    0x080087a0   0x080087a0   0x00000000   Code   RO         6026    .text               mc_w.l(iusefp.o)
    0x080087a0   0x080087a0   0x0000006e   Code   RO         6027    .text               mf_w.l(fepilogue.o)
    0x0800880e   0x0800880e   0x000000ba   Code   RO         6029    .text               mf_w.l(depilogue.o)
    0x080088c8   0x080088c8   0x00000024   Code   RO         6037    .text               mc_w.l(init.o)
    0x080088ec   0x080088ec   0x0000002e   Code   RO         6039    .text               mf_w.l(dscalb.o)
    0x0800891a   0x0800891a   0x0000003e   Code   RO         6041    .text               mf_w.l(dfixi.o)
    0x08008958   0x08008958   0x00000056   Code   RO         6051    .text               mc_w.l(__dczerorl2.o)
    0x080089ae   0x080089ae   0x00000028   Code   RO          291    i.Active_Window_WH  lt768.o
    0x080089d6   0x080089d6   0x00000028   Code   RO          292    i.Active_Window_XY  lt768.o
    0x080089fe   0x080089fe   0x00000002   PAD
    0x08008a00   0x08008a00   0x00000150   Code   RO         3937    i.App_Demo_Alpha_Blending  lt768_demo.o
    0x08008b50   0x08008b50   0x00000614   Code   RO         3938    i.App_Demo_BTE      lt768_demo.o
    0x08009164   0x08009164   0x00000228   Code   RO         3939    i.App_Demo_slide_frame_buffer  lt768_demo.o
    0x0800938c   0x0800938c   0x0000007c   Code   RO         3083    i.BTE_Alpha_Blending  lt768_lib.o
    0x08009408   0x08009408   0x00000012   Code   RO          295    i.BTE_Alpha_Blending_Effect  lt768.o
    0x0800941a   0x0800941a   0x0000001e   Code   RO          296    i.BTE_Destination_Color_16bpp  lt768.o
    0x08009438   0x08009438   0x00000016   Code   RO          299    i.BTE_Destination_Image_Width  lt768.o
    0x0800944e   0x0800944e   0x0000002a   Code   RO          300    i.BTE_Destination_Memory_Start_Address  lt768.o
    0x08009478   0x08009478   0x00000028   Code   RO          301    i.BTE_Destination_Window_Start_XY  lt768.o
    0x080094a0   0x080094a0   0x0000001a   Code   RO          303    i.BTE_Enable        lt768.o
    0x080094ba   0x080094ba   0x0000001e   Code   RO          304    i.BTE_Operation_Code  lt768.o
    0x080094d8   0x080094d8   0x00000022   Code   RO          305    i.BTE_ROP_Code      lt768.o
    0x080094fa   0x080094fa   0x0000001e   Code   RO          306    i.BTE_S0_Color_16bpp  lt768.o
    0x08009518   0x08009518   0x0000001e   Code   RO          308    i.BTE_S0_Color_8bpp  lt768.o
    0x08009536   0x08009536   0x00000016   Code   RO          309    i.BTE_S0_Image_Width  lt768.o
    0x0800954c   0x0800954c   0x0000002a   Code   RO          310    i.BTE_S0_Memory_Start_Address  lt768.o
    0x08009576   0x08009576   0x00000028   Code   RO          311    i.BTE_S0_Window_Start_XY  lt768.o
    0x0800959e   0x0800959e   0x00000022   Code   RO          313    i.BTE_S1_Color_16bpp  lt768.o
    0x080095c0   0x080095c0   0x00000016   Code   RO          318    i.BTE_S1_Image_Width  lt768.o
    0x080095d6   0x080095d6   0x0000002a   Code   RO          319    i.BTE_S1_Memory_Start_Address  lt768.o
    0x08009600   0x08009600   0x00000028   Code   RO          320    i.BTE_S1_Window_Start_XY  lt768.o
    0x08009628   0x08009628   0x0000004c   Code   RO         3085    i.BTE_Solid_Fill    lt768_lib.o
    0x08009674   0x08009674   0x00000028   Code   RO          321    i.BTE_Window_Size   lt768.o
    0x0800969c   0x0800969c   0x0000002e   Code   RO          325    i.Background_color_65k  lt768.o
    0x080096ca   0x080096ca   0x00000002   PAD
    0x080096cc   0x080096cc   0x000002d8   Code   RO         3940    i.Backlight_Control  lt768_demo.o
    0x080099a4   0x080099a4   0x00000012   Code   RO          326    i.Blinking_Time_Frames  lt768.o
    0x080099b6   0x080099b6   0x00000002   PAD
    0x080099b8   0x080099b8   0x000000a4   Code   RO         3941    i.Button_ON_OFF     lt768_demo.o
    0x08009a5c   0x08009a5c   0x0000003a   Code   RO          327    i.CGRAM_Start_address  lt768.o
    0x08009a96   0x08009a96   0x0000001e   Code   RO          329    i.CGROM_Select_Internal_CGROM  lt768.o
    0x08009ab4   0x08009ab4   0x000003c4   Code   RO         3881    i.CTP_io_Init       gt911.o
    0x08009e78   0x08009e78   0x0000002a   Code   RO          330    i.Canvas_Image_Start_address  lt768.o
    0x08009ea2   0x08009ea2   0x00000016   Code   RO          331    i.Canvas_image_width  lt768.o
    0x08009eb8   0x08009eb8   0x000001d8   Code   RO         3942    i.Cartoon_Show      lt768_demo.o
    0x0800a090   0x0800a090   0x00000012   Code   RO          332    i.Check_2D_Busy     lt768.o
    0x0800a0a2   0x0800a0a2   0x00000012   Code   RO          333    i.Check_BTE_Busy    lt768.o
    0x0800a0b4   0x0800a0b4   0x00000012   Code   RO          334    i.Check_Busy_Draw   lt768.o
    0x0800a0c6   0x0800a0c6   0x00000018   Code   RO          335    i.Check_Busy_SFI_DMA  lt768.o
    0x0800a0de   0x0800a0de   0x00000012   Code   RO          340    i.Check_Mem_WR_FIFO_not_Full  lt768.o
    0x0800a0f0   0x0800a0f0   0x00000012   Code   RO          344    i.Check_SDRAM_Ready  lt768.o
    0x0800a102   0x0800a102   0x00000038   Code   RO          345    i.Circle_Center_XY  lt768.o
    0x0800a13a   0x0800a13a   0x00000036   Code   RO          346    i.Circle_Radius_R   lt768.o
    0x0800a170   0x0800a170   0x00000038   Code   RO          347    i.Circle_Square_Radius_RxRy  lt768.o
    0x0800a1a8   0x0800a1a8   0x000000f4   Code   RO         3943    i.Clear_Icon        lt768_demo.o
    0x0800a29c   0x0800a29c   0x0000001a   Code   RO          357    i.Clear_Vsync_Interrupt_Flag  lt768.o
    0x0800a2b6   0x0800a2b6   0x00000002   PAD
    0x0800a2b8   0x0800a2b8   0x00000218   Code   RO         3944    i.Controller_Demo   lt768_demo.o
    0x0800a4d0   0x0800a4d0   0x000000cc   Code   RO         3945    i.Copy_AllPicture_To_Display  lt768_demo.o
    0x0800a59c   0x0800a59c   0x00000098   Code   RO         3946    i.Copy_Picture_To_Display  lt768_demo.o
    0x0800a634   0x0800a634   0x0000001a   Code   RO          360    i.DE_High_Active    lt768.o
    0x0800a64e   0x0800a64e   0x00000002   PAD
    0x0800a650   0x0800a650   0x00000110   Code   RO         3947    i.DMA_Demo          lt768_demo.o
    0x0800a760   0x0800a760   0x0000001a   Code   RO          364    i.Disable_Font_Alignment  lt768.o
    0x0800a77a   0x0800a77a   0x0000001a   Code   RO          369    i.Disable_Graphic_Cursor  lt768.o
    0x0800a794   0x0800a794   0x0000001a   Code   RO          372    i.Disable_PIP1      lt768.o
    0x0800a7ae   0x0800a7ae   0x0000001a   Code   RO          373    i.Disable_PIP2      lt768.o
    0x0800a7c8   0x0800a7c8   0x0000001a   Code   RO          381    i.Disable_Text_Cursor  lt768.o
    0x0800a7e2   0x0800a7e2   0x0000001a   Code   RO          382    i.Disable_Text_Cursor_Blinking  lt768.o
    0x0800a7fc   0x0800a7fc   0x00000078   Code   RO         3948    i.Display_Levetop   lt768_demo.o
    0x0800a874   0x0800a874   0x0000001a   Code   RO          387    i.Display_ON        lt768.o
    0x0800a88e   0x0800a88e   0x00000002   PAD
    0x0800a890   0x0800a890   0x000002cc   Code   RO         3949    i.Draw_Circle_Ellipse  lt768_demo.o
    0x0800ab5c   0x0800ab5c   0x000003f8   Code   RO         3950    i.Draw_Line_Curve   lt768_demo.o
    0x0800af54   0x0800af54   0x00000828   Code   RO         3952    i.Draw_Pillar_Demo  lt768_demo.o
    0x0800b77c   0x0800b77c   0x000004fa   Code   RO         3953    i.Draw_Polygon      lt768_demo.o
    0x0800bc76   0x0800bc76   0x00000002   PAD
    0x0800bc78   0x0800bc78   0x000003a0   Code   RO         3954    i.Draw_Rectangle    lt768_demo.o
    0x0800c018   0x0800c018   0x00000540   Code   RO         3955    i.Draw_Table        lt768_demo.o
    0x0800c558   0x0800c558   0x0000004c   Code   RO         3957    i.Drawing_SineWaveDate  lt768_demo.o
    0x0800c5a4   0x0800c5a4   0x0000004c   Code   RO         3958    i.Drawing_TriangleWave  lt768_demo.o
    0x0800c5f0   0x0800c5f0   0x00000020   Code   RO         3882    i.EXTI9_5_IRQHandler  gt911.o
    0x0800c610   0x0800c610   0x0000000c   Code   RO         5596    i.EXTI_ClearITPendingBit  stm32f10x_exti.o
    0x0800c61c   0x0800c61c   0x00000028   Code   RO         5600    i.EXTI_GetITStatus  stm32f10x_exti.o
    0x0800c644   0x0800c644   0x00000094   Code   RO         5601    i.EXTI_Init         stm32f10x_exti.o
    0x0800c6d8   0x0800c6d8   0x00000038   Code   RO          390    i.Ellipse_Center_XY  lt768.o
    0x0800c710   0x0800c710   0x00000038   Code   RO          391    i.Ellipse_Radius_RxRy  lt768.o
    0x0800c748   0x0800c748   0x0000001a   Code   RO          396    i.Enable_Font_Alignment  lt768.o
    0x0800c762   0x0800c762   0x0000001a   Code   RO          401    i.Enable_Graphic_Cursor  lt768.o
    0x0800c77c   0x0800c77c   0x0000001a   Code   RO          406    i.Enable_PIP1       lt768.o
    0x0800c796   0x0800c796   0x0000001a   Code   RO          407    i.Enable_PIP2       lt768.o
    0x0800c7b0   0x0800c7b0   0x0000001a   Code   RO          418    i.Enable_SFlash_SPI  lt768.o
    0x0800c7ca   0x0800c7ca   0x0000001a   Code   RO          419    i.Enable_Text_Cursor  lt768.o
    0x0800c7e4   0x0800c7e4   0x0000001a   Code   RO          420    i.Enable_Text_Cursor_Blinking  lt768.o
    0x0800c7fe   0x0800c7fe   0x0000001a   Code   RO          421    i.Enable_Vsync_Interrupt  lt768.o
    0x0800c818   0x0800c818   0x00000074   Code   RO         3959    i.Flash_To_Sdram    lt768_demo.o
    0x0800c88c   0x0800c88c   0x0000001a   Code   RO          431    i.Font_0_degree     lt768.o
    0x0800c8a6   0x0800c8a6   0x0000001a   Code   RO          433    i.Font_Background_select_Color  lt768.o
    0x0800c8c0   0x0800c8c0   0x0000001a   Code   RO          434    i.Font_Background_select_Transparency  lt768.o
    0x0800c8da   0x0800c8da   0x0000001e   Code   RO          435    i.Font_Height_X1    lt768.o
    0x0800c8f8   0x0800c8f8   0x0000001e   Code   RO          436    i.Font_Height_X2    lt768.o
    0x0800c916   0x0800c916   0x0000001e   Code   RO          437    i.Font_Height_X3    lt768.o
    0x0800c934   0x0800c934   0x0000001e   Code   RO          438    i.Font_Height_X4    lt768.o
    0x0800c952   0x0800c952   0x0000001e   Code   RO          440    i.Font_Select_12x24_24x24  lt768.o
    0x0800c970   0x0800c970   0x0000001e   Code   RO          441    i.Font_Select_16x32_32x32  lt768.o
    0x0800c98e   0x0800c98e   0x0000001e   Code   RO          442    i.Font_Select_8x16_16x16  lt768.o
    0x0800c9ac   0x0800c9ac   0x0000001e   Code   RO          443    i.Font_Select_UserDefine_Mode  lt768.o
    0x0800c9ca   0x0800c9ca   0x0000001e   Code   RO          444    i.Font_Width_X1     lt768.o
    0x0800c9e8   0x0800c9e8   0x0000001e   Code   RO          445    i.Font_Width_X2     lt768.o
    0x0800ca06   0x0800ca06   0x0000001e   Code   RO          446    i.Font_Width_X3     lt768.o
    0x0800ca24   0x0800ca24   0x0000001e   Code   RO          447    i.Font_Width_X4     lt768.o
    0x0800ca42   0x0800ca42   0x0000002e   Code   RO          451    i.Foreground_color_65k  lt768.o
    0x0800ca70   0x0800ca70   0x00000040   Code   RO         4528    i.GPIO_EXTILineConfig  stm32f10x_gpio.o
    0x0800cab0   0x0800cab0   0x00000116   Code   RO         4531    i.GPIO_Init         stm32f10x_gpio.o
    0x0800cbc6   0x0800cbc6   0x00000012   Code   RO         4535    i.GPIO_ReadInputDataBit  stm32f10x_gpio.o
    0x0800cbd8   0x0800cbd8   0x00000012   Code   RO         4537    i.GPIO_ReadOutputDataBit  stm32f10x_gpio.o
    0x0800cbea   0x0800cbea   0x00000004   Code   RO         4538    i.GPIO_ResetBits    stm32f10x_gpio.o
    0x0800cbee   0x0800cbee   0x00000004   Code   RO         4539    i.GPIO_SetBits      stm32f10x_gpio.o
    0x0800cbf2   0x0800cbf2   0x00000002   PAD
    0x0800cbf4   0x0800cbf4   0x000005e0   Code   RO         3960    i.GUI_Init          lt768_demo.o
    0x0800d1d4   0x0800d1d4   0x00000028   Code   RO          461    i.Goto_Pixel_XY     lt768.o
    0x0800d1fc   0x0800d1fc   0x00000028   Code   RO          462    i.Goto_Text_XY      lt768.o
    0x0800d224   0x0800d224   0x00000028   Code   RO          463    i.Graphic_Cursor_XY  lt768.o
    0x0800d24c   0x0800d24c   0x0000001a   Code   RO          464    i.Graphic_Mode      lt768.o
    0x0800d266   0x0800d266   0x0000001a   Code   RO          468    i.HSYNC_Low_Active  lt768.o
    0x0800d280   0x0800d280   0x0000001a   Code   RO          469    i.Host_Bus_16bit    lt768.o
    0x0800d29a   0x0800d29a   0x00000004   Code   RO          189    i.INTX_ENABLE       sys.o
    0x0800d29e   0x0800d29e   0x00000002   PAD
    0x0800d2a0   0x0800d2a0   0x00000388   Code   RO         3961    i.Judge_Pos         lt768_demo.o
    0x0800d628   0x0800d628   0x0000000c   Code   RO         2992    i.LCD_CmdWrite      if_port.o
    0x0800d634   0x0800d634   0x0000000e   Code   RO         2993    i.LCD_DataRead      if_port.o
    0x0800d642   0x0800d642   0x0000000c   Code   RO         2994    i.LCD_DataWrite     if_port.o
    0x0800d64e   0x0800d64e   0x00000032   Code   RO          491    i.LCD_HSYNC_Pulse_Width  lt768.o
    0x0800d680   0x0800d680   0x00000032   Code   RO          492    i.LCD_HSYNC_Start_Position  lt768.o
    0x0800d6b2   0x0800d6b2   0x000000a0   Code   RO          493    i.LCD_HorizontalWidth_VerticalHeight  lt768.o
    0x0800d752   0x0800d752   0x0000005a   Code   RO          494    i.LCD_Horizontal_Non_Display  lt768.o
    0x0800d7ac   0x0800d7ac   0x00000014   Code   RO          496    i.LCD_RegisterWrite  lt768.o
    0x0800d7c0   0x0800d7c0   0x0000000e   Code   RO         2996    i.LCD_StatusRead    if_port.o
    0x0800d7ce   0x0800d7ce   0x00000016   Code   RO          497    i.LCD_VSYNC_Pulse_Width  lt768.o
    0x0800d7e4   0x0800d7e4   0x00000016   Code   RO          498    i.LCD_VSYNC_Start_Position  lt768.o
    0x0800d7fa   0x0800d7fa   0x00000022   Code   RO          499    i.LCD_Vertical_Non_Display  lt768.o
    0x0800d81c   0x0800d81c   0x00000082   Code   RO         3090    i.LT768_BTE_Memory_Copy  lt768_lib.o
    0x0800d89e   0x0800d89e   0x00000078   Code   RO         3093    i.LT768_BTE_Memory_Copy_ColorExpansion_8  lt768_lib.o
    0x0800d916   0x0800d916   0x00000070   Code   RO         3094    i.LT768_BTE_Memory_Copy_ColorExpansion_Chroma_key_8  lt768_lib.o
    0x0800d986   0x0800d986   0x00000060   Code   RO         3099    i.LT768_DMA_24bit_Block  lt768_lib.o
    0x0800d9e6   0x0800d9e6   0x00000056   Code   RO         3100    i.LT768_DMA_24bit_Linear  lt768_lib.o
    0x0800da3c   0x0800da3c   0x00000008   Code   RO         3103    i.LT768_Disable_Graphic_Cursor  lt768_lib.o
    0x0800da44   0x0800da44   0x00000008   Code   RO         3104    i.LT768_Disable_Text_Cursor  lt768_lib.o
    0x0800da4c   0x0800da4c   0x0000002c   Code   RO         3105    i.LT768_DrawCircle  lt768_lib.o
    0x0800da78   0x0800da78   0x00000040   Code   RO         3106    i.LT768_DrawCircleSquare  lt768_lib.o
    0x0800dab8   0x0800dab8   0x00000040   Code   RO         3107    i.LT768_DrawCircleSquare_Fill  lt768_lib.o
    0x0800daf8   0x0800daf8   0x0000002c   Code   RO         3109    i.LT768_DrawCircle_Fill  lt768_lib.o
    0x0800db24   0x0800db24   0x000000a6   Code   RO         3111    i.LT768_DrawCylinder  lt768_lib.o
    0x0800dbca   0x0800dbca   0x00000034   Code   RO         3112    i.LT768_DrawEllipse  lt768_lib.o
    0x0800dbfe   0x0800dbfe   0x00000034   Code   RO         3113    i.LT768_DrawEllipse_Fill  lt768_lib.o
    0x0800dc32   0x0800dc32   0x00000036   Code   RO         3115    i.LT768_DrawLeftDownCurve  lt768_lib.o
    0x0800dc68   0x0800dc68   0x00000034   Code   RO         3116    i.LT768_DrawLeftDownCurve_Fill  lt768_lib.o
    0x0800dc9c   0x0800dc9c   0x00000034   Code   RO         3117    i.LT768_DrawLeftUpCurve  lt768_lib.o
    0x0800dcd0   0x0800dcd0   0x00000034   Code   RO         3118    i.LT768_DrawLeftUpCurve_Fill  lt768_lib.o
    0x0800dd04   0x0800dd04   0x00000034   Code   RO         3119    i.LT768_DrawLine    lt768_lib.o
    0x0800dd38   0x0800dd38   0x00000028   Code   RO         3962    i.LT768_DrawLine1   lt768_demo.o
    0x0800dd60   0x0800dd60   0x000000d8   Code   RO         3120    i.LT768_DrawLine_Width  lt768_lib.o
    0x0800de38   0x0800de38   0x0000005c   Code   RO         3121    i.LT768_DrawPentagon  lt768_lib.o
    0x0800de94   0x0800de94   0x0000005c   Code   RO         3122    i.LT768_DrawPentagon_Fill  lt768_lib.o
    0x0800def0   0x0800def0   0x00000082   Code   RO         3123    i.LT768_DrawQuadrangular  lt768_lib.o
    0x0800df72   0x0800df72   0x00000058   Code   RO         3124    i.LT768_DrawQuadrilateral  lt768_lib.o
    0x0800dfca   0x0800dfca   0x00000058   Code   RO         3125    i.LT768_DrawQuadrilateral_Fill  lt768_lib.o
    0x0800e022   0x0800e022   0x00000034   Code   RO         3126    i.LT768_DrawRightDownCurve  lt768_lib.o
    0x0800e056   0x0800e056   0x00000034   Code   RO         3127    i.LT768_DrawRightDownCurve_Fill  lt768_lib.o
    0x0800e08a   0x0800e08a   0x00000034   Code   RO         3128    i.LT768_DrawRightUpCurve  lt768_lib.o
    0x0800e0be   0x0800e0be   0x00000034   Code   RO         3129    i.LT768_DrawRightUpCurve_Fill  lt768_lib.o
    0x0800e0f2   0x0800e0f2   0x00000034   Code   RO         3130    i.LT768_DrawSquare  lt768_lib.o
    0x0800e126   0x0800e126   0x00000034   Code   RO         3131    i.LT768_DrawSquare_Fill  lt768_lib.o
    0x0800e15a   0x0800e15a   0x0000004e   Code   RO         3132    i.LT768_DrawSquare_Width  lt768_lib.o
    0x0800e1a8   0x0800e1a8   0x00000040   Code   RO         3133    i.LT768_DrawTriangle  lt768_lib.o
    0x0800e1e8   0x0800e1e8   0x00000040   Code   RO         3134    i.LT768_DrawTriangle_Fill  lt768_lib.o
    0x0800e228   0x0800e228   0x0000007e   Code   RO         3139    i.LT768_Graphic_cursor_Init  lt768_lib.o
    0x0800e2a6   0x0800e2a6   0x00000002   PAD
    0x0800e2a8   0x0800e2a8   0x00000048   Code   RO         3140    i.LT768_HW_Reset    lt768_lib.o
    0x0800e2f0   0x0800e2f0   0x0000001e   Code   RO          501    i.LT768_I2CM_Bus_Busy  lt768.o
    0x0800e30e   0x0800e30e   0x0000001e   Code   RO          502    i.LT768_I2CM_Check_Slave_ACK  lt768.o
    0x0800e32c   0x0800e32c   0x0000001e   Code   RO          503    i.LT768_I2CM_Clock_Prescale  lt768.o
    0x0800e34a   0x0800e34a   0x0000001a   Code   RO          505    i.LT768_I2CM_Enable  lt768.o
    0x0800e364   0x0800e364   0x00000010   Code   RO          506    i.LT768_I2CM_Read_With_Ack  lt768.o
    0x0800e374   0x0800e374   0x00000010   Code   RO          507    i.LT768_I2CM_Read_With_Nack  lt768.o
    0x0800e384   0x0800e384   0x00000012   Code   RO          508    i.LT768_I2CM_Receiver_Data  lt768.o
    0x0800e396   0x0800e396   0x00000010   Code   RO          509    i.LT768_I2CM_Stop   lt768.o
    0x0800e3a6   0x0800e3a6   0x00000012   Code   RO          510    i.LT768_I2CM_Transmit_Data  lt768.o
    0x0800e3b8   0x0800e3b8   0x00000010   Code   RO          511    i.LT768_I2CM_Write  lt768.o
    0x0800e3c8   0x0800e3c8   0x00000010   Code   RO          512    i.LT768_I2CM_Write_With_Start  lt768.o
    0x0800e3d8   0x0800e3d8   0x0000001e   Code   RO          513    i.LT768_I2CM_transmit_Progress  lt768.o
    0x0800e3f6   0x0800e3f6   0x0000002a   Code   RO         3141    i.LT768_Init        lt768_lib.o
    0x0800e420   0x0800e420   0x000000c2   Code   RO         3142    i.LT768_MakeTable   lt768_lib.o
    0x0800e4e2   0x0800e4e2   0x0000007c   Code   RO         3145    i.LT768_PIP_Init    lt768_lib.o
    0x0800e55e   0x0800e55e   0x00000002   PAD
    0x0800e560   0x0800e560   0x00000134   Code   RO         3146    i.LT768_PLL_Initial  lt768_lib.o
    0x0800e694   0x0800e694   0x00000056   Code   RO         3150    i.LT768_PWM1_Init   lt768_lib.o
    0x0800e6ea   0x0800e6ea   0x00000036   Code   RO         3151    i.LT768_Print_Internal_Font_String  lt768_lib.o
    0x0800e720   0x0800e720   0x000001cc   Code   RO         3153    i.LT768_Print_Outside_Font_GB2312_48_72  lt768_lib.o
    0x0800e8ec   0x0800e8ec   0x000000a6   Code   RO         3156    i.LT768_Print_Outside_Font_String  lt768_lib.o
    0x0800e992   0x0800e992   0x0000004e   Code   RO         3157    i.LT768_SDRAM_initail  lt768_lib.o
    0x0800e9e0   0x0800e9e0   0x00000072   Code   RO         3159    i.LT768_SelectDrawCurve  lt768_lib.o
    0x0800ea52   0x0800ea52   0x00000072   Code   RO         3160    i.LT768_SelectDrawCurve_Fill  lt768_lib.o
    0x0800eac4   0x0800eac4   0x0000008e   Code   RO         3161    i.LT768_Select_Internal_Font_Init  lt768_lib.o
    0x0800eb52   0x0800eb52   0x000000b0   Code   RO         3162    i.LT768_Select_Outside_Font_Init  lt768_lib.o
    0x0800ec02   0x0800ec02   0x0000004e   Code   RO         3163    i.LT768_Set_DisWindowPos  lt768_lib.o
    0x0800ec50   0x0800ec50   0x00000040   Code   RO         3164    i.LT768_Set_Graphic_cursor_Pos  lt768_lib.o
    0x0800ec90   0x0800ec90   0x00000030   Code   RO         3168    i.LT768_Text_cursor_Init  lt768_lib.o
    0x0800ecc0   0x0800ecc0   0x00000018   Code   RO         3172    i.LT768_initial     lt768_lib.o
    0x0800ecd8   0x0800ecd8   0x000001cc   Code   RO         3883    i.LT_I2C_Read_NByte  gt911.o
    0x0800eea4   0x0800eea4   0x00000038   Code   RO          519    i.Line_End_XY       lt768.o
    0x0800eedc   0x0800eedc   0x00000038   Code   RO          520    i.Line_Start_XY     lt768.o
    0x0800ef14   0x0800ef14   0x000000dc   Code   RO         3963    i.Load_SineWaveDate  lt768_demo.o
    0x0800eff0   0x0800eff0   0x00000040   Code   RO         3964    i.Load_TriangleWaveDate  lt768_demo.o
    0x0800f030   0x0800f030   0x000006ec   Code   RO         3965    i.Main_GUI          lt768_demo.o
    0x0800f71c   0x0800f71c   0x0000002a   Code   RO          523    i.Main_Image_Start_Address  lt768.o
    0x0800f746   0x0800f746   0x00000016   Code   RO          524    i.Main_Image_Width  lt768.o
    0x0800f75c   0x0800f75c   0x00000028   Code   RO          525    i.Main_Window_Start_XY  lt768.o
    0x0800f784   0x0800f784   0x0000001e   Code   RO          540    i.MemWrite_Left_Right_Top_Down  lt768.o
    0x0800f7a2   0x0800f7a2   0x0000001e   Code   RO          543    i.Memory_16bpp_Mode  lt768.o
    0x0800f7c0   0x0800f7c0   0x0000001e   Code   RO          545    i.Memory_8bpp_Mode  lt768.o
    0x0800f7de   0x0800f7de   0x0000001a   Code   RO          546    i.Memory_Linear_Mode  lt768.o
    0x0800f7f8   0x0800f7f8   0x0000001e   Code   RO          548    i.Memory_Select_Graphic_Cursor_RAM  lt768.o
    0x0800f816   0x0800f816   0x0000001e   Code   RO          549    i.Memory_Select_SDRAM  lt768.o
    0x0800f834   0x0800f834   0x0000001a   Code   RO          550    i.Memory_XY_Mode    lt768.o
    0x0800f84e   0x0800f84e   0x00000002   PAD
    0x0800f850   0x0800f850   0x000000f4   Code   RO         3966    i.Move_WaveDate     lt768_demo.o
    0x0800f944   0x0800f944   0x00000070   Code   RO         4369    i.NVIC_Init         misc.o
    0x0800f9b4   0x0800f9b4   0x00000014   Code   RO         4370    i.NVIC_PriorityGroupConfig  misc.o
    0x0800f9c8   0x0800f9c8   0x00000014   Code   RO         4371    i.NVIC_SetVectorTable  misc.o
    0x0800f9dc   0x0800f9dc   0x00000514   Code   RO         3967    i.Outside_Font      lt768_demo.o
    0x0800fef0   0x0800fef0   0x0000001a   Code   RO          556    i.PCLK_Falling      lt768.o
    0x0800ff0a   0x0800ff0a   0x0000001a   Code   RO          564    i.PDATA_Set_RGB     lt768.o
    0x0800ff24   0x0800ff24   0x0000068c   Code   RO         3968    i.PIP_Demo          lt768_demo.o
    0x080105b0   0x080105b0   0x00000028   Code   RO          565    i.PIP_Display_Start_XY  lt768.o
    0x080105d8   0x080105d8   0x0000002a   Code   RO          566    i.PIP_Image_Start_Address  lt768.o
    0x08010602   0x08010602   0x00000016   Code   RO          567    i.PIP_Image_Width   lt768.o
    0x08010618   0x08010618   0x00000028   Code   RO          568    i.PIP_Window_Image_Start_XY  lt768.o
    0x08010640   0x08010640   0x00000028   Code   RO          569    i.PIP_Window_Width_Height  lt768.o
    0x08010668   0x08010668   0x00000008   Code   RO         2997    i.Parallel_Init     if_port.o
    0x08010670   0x08010670   0x0000015c   Code   RO         3969    i.Pointer1_Turn     lt768_demo.o
    0x080107cc   0x080107cc   0x000000a4   Code   RO         3970    i.Pointer2_Turn     lt768_demo.o
    0x08010870   0x08010870   0x000000a8   Code   RO         3971    i.Pointer3_Turn     lt768_demo.o
    0x08010918   0x08010918   0x000000a8   Code   RO         3972    i.Pointer4_Turn     lt768_demo.o
    0x080109c0   0x080109c0   0x00000110   Code   RO         3973    i.Pointer_Show      lt768_demo.o
    0x08010ad0   0x08010ad0   0x00000020   Code   RO         4641    i.RCC_APB1PeriphClockCmd  stm32f10x_rcc.o
    0x08010af0   0x08010af0   0x00000020   Code   RO         4643    i.RCC_APB2PeriphClockCmd  stm32f10x_rcc.o
    0x08010b10   0x08010b10   0x000000d4   Code   RO         4651    i.RCC_GetClocksFreq  stm32f10x_rcc.o
    0x08010be4   0x08010be4   0x0000001e   Code   RO          577    i.RGB_16b_16bpp     lt768.o
    0x08010c02   0x08010c02   0x00000012   Code   RO          584    i.Read_GPIO_A_7_0   lt768.o
    0x08010c14   0x08010c14   0x00000012   Code   RO          590    i.Read_Interrupt_status  lt768.o
    0x08010c26   0x08010c26   0x0000003a   Code   RO          601    i.SFI_DMA_Destination_Start_Address  lt768.o
    0x08010c60   0x08010c60   0x00000038   Code   RO          602    i.SFI_DMA_Destination_Upper_Left_Corner  lt768.o
    0x08010c98   0x08010c98   0x0000003a   Code   RO          603    i.SFI_DMA_Source_Start_Address  lt768.o
    0x08010cd2   0x08010cd2   0x0000001e   Code   RO          604    i.SFI_DMA_Source_Width  lt768.o
    0x08010cf0   0x08010cf0   0x0000003a   Code   RO          605    i.SFI_DMA_Transfer_Number  lt768.o
    0x08010d2a   0x08010d2a   0x00000038   Code   RO          606    i.SFI_DMA_Transfer_Width_Height  lt768.o
    0x08010d62   0x08010d62   0x00000002   PAD
    0x08010d64   0x08010d64   0x000000b4   Code   RO         2998    i.SPI2_Init_8       if_port.o
    0x08010e18   0x08010e18   0x00000054   Code   RO         2999    i.SPI2_ReadWriteByte  if_port.o
    0x08010e6c   0x08010e6c   0x00000012   Code   RO          607    i.SPI_Clock_Period  lt768.o
    0x08010e7e   0x08010e7e   0x00000018   Code   RO         4844    i.SPI_Cmd           stm32f10x_spi.o
    0x08010e96   0x08010e96   0x00000002   PAD
    0x08010e98   0x08010e98   0x00000030   Code   RO         3000    i.SPI_CmdWrite_8    if_port.o
    0x08010ec8   0x08010ec8   0x00000034   Code   RO         3001    i.SPI_DataRead_8    if_port.o
    0x08010efc   0x08010efc   0x00000030   Code   RO         3002    i.SPI_DataWrite_8   if_port.o
    0x08010f2c   0x08010f2c   0x0000003c   Code   RO         4857    i.SPI_Init          stm32f10x_spi.o
    0x08010f68   0x08010f68   0x00000034   Code   RO         3004    i.SPI_StatusRead_8  if_port.o
    0x08010f9c   0x08010f9c   0x0000005c   Code   RO          249    i.Scan_Key          key.o
    0x08010ff8   0x08010ff8   0x00000030   Code   RO          250    i.Scan_Key_delay    key.o
    0x08011028   0x08011028   0x00000044   Code   RO         3974    i.Scan_Screen_Delay_1ms  lt768_demo.o
    0x0801106c   0x0801106c   0x0000001c   Code   RO         3975    i.Screen_delay_Count  lt768_demo.o
    0x08011088   0x08011088   0x000007f8   Code   RO         3976    i.Select_Function   lt768_demo.o
    0x08011880   0x08011880   0x0000001e   Code   RO          610    i.Select_Graphic_Cursor_1  lt768.o
    0x0801189e   0x0801189e   0x0000001e   Code   RO          611    i.Select_Graphic_Cursor_2  lt768.o
    0x080118bc   0x080118bc   0x0000001e   Code   RO          612    i.Select_Graphic_Cursor_3  lt768.o
    0x080118da   0x080118da   0x0000001e   Code   RO          613    i.Select_Graphic_Cursor_4  lt768.o
    0x080118f8   0x080118f8   0x0000001e   Code   RO          614    i.Select_Main_Window_16bpp  lt768.o
    0x08011916   0x08011916   0x0000001a   Code   RO          617    i.Select_PIP1_Parameter  lt768.o
    0x08011930   0x08011930   0x0000001e   Code   RO          618    i.Select_PIP1_Window_16bpp  lt768.o
    0x0801194e   0x0801194e   0x0000001a   Code   RO          621    i.Select_PIP2_Parameter  lt768.o
    0x08011968   0x08011968   0x0000001e   Code   RO          632    i.Select_PWM1       lt768.o
    0x08011986   0x08011986   0x0000001e   Code   RO          633    i.Select_PWM1_Clock_Divided_By_1  lt768.o
    0x080119a4   0x080119a4   0x0000001e   Code   RO          634    i.Select_PWM1_Clock_Divided_By_2  lt768.o
    0x080119c2   0x080119c2   0x0000001e   Code   RO          635    i.Select_PWM1_Clock_Divided_By_4  lt768.o
    0x080119e0   0x080119e0   0x0000001e   Code   RO          636    i.Select_PWM1_Clock_Divided_By_8  lt768.o
    0x080119fe   0x080119fe   0x0000001a   Code   RO          640    i.Select_SFI_0      lt768.o
    0x08011a18   0x08011a18   0x0000001a   Code   RO          642    i.Select_SFI_1      lt768.o
    0x08011a32   0x08011a32   0x0000001a   Code   RO          648    i.Select_SFI_DMA_Mode  lt768.o
    0x08011a4c   0x08011a4c   0x0000001e   Code   RO          649    i.Select_SFI_Dual_Mode0  lt768.o
    0x08011a6a   0x08011a6a   0x00000008   Code   RO         4314    i.SetSysClock       system_stm32f10x.o
    0x08011a72   0x08011a72   0x00000002   PAD
    0x08011a74   0x08011a74   0x000000e0   Code   RO         4315    i.SetSysClockTo72   system_stm32f10x.o
    0x08011b54   0x08011b54   0x00000012   Code   RO          661    i.Set_GPIO_A_In_Out  lt768.o
    0x08011b66   0x08011b66   0x0000000e   Code   RO          667    i.Set_Graphic_Cursor_Color_1  lt768.o
    0x08011b74   0x08011b74   0x0000000e   Code   RO          668    i.Set_Graphic_Cursor_Color_2  lt768.o
    0x08011b82   0x08011b82   0x00000070   Code   RO         3184    i.Set_LCD_Panel     lt768_lib.o
    0x08011bf2   0x08011bf2   0x00000016   Code   RO          669    i.Set_PWM_Prescaler_1_to_256  lt768.o
    0x08011c08   0x08011c08   0x0000001e   Code   RO          673    i.Set_Timer1_Compare_Buffer  lt768.o
    0x08011c26   0x08011c26   0x0000001e   Code   RO          674    i.Set_Timer1_Count_Buffer  lt768.o
    0x08011c44   0x08011c44   0x000000a8   Code   RO         3977    i.Show_Gears        lt768_demo.o
    0x08011cec   0x08011cec   0x0000010e   Code   RO         3978    i.Show_Icon         lt768_demo.o
    0x08011dfa   0x08011dfa   0x00000002   PAD
    0x08011dfc   0x08011dfc   0x000001b4   Code   RO         3979    i.Show_Panel        lt768_demo.o
    0x08011fb0   0x08011fb0   0x000000c4   Code   RO         3980    i.Show_Pointer1_Turn  lt768_demo.o
    0x08012074   0x08012074   0x000000c4   Code   RO         3981    i.Show_Pointer2_Turn  lt768_demo.o
    0x08012138   0x08012138   0x0000005c   Code   RO         3982    i.Show_Pointer3_Turn  lt768_demo.o
    0x08012194   0x08012194   0x0000005c   Code   RO         3983    i.Show_Pointer4_Turn  lt768_demo.o
    0x080121f0   0x080121f0   0x00000066   Code   RO         3984    i.Show_Progress1    lt768_demo.o
    0x08012256   0x08012256   0x00000066   Code   RO         3985    i.Show_Progress2    lt768_demo.o
    0x080122bc   0x080122bc   0x0000002c   Code   RO          675    i.Show_String       lt768.o
    0x080122e8   0x080122e8   0x00000076   Code   RO         3986    i.Show_Temperature  lt768_demo.o
    0x0801235e   0x0801235e   0x00000002   PAD
    0x08012360   0x08012360   0x00000144   Code   RO         3987    i.Show_Text         lt768_demo.o
    0x080124a4   0x080124a4   0x000000b8   Code   RO         3988    i.Show_Total        lt768_demo.o
    0x0801255c   0x0801255c   0x00000090   Code   RO         3989    i.Show_temperature  lt768_demo.o
    0x080125ec   0x080125ec   0x00000038   Code   RO          676    i.Square_End_XY     lt768.o
    0x08012624   0x08012624   0x00000038   Code   RO          677    i.Square_Start_XY   lt768.o
    0x0801265c   0x0801265c   0x00000074   Code   RO         3990    i.StartUp_picture   lt768_demo.o
    0x080126d0   0x080126d0   0x00000014   Code   RO          678    i.Start_Circle_Square  lt768.o
    0x080126e4   0x080126e4   0x00000014   Code   RO          679    i.Start_Circle_Square_Fill  lt768.o
    0x080126f8   0x080126f8   0x00000014   Code   RO          680    i.Start_Circle_or_Ellipse  lt768.o
    0x0801270c   0x0801270c   0x00000014   Code   RO          681    i.Start_Circle_or_Ellipse_Fill  lt768.o
    0x08012720   0x08012720   0x00000014   Code   RO          682    i.Start_Left_Down_Curve  lt768.o
    0x08012734   0x08012734   0x00000014   Code   RO          683    i.Start_Left_Down_Curve_Fill  lt768.o
    0x08012748   0x08012748   0x00000014   Code   RO          684    i.Start_Left_Up_Curve  lt768.o
    0x0801275c   0x0801275c   0x00000014   Code   RO          685    i.Start_Left_Up_Curve_Fill  lt768.o
    0x08012770   0x08012770   0x00000014   Code   RO          686    i.Start_Line        lt768.o
    0x08012784   0x08012784   0x0000001a   Code   RO          688    i.Start_PWM1        lt768.o
    0x0801279e   0x0801279e   0x00000014   Code   RO          689    i.Start_Right_Down_Curve  lt768.o
    0x080127b2   0x080127b2   0x00000014   Code   RO          690    i.Start_Right_Down_Curve_Fill  lt768.o
    0x080127c6   0x080127c6   0x00000014   Code   RO          691    i.Start_Right_Up_Curve  lt768.o
    0x080127da   0x080127da   0x00000014   Code   RO          692    i.Start_Right_Up_Curve_Fill  lt768.o
    0x080127ee   0x080127ee   0x0000001a   Code   RO          693    i.Start_SFI_DMA     lt768.o
    0x08012808   0x08012808   0x00000014   Code   RO          694    i.Start_Square      lt768.o
    0x0801281c   0x0801281c   0x00000014   Code   RO          695    i.Start_Square_Fill  lt768.o
    0x08012830   0x08012830   0x00000014   Code   RO          696    i.Start_Triangle    lt768.o
    0x08012844   0x08012844   0x00000014   Code   RO          697    i.Start_Triangle_Fill  lt768.o
    0x08012858   0x08012858   0x0000001a   Code   RO          699    i.Stop_PWM1         lt768.o
    0x08012872   0x08012872   0x00000028   Code   RO         4373    i.SysTick_CLKSourceConfig  misc.o
    0x0801289a   0x0801289a   0x00000002   PAD
    0x0801289c   0x0801289c   0x00000060   Code   RO         4317    i.SystemInit        system_stm32f10x.o
    0x080128fc   0x080128fc   0x0000009c   Code   RO         3185    i.System_Check_Temp  lt768_lib.o
    0x08012998   0x08012998   0x000006d8   Code   RO         3991    i.TEST_DoubleTriangle  lt768_demo.o
    0x08013070   0x08013070   0x0000001e   Code   RO          700    i.TFT_16bit         lt768.o
    0x0801308e   0x0801308e   0x00000002   PAD
    0x08013090   0x08013090   0x0000020c   Code   RO         3885    i.TP_read_XY        gt911.o
    0x0801329c   0x0801329c   0x00000020   Code   RO          704    i.Text_Cursor_H_V   lt768.o
    0x080132bc   0x080132bc   0x000006fc   Code   RO         3992    i.Text_Demo         lt768_demo.o
    0x080139b8   0x080139b8   0x0000001a   Code   RO          705    i.Text_Mode         lt768.o
    0x080139d2   0x080139d2   0x00000038   Code   RO          706    i.Triangle_Point1_XY  lt768.o
    0x08013a0a   0x08013a0a   0x00000038   Code   RO          707    i.Triangle_Point2_XY  lt768.o
    0x08013a42   0x08013a42   0x00000038   Code   RO          708    i.Triangle_Point3_XY  lt768.o
    0x08013a7a   0x08013a7a   0x00000018   Code   RO         4987    i.USART_Cmd         stm32f10x_usart.o
    0x08013a92   0x08013a92   0x00000002   PAD
    0x08013a94   0x08013a94   0x000000d8   Code   RO         4994    i.USART_Init        stm32f10x_usart.o
    0x08013b6c   0x08013b6c   0x0000001a   Code   RO          712    i.VSCAN_T_to_B      lt768.o
    0x08013b86   0x08013b86   0x0000001a   Code   RO          714    i.VSYNC_Low_Active  lt768.o
    0x08013ba0   0x08013ba0   0x0000002c   Code   RO         3993    i.Waiting_ClickScreen  lt768_demo.o
    0x08013bcc   0x08013bcc   0x00000500   Code   RO         3994    i.Waveform_Demo     lt768_demo.o
    0x080140cc   0x080140cc   0x00000012   Code   RO          715    i.Write_GPIO_A_7_0  lt768.o
    0x080140de   0x080140de   0x00000002   PAD
    0x080140e0   0x080140e0   0x00000020   Code   RO         5881    i.__0printf$8       mc_w.l(printf8.o)
    0x08014100   0x08014100   0x00000028   Code   RO         5883    i.__0sprintf$8      mc_w.l(printf8.o)
    0x08014128   0x08014128   0x00000028   Code   RO         6033    i.__ARM_fpclassify  m_ws.l(fpclassify.o)
    0x08014150   0x08014150   0x00000388   Code   RO         5982    i.__ieee754_rem_pio2  m_ws.l(rred.o)
    0x080144d8   0x080144d8   0x000000fc   Code   RO         5965    i.__kernel_cos      m_ws.l(cos_i.o)
    0x080145d4   0x080145d4   0x000000aa   Code   RO         6035    i.__kernel_poly     m_ws.l(poly.o)
    0x0801467e   0x0801467e   0x00000002   PAD
    0x08014680   0x08014680   0x000000ec   Code   RO         5987    i.__kernel_sin      m_ws.l(sin_i.o)
    0x0801476c   0x0801476c   0x00000006   Code   RO         5969    i.__mathlib_dbl_infnan  m_ws.l(dunder.o)
    0x08014772   0x08014772   0x0000000c   Code   RO         5971    i.__mathlib_dbl_invalid  m_ws.l(dunder.o)
    0x0801477e   0x0801477e   0x00000002   PAD
    0x08014780   0x08014780   0x00000010   Code   RO         5974    i.__mathlib_dbl_underflow  m_ws.l(dunder.o)
    0x08014790   0x08014790   0x0000000e   Code   RO         6045    i.__scatterload_copy  mc_w.l(handlers.o)
    0x0801479e   0x0801479e   0x00000002   Code   RO         6046    i.__scatterload_null  mc_w.l(handlers.o)
    0x080147a0   0x080147a0   0x0000000e   Code   RO         6047    i.__scatterload_zeroinit  mc_w.l(handlers.o)
    0x080147ae   0x080147ae   0x00000002   PAD
    0x080147b0   0x080147b0   0x0000000c   Code   RO         6021    i.__set_errno       mc_w.l(errno.o)
    0x080147bc   0x080147bc   0x00000404   Code   RO         5888    i._printf_core      mc_w.l(printf8.o)
    0x08014bc0   0x08014bc0   0x00000024   Code   RO         5889    i._printf_post_padding  mc_w.l(printf8.o)
    0x08014be4   0x08014be4   0x0000002e   Code   RO         5890    i._printf_pre_padding  mc_w.l(printf8.o)
    0x08014c12   0x08014c12   0x0000000a   Code   RO         5892    i._sputc            mc_w.l(printf8.o)
    0x08014c1c   0x08014c1c   0x0000000c   Code   RO         3995    i.abs1              lt768_demo.o
    0x08014c28   0x08014c28   0x0000009c   Code   RO         5653    i.cos               m_ws.l(cos.o)
    0x08014cc4   0x08014cc4   0x00000044   Code   RO          108    i.delay_init        delay.o
    0x08014d08   0x08014d08   0x0000004c   Code   RO          109    i.delay_ms          delay.o
    0x08014d54   0x08014d54   0x0000004c   Code   RO          110    i.delay_us          delay.o
    0x08014da0   0x08014da0   0x0000001c   Code   RO          217    i.fputc             usart.o
    0x08014dbc   0x08014dbc   0x00000020   Code   RO         3886    i.gt911_Scan        gt911.o
    0x08014ddc   0x08014ddc   0x0000004c   Code   RO            1    i.main              main.o
    0x08014e28   0x08014e28   0x000000a0   Code   RO         5661    i.sin               m_ws.l(sin.o)
    0x08014ec8   0x08014ec8   0x00000078   Code   RO          218    i.uart_init         usart.o
    0x08014f40   0x08014f40   0x00000400   Data   RO         3997    .constdata          lt768_demo.o
    0x08015340   0x08015340   0x00000030   Data   RO         5966    .constdata          m_ws.l(cos_i.o)
    0x08015370   0x08015370   0x000000c8   Data   RO         5984    .constdata          m_ws.l(rred.o)
    0x08015438   0x08015438   0x00000028   Data   RO         5988    .constdata          m_ws.l(sin_i.o)
    0x08015460   0x08015460   0x000001a8   Data   RO         3998    .conststring        lt768_demo.o
    0x08015608   0x08015608   0x00000020   Data   RO         6043    Region$$Table       anon$$obj.o


    Execution Region RW_IRAM1 (Exec base: 0x20000000, Load base: 0x08015628, Size: 0x000023e8, Max: 0x0000c000, ABSOLUTE, COMPRESSED[0x00000108])

    Exec Addr    Load Addr    Size         Type   Attr      Idx    E Section Name        Object

    0x20000000   COMPRESSED   0x00000004   Data   RW          111    .data               delay.o
    0x20000004   COMPRESSED   0x00000004   Data   RW          219    .data               usart.o
    0x20000008   COMPRESSED   0x00000001   Data   RW          252    .data               key.o
    0x20000009   COMPRESSED   0x00000011   Data   RW         3198    .data               lt768_lib.o
    0x2000001a   COMPRESSED   0x00000009   Data   RW         3888    .data               gt911.o
    0x20000023   COMPRESSED   0x00000001   PAD
    0x20000024   COMPRESSED   0x00000138   Data   RW         3999    .data               lt768_demo.o
    0x2000015c   COMPRESSED   0x00000014   Data   RW         4318    .data               system_stm32f10x.o
    0x20000170   COMPRESSED   0x00000014   Data   RW         4671    .data               stm32f10x_rcc.o
    0x20000184   COMPRESSED   0x00000004   Data   RW         5672    .data               mc_w.l(rand.o)
    0x20000188   COMPRESSED   0x00000004   Data   RW         6022    .data               mc_w.l(errno.o)
    0x2000018c        -       0x00000020   Zero   RW         3887    .bss                gt911.o
    0x200001ac        -       0x00001238   Zero   RW         3996    .bss                lt768_demo.o
    0x200013e4   COMPRESSED   0x00000004   PAD
    0x200013e8        -       0x00001000   Zero   RW         4361    STACK               stm32f10x.o


==============================================================================

Image component sizes


      Code (inc. data)   RO Data    RW Data    ZI Data      Debug   Object Name

       220         26          0          4          0     236983   delay.o
      2012        158          0          9         32       8576   gt911.o
       524         38          0          0          0       5913   if_port.o
       140         10          0          1          0       1344   key.o
      5678          0          0          0          0      96604   lt768.o
     31366       3070       1448        312       4664      48627   lt768_demo.o
      5470         66          0         17          0      49659   lt768_lib.o
        76          0          0          0          0     225898   main.o
       192         30          0          0          0       2903   misc.o
        28          4        236          0       4096        844   stm32f10x.o
       200         18          0          0          0       4604   stm32f10x_exti.o
       386          4          0          0          0       5287   stm32f10x_gpio.o
       276         32          0         20          0       4750   stm32f10x_rcc.o
        84          0          0          0          0       2365   stm32f10x_spi.o
       240          6          0          0          0       3077   stm32f10x_usart.o
         4          0          0          0          0        454   sys.o
       328         28          0         20          0       2485   system_stm32f10x.o
       148         12          0          4          0       3226   usart.o

    ----------------------------------------------------------------------
     47414       3502       1716        388       8796     703599   Object Totals
         0          0         32          0          0          0   (incl. Generated)
        42          0          0          1          4          0   (incl. Padding)

    ----------------------------------------------------------------------

      Code (inc. data)   RO Data    RW Data    ZI Data      Debug   Library Member Name

       156          8          0          0          0        104   cos.o
       252         22         48          0          0        124   cos_i.o
        34          6          0          0          0        204   dunder.o
        40          0          0          0          0         68   fpclassify.o
       170          0          0          0          0         96   poly.o
       904         76        200          0          0        140   rred.o
       160         10          0          0          0        108   sin.o
       236         12         40          0          0        128   sin_i.o
        86          0          0          0          0          0   __dczerorl2.o
         0          0          0          0          0          0   entry.o
         0          0          0          0          0          0   entry10a.o
         0          0          0          0          0          0   entry11a.o
         4          0          0          0          0          0   entry12b.o
         8          4          0          0          0          0   entry2.o
         4          0          0          0          0          0   entry5.o
         0          0          0          0          0          0   entry7b.o
         0          0          0          0          0          0   entry8b.o
         8          4          0          0          0          0   entry9a.o
        12          6          0          4          0         68   errno.o
        30          0          0          0          0          0   handlers.o
        36          8          0          0          0         68   init.o
         0          0          0          0          0          0   iusefp.o
        30          0          0          0          0         68   llshl.o
        36          0          0          0          0         68   llsshr.o
        32          0          0          0          0         68   llushr.o
      1192         60          0          0          0        504   printf8.o
        36         10          0          4          0        136   rand.o
        98          0          0          0          0         92   uldiv.o
        48          0          0          0          0         68   cdcmple.o
        48          0          0          0          0         68   cdrcmple.o
        20          0          0          0          0         68   cfcmple.o
        56          0          0          0          0         88   d2f.o
       334          0          0          0          0        148   dadd.o
       222          0          0          0          0        100   ddiv.o
       186          0          0          0          0        176   depilogue.o
        62          0          0          0          0         80   dfixi.o
        50          0          0          0          0         76   dfixui.o
        34          0          0          0          0         76   dflti.o
        26          0          0          0          0         76   dfltui.o
       228          0          0          0          0         96   dmul.o
        46          0          0          0          0         80   dscalb.o
        38          0          0          0          0         68   f2d.o
       176          0          0          0          0        140   fadd.o
       110          0          0          0          0        168   fepilogue.o
        40          0          0          0          0         68   ffixui.o
        10          0          0          0          0         68   ffltui.o
       100          0          0          0          0         76   fmul.o

    ----------------------------------------------------------------------
      5406        226        288          8          0       3832   Library Totals
         8          0          0          0          0          0   (incl. Padding)

    ----------------------------------------------------------------------

      Code (inc. data)   RO Data    RW Data    ZI Data      Debug   Library Name

      1952        134        288          0          0        972   m_ws.l
      1612         92          0          8          0       1072   mc_w.l
      1834          0          0          0          0       1788   mf_w.l

    ----------------------------------------------------------------------
      5406        226        288          8          0       3832   Library Totals

    ----------------------------------------------------------------------

==============================================================================


      Code (inc. data)   RO Data    RW Data    ZI Data      Debug   

     52820       3728       2004        396       8796     687955   Grand Totals
     52820       3728       2004        264       8796     687955   ELF Image Totals (compressed)
     52820       3728       2004        264          0          0   ROM Totals

==============================================================================

    Total RO  Size (Code + RO Data)                54824 (  53.54kB)
    Total RW  Size (RW Data + ZI Data)              9192 (   8.98kB)
    Total ROM Size (Code + RO Data + RW Data)      55088 (  53.80kB)

==============================================================================

